Archive member included to satisfy reference by file (symbol)

mbot/libmbotlib.a(motor.c.obj)
                              CMakeFiles/mbot_classic_motor_test.dir/tests/mbot_classic_motor_test.c.obj (mbot_motor_init_freq)
/usr/lib/gcc/arm-none-eabi/12.2.1/thumb/v6-m/nofp/libgcc.a(_dvmd_tls.o)
                              CMakeFiles/mbot_classic_motor_test.dir/lib/pico-sdk/src/rp2_common/pico_divider/divider.S.obj (__aeabi_idiv0)
/usr/lib/gcc/arm-none-eabi/12.2.1/../../../arm-none-eabi/lib/thumb/v6-m/nofp/libc.a(lib_a-atexit.o)
                              /usr/lib/gcc/arm-none-eabi/12.2.1/../../../arm-none-eabi/lib/thumb/v6-m/nofp/crt0.o (atexit)
/usr/lib/gcc/arm-none-eabi/12.2.1/../../../arm-none-eabi/lib/thumb/v6-m/nofp/libc.a(lib_a-calloc.o)
                              CMakeFiles/mbot_classic_motor_test.dir/lib/pico-sdk/src/rp2_common/pico_malloc/pico_malloc.c.obj (calloc)
/usr/lib/gcc/arm-none-eabi/12.2.1/../../../arm-none-eabi/lib/thumb/v6-m/nofp/libc.a(lib_a-callocr.o)
                              /usr/lib/gcc/arm-none-eabi/12.2.1/../../../arm-none-eabi/lib/thumb/v6-m/nofp/libc.a(lib_a-calloc.o) (_calloc_r)
/usr/lib/gcc/arm-none-eabi/12.2.1/../../../arm-none-eabi/lib/thumb/v6-m/nofp/libc.a(lib_a-fini.o)
                              /usr/lib/gcc/arm-none-eabi/12.2.1/../../../arm-none-eabi/lib/thumb/v6-m/nofp/crt0.o (__libc_fini_array)
/usr/lib/gcc/arm-none-eabi/12.2.1/../../../arm-none-eabi/lib/thumb/v6-m/nofp/libc.a(lib_a-fwrite.o)
                              mbot/libmbotlib.a(motor.c.obj) (fwrite)
/usr/lib/gcc/arm-none-eabi/12.2.1/../../../arm-none-eabi/lib/thumb/v6-m/nofp/libc.a(lib_a-impure.o)
                              mbot/libmbotlib.a(motor.c.obj) (_impure_ptr)
/usr/lib/gcc/arm-none-eabi/12.2.1/../../../arm-none-eabi/lib/thumb/v6-m/nofp/libc.a(lib_a-init.o)
                              /usr/lib/gcc/arm-none-eabi/12.2.1/../../../arm-none-eabi/lib/thumb/v6-m/nofp/crt0.o (__libc_init_array)
/usr/lib/gcc/arm-none-eabi/12.2.1/../../../arm-none-eabi/lib/thumb/v6-m/nofp/libc.a(lib_a-malloc.o)
                              CMakeFiles/mbot_classic_motor_test.dir/lib/pico-sdk/src/rp2_common/pico_malloc/pico_malloc.c.obj (malloc)
/usr/lib/gcc/arm-none-eabi/12.2.1/../../../arm-none-eabi/lib/thumb/v6-m/nofp/libc.a(lib_a-mallocr.o)
                              /usr/lib/gcc/arm-none-eabi/12.2.1/../../../arm-none-eabi/lib/thumb/v6-m/nofp/libc.a(lib_a-callocr.o) (_malloc_r)
/usr/lib/gcc/arm-none-eabi/12.2.1/../../../arm-none-eabi/lib/thumb/v6-m/nofp/libc.a(lib_a-mlock.o)
                              /usr/lib/gcc/arm-none-eabi/12.2.1/../../../arm-none-eabi/lib/thumb/v6-m/nofp/libc.a(lib_a-mallocr.o) (__malloc_lock)
/usr/lib/gcc/arm-none-eabi/12.2.1/../../../arm-none-eabi/lib/thumb/v6-m/nofp/libc.a(lib_a-realloc.o)
                              CMakeFiles/mbot_classic_motor_test.dir/lib/pico-sdk/src/rp2_common/pico_malloc/pico_malloc.c.obj (realloc)
/usr/lib/gcc/arm-none-eabi/12.2.1/../../../arm-none-eabi/lib/thumb/v6-m/nofp/libc.a(lib_a-reallocr.o)
                              /usr/lib/gcc/arm-none-eabi/12.2.1/../../../arm-none-eabi/lib/thumb/v6-m/nofp/libc.a(lib_a-realloc.o) (_realloc_r)
/usr/lib/gcc/arm-none-eabi/12.2.1/../../../arm-none-eabi/lib/thumb/v6-m/nofp/libc.a(lib_a-sbrkr.o)
                              /usr/lib/gcc/arm-none-eabi/12.2.1/../../../arm-none-eabi/lib/thumb/v6-m/nofp/libc.a(lib_a-mallocr.o) (_sbrk_r)
/usr/lib/gcc/arm-none-eabi/12.2.1/../../../arm-none-eabi/lib/thumb/v6-m/nofp/libc.a(lib_a-strlen-stub.o)
                              CMakeFiles/mbot_classic_motor_test.dir/lib/pico-sdk/src/rp2_common/pico_stdio/stdio.c.obj (strlen)
/usr/lib/gcc/arm-none-eabi/12.2.1/../../../arm-none-eabi/lib/thumb/v6-m/nofp/libc.a(lib_a-__atexit.o)
                              /usr/lib/gcc/arm-none-eabi/12.2.1/../../../arm-none-eabi/lib/thumb/v6-m/nofp/libc.a(lib_a-atexit.o) (__register_exitproc)
/usr/lib/gcc/arm-none-eabi/12.2.1/../../../arm-none-eabi/lib/thumb/v6-m/nofp/libc.a(lib_a-findfp.o)
                              /usr/lib/gcc/arm-none-eabi/12.2.1/../../../arm-none-eabi/lib/thumb/v6-m/nofp/libc.a(lib_a-fwrite.o) (__sinit)
/usr/lib/gcc/arm-none-eabi/12.2.1/../../../arm-none-eabi/lib/thumb/v6-m/nofp/libc.a(lib_a-freer.o)
                              /usr/lib/gcc/arm-none-eabi/12.2.1/../../../arm-none-eabi/lib/thumb/v6-m/nofp/libc.a(lib_a-malloc.o) (_free_r)
/usr/lib/gcc/arm-none-eabi/12.2.1/../../../arm-none-eabi/lib/thumb/v6-m/nofp/libc.a(lib_a-fvwrite.o)
                              /usr/lib/gcc/arm-none-eabi/12.2.1/../../../arm-none-eabi/lib/thumb/v6-m/nofp/libc.a(lib_a-fwrite.o) (__sfvwrite_r)
/usr/lib/gcc/arm-none-eabi/12.2.1/../../../arm-none-eabi/lib/thumb/v6-m/nofp/libc.a(lib_a-fwalk.o)
                              /usr/lib/gcc/arm-none-eabi/12.2.1/../../../arm-none-eabi/lib/thumb/v6-m/nofp/libc.a(lib_a-findfp.o) (_fwalk)
/usr/lib/gcc/arm-none-eabi/12.2.1/../../../arm-none-eabi/lib/thumb/v6-m/nofp/libc.a(lib_a-memchr-stub.o)
[...]
Memory Configuration

Name             Origin             Length             Attributes
FLASH            0x10000000         0x00200000         xr
RAM              0x20000000         0x00040000         xrw
SCRATCH_X        0x20040000         0x00001000         xrw
SCRATCH_Y        0x20041000         0x00001000         xrw
*default*        0x00000000         0xffffffff

Linker script and memory map

LOAD /usr/lib/gcc/arm-none-eabi/12.2.1/thumb/v6-m/nofp/crti.o
LOAD /usr/lib/gcc/arm-none-eabi/12.2.1/thumb/v6-m/nofp/crtbegin.o
LOAD /usr/lib/gcc/arm-none-eabi/12.2.1/../../../arm-none-eabi/lib/thumb/v6-m/nofp/crt0.o

.flash_begin    0x10000000        0x0
                0x10000000                        __flash_binary_start = .

.boot2          0x10000000      0x100
                0x10000000                        __boot2_start__ = .
 *(.boot2)
 .boot2         0x10000000      0x100 /tmp/ccYNwgRY.o
                0x10000100                        __boot2_end__ = .
                0x00000001                        ASSERT (((__boot2_end__ - __boot2_start__) == 0x100), ERROR: Pico second stage bootloader must be 256 bytes in size)

.text           0x10000100     0x9670
                0x10000100                        __logical_binary_start = .
 *(.vectors)
 .vectors       0x10000100       0xd4 CMakeFiles/mbot_classic_motor_test.dir/lib/pico-sdk/src/rp2_common/pico_standard_link/crt0.S.obj
                0x10000100                __vectors
                0x10000100                __VECTOR_TABLE
                0x100001c0                isr_invalid
                0x100001c0                __default_isrs_start
                0x100001c2                isr_nmi
                0x100001c4                isr_hardfault
                0x100001c6                isr_svcall
                0x100001c8                isr_pendsv
                0x100001ca                isr_systick
                0x100001cc                isr_irq30
                0x100001cc                __unhandled_user_irq
                0x100001cc                isr_irq13
                0x100001cc                isr_irq27
                0x100001cc                isr_irq31
                0x100001cc                isr_irq5
                0x100001cc                isr_irq11
                0x100001cc                isr_irq23
                0x100001cc                isr_irq18
                0x100001cc                isr_irq28
                0x100001cc                isr_irq19
                0x100001cc                isr_irq0
                0x100001cc                isr_irq6
                0x100001cc                isr_irq22
                0x100001cc                isr_irq17
                0x100001cc                isr_irq14
                0x100001cc                isr_irq2
                0x100001cc                isr_irq10
                0x100001cc                isr_irq8
                0x100001cc                isr_irq24
                0x100001cc                isr_irq1
                0x100001cc                isr_irq7
                0x100001cc                isr_irq21
                0x100001cc                isr_irq20
                0x100001cc                isr_irq15
                0x100001cc                isr_irq25
                0x100001cc                isr_irq4
                0x100001cc                isr_irq16
                0x100001cc                isr_irq29
                0x100001cc                isr_irq26
                0x100001cc                __default_isrs_end
                0x100001cc                isr_irq3
                0x100001cc                isr_irq12
                0x100001cc                isr_irq9
                0x100001d2                unhandled_user_irq_num_in_r0
 *(.binary_info_header)
 .binary_info_header
                0x100001d4       0x14 CMakeFiles/mbot_classic_motor_test.dir/lib/pico-sdk/src/rp2_common/pico_standard_link/crt0.S.obj
                0x100001e8                        __binary_info_header_end = .
 *(.reset)
 .reset         0x100001e8       0xa8 CMakeFiles/mbot_classic_motor_test.dir/lib/pico-sdk/src/rp2_common/pico_standard_link/crt0.S.obj
                0x100001e8                _entry_point
                0x10000266                __get_current_exception
 .reset         0x10000290       0x30 CMakeFiles/mbot_classic_motor_test.dir/lib/pico-sdk/src/rp2_common/pico_standard_link/binary_info.c.obj
 *(.init)
 .init          0x100002c0        0x4 /usr/lib/gcc/arm-none-eabi/12.2.1/thumb/v6-m/nofp/crti.o
                0x100002c0                _init
 *(EXCLUDE_FILE(*libm.a: *libc.a:*lib_a-mem*.o *libgcc.a:) .text*)
 .text          0x100002c4       0x98 /usr/lib/gcc/arm-none-eabi/12.2.1/thumb/v6-m/nofp/crtbegin.o
 .text.mbot_init_pico
                0x1000035c       0x4c CMakeFiles/mbot_classic_motor_test.dir/tests/mbot_classic_motor_test.c.obj
                0x1000035c                mbot_init_pico
 .text.drive_motor_up_down
                0x100003a8      0x100 CMakeFiles/mbot_classic_motor_test.dir/tests/mbot_classic_motor_test.c.obj
                0x100003a8                drive_motor_up_down
 .text.startup.main
                0x100004a8       0xb4 CMakeFiles/mbot_classic_motor_test.dir/tests/mbot_classic_motor_test.c.obj
                0x100004a8                main
 .text.set_sys_clock_pll
                0x1000055c       0x78 CMakeFiles/mbot_classic_motor_test.dir/lib/pico-sdk/src/rp2_common/pico_stdlib/stdlib.c.obj
                0x1000055c                set_sys_clock_pll
 .text.check_sys_clock_khz
                0x100005d4      0x20c CMakeFiles/mbot_classic_motor_test.dir/lib/pico-sdk/src/rp2_common/pico_stdlib/stdlib.c.obj
                0x100005d4                check_sys_clock_khz
 .text.gpio_set_function
                0x100007e0       0x30 CMakeFiles/mbot_classic_motor_test.dir/lib/pico-sdk/src/rp2_common/hardware_gpio/gpio.c.obj
                0x100007e0                gpio_set_function
 .text.gpio_get_function
                0x10000810       0x14 CMakeFiles/mbot_classic_motor_test.dir/lib/pico-sdk/src/rp2_common/hardware_gpio/gpio.c.obj
                0x10000810                gpio_get_function
 .text.gpio_init
                0x10000824       0x3c CMakeFiles/mbot_classic_motor_test.dir/lib/pico-sdk/src/rp2_common/hardware_gpio/gpio.c.obj
                0x10000824                gpio_init
 .text.hw_claim_or_assert
                0x10000860       0x44 CMakeFiles/mbot_classic_motor_test.dir/lib/pico-sdk/src/rp2_common/hardware_claim/claim.c.obj
                0x10000860                hw_claim_or_assert
 .text.hw_claim_unused_from_range
                0x100008a4       0x9c CMakeFiles/mbot_classic_motor_test.dir/lib/pico-sdk/src/rp2_common/hardware_claim/claim.c.obj
                0x100008a4                hw_claim_unused_from_range
 .text.running_on_fpga
                0x10000940       0x10 CMakeFiles/mbot_classic_motor_test.dir/lib/pico-sdk/src/rp2_common/pico_platform/platform.c.obj
                0x10000940                running_on_fpga
 .text.spin_locks_reset
                0x10000950       0x1c CMakeFiles/mbot_classic_motor_test.dir/lib/pico-sdk/src/rp2_common/hardware_sync/sync.c.obj
                0x10000950                spin_locks_reset
 .text.next_striped_spin_lock_num
                0x1000096c       0x18 CMakeFiles/mbot_classic_motor_test.dir/lib/pico-sdk/src/rp2_common/hardware_sync/sync.c.obj
                0x1000096c                next_striped_spin_lock_num
 .text.spin_lock_claim_unused
                0x10000984       0x24 CMakeFiles/mbot_classic_motor_test.dir/lib/pico-sdk/src/rp2_common/hardware_sync/sync.c.obj
                0x10000984                spin_lock_claim_unused
 .text.irq_set_enabled
                0x100009a8       0x24 CMakeFiles/mbot_classic_motor_test.dir/lib/pico-sdk/src/rp2_common/hardware_irq/irq.c.obj
                0x100009a8                irq_set_enabled
 .text.irq_set_pending
                0x100009cc       0x10 CMakeFiles/mbot_classic_motor_test.dir/lib/pico-sdk/src/rp2_common/hardware_irq/irq.c.obj
                0x100009cc                irq_set_pending
 .text.irq_has_shared_handler
                0x100009dc       0x2c CMakeFiles/mbot_classic_motor_test.dir/lib/pico-sdk/src/rp2_common/hardware_irq/irq.c.obj
                0x100009dc                irq_has_shared_handler
 .text.irq_get_vtable_handler
                0x10000a08       0x10 CMakeFiles/mbot_classic_motor_test.dir/lib/pico-sdk/src/rp2_common/hardware_irq/irq.c.obj
                0x10000a08                irq_get_vtable_handler
 .text.irq_set_exclusive_handler
                0x10000a18       0x54 CMakeFiles/mbot_classic_motor_test.dir/lib/pico-sdk/src/rp2_common/hardware_irq/irq.c.obj
                0x10000a18                irq_set_exclusive_handler
 .text.irq_add_shared_handler
                0x10000a6c      0x1f4 CMakeFiles/mbot_classic_motor_test.dir/lib/pico-sdk/src/rp2_common/hardware_irq/irq.c.obj
                0x10000a6c                irq_add_shared_handler
 .text.irq_remove_handler
                0x10000c60      0x1cc CMakeFiles/mbot_classic_motor_test.dir/lib/pico-sdk/src/rp2_common/hardware_irq/irq.c.obj
                0x10000c60                irq_remove_handler
 .text.irq_add_tail_to_free_list
                0x10000e2c       0xb4 CMakeFiles/mbot_classic_motor_test.dir/lib/pico-sdk/src/rp2_common/hardware_irq/irq.c.obj
                0x10000e2c                irq_add_tail_to_free_list
 .text.irq_init_priorities
                0x10000ee0       0x24 CMakeFiles/mbot_classic_motor_test.dir/lib/pico-sdk/src/rp2_common/hardware_irq/irq.c.obj
                0x10000ee0                irq_init_priorities
 .text.user_irq_claim_unused
                0x10000f04       0x30 CMakeFiles/mbot_classic_motor_test.dir/lib/pico-sdk/src/rp2_common/hardware_irq/irq.c.obj
                0x10000f04                user_irq_claim_unused
 .text.lock_init
                0x10000f34       0x10 CMakeFiles/mbot_classic_motor_test.dir/lib/pico-sdk/src/common/pico_sync/lock_core.c.obj
                0x10000f34                lock_init
 .text.timer_pool_entry_comparator
                0x10000f44       0x34 CMakeFiles/mbot_classic_motor_test.dir/lib/pico-sdk/src/common/pico_time/time.c.obj
                0x10000f44                timer_pool_entry_comparator
 .text.sleep_until_callback
                0x10000f78       0x30 CMakeFiles/mbot_classic_motor_test.dir/lib/pico-sdk/src/common/pico_time/time.c.obj
 .text.add_alarm_under_lock.isra.0
                0x10000fa8      0x100 CMakeFiles/mbot_classic_motor_test.dir/lib/pico-sdk/src/common/pico_time/time.c.obj
 .text.alarm_pool_alarm_callback
                0x100010a8      0x1c4 CMakeFiles/mbot_classic_motor_test.dir/lib/pico-sdk/src/common/pico_time/time.c.obj
 .text.alarm_pool_add_alarm_at.constprop.0
                0x1000126c      0x11c CMakeFiles/mbot_classic_motor_test.dir/lib/pico-sdk/src/common/pico_time/time.c.obj
 .text.alarm_pool_init_default
                0x10001388       0x64 CMakeFiles/mbot_classic_motor_test.dir/lib/pico-sdk/src/common/pico_time/time.c.obj
                0x10001388                alarm_pool_init_default
 .text.alarm_pool_get_default
                0x100013ec        0x8 CMakeFiles/mbot_classic_motor_test.dir/lib/pico-sdk/src/common/pico_time/time.c.obj
                0x100013ec                alarm_pool_get_default
 .text.alarm_pool_add_alarm_at
                0x100013f4      0x19c CMakeFiles/mbot_classic_motor_test.dir/lib/pico-sdk/src/common/pico_time/time.c.obj
                0x100013f4                alarm_pool_add_alarm_at
 .text.sleep_until
                0x10001590       0xac CMakeFiles/mbot_classic_motor_test.dir/lib/pico-sdk/src/common/pico_time/time.c.obj
                0x10001590                sleep_until
 .text.sleep_ms
                0x1000163c       0x38 CMakeFiles/mbot_classic_motor_test.dir/lib/pico-sdk/src/common/pico_time/time.c.obj
                0x1000163c                sleep_ms
 .text.best_effort_wfe_or_timeout
                0x10001674       0xd0 CMakeFiles/mbot_classic_motor_test.dir/lib/pico-sdk/src/common/pico_time/time.c.obj
                0x10001674                best_effort_wfe_or_timeout
 .text.hardware_alarm_irq_handler
                0x10001744       0xb8 CMakeFiles/mbot_classic_motor_test.dir/lib/pico-sdk/src/rp2_common/hardware_timer/timer.c.obj
 .text.hardware_alarm_claim
                0x100017fc       0x18 CMakeFiles/mbot_classic_motor_test.dir/lib/pico-sdk/src/rp2_common/hardware_timer/timer.c.obj
                0x100017fc                hardware_alarm_claim
 .text.time_us_64
                0x10001814       0x14 CMakeFiles/mbot_classic_motor_test.dir/lib/pico-sdk/src/rp2_common/hardware_timer/timer.c.obj
                0x10001814                time_us_64
 .text.busy_wait_us
                0x10001828       0x68 CMakeFiles/mbot_classic_motor_test.dir/lib/pico-sdk/src/rp2_common/hardware_timer/timer.c.obj
                0x10001828                busy_wait_us
 .text.busy_wait_until
                0x10001890       0x20 CMakeFiles/mbot_classic_motor_test.dir/lib/pico-sdk/src/rp2_common/hardware_timer/timer.c.obj
                0x10001890                busy_wait_until
 .text.hardware_alarm_set_callback
                0x100018b0       0x8c CMakeFiles/mbot_classic_motor_test.dir/lib/pico-sdk/src/rp2_common/hardware_timer/timer.c.obj
                0x100018b0                hardware_alarm_set_callback
 .text.hardware_alarm_set_target
                0x1000193c       0xdc CMakeFiles/mbot_classic_motor_test.dir/lib/pico-sdk/src/rp2_common/hardware_timer/timer.c.obj
                0x1000193c                hardware_alarm_set_target
 .text.hardware_alarm_cancel
                0x10001a18       0x3c CMakeFiles/mbot_classic_motor_test.dir/lib/pico-sdk/src/rp2_common/hardware_timer/timer.c.obj
                0x10001a18                hardware_alarm_cancel
 .text.ph_merge_nodes
                0x10001a54       0x64 CMakeFiles/mbot_classic_motor_test.dir/lib/pico-sdk/src/common/pico_util/pheap.c.obj
 .text.ph_post_alloc_init
                0x10001ab8       0x3c CMakeFiles/mbot_classic_motor_test.dir/lib/pico-sdk/src/common/pico_util/pheap.c.obj
                0x10001ab8                ph_post_alloc_init
 .text.ph_merge_two_pass
                0x10001af4       0x98 CMakeFiles/mbot_classic_motor_test.dir/lib/pico-sdk/src/common/pico_util/pheap.c.obj
                0x10001af4                ph_merge_two_pass
 .text.ph_remove_any_head
                0x10001b8c      0x12c CMakeFiles/mbot_classic_motor_test.dir/lib/pico-sdk/src/common/pico_util/pheap.c.obj
 .text.ph_remove_head
                0x10001cb8      0x130 CMakeFiles/mbot_classic_motor_test.dir/lib/pico-sdk/src/common/pico_util/pheap.c.obj
                0x10001cb8                ph_remove_head
 .text.ph_remove_and_free_node
                0x10001de8       0x78 CMakeFiles/mbot_classic_motor_test.dir/lib/pico-sdk/src/common/pico_util/pheap.c.obj
                0x10001de8                ph_remove_and_free_node
 .text.mutex_init
                0x10001e60       0x1c CMakeFiles/mbot_classic_motor_test.dir/lib/pico-sdk/src/common/pico_sync/mutex.c.obj
                0x10001e60                mutex_init
 .text.recursive_mutex_init
                0x10001e7c       0x1c CMakeFiles/mbot_classic_motor_test.dir/lib/pico-sdk/src/common/pico_sync/mutex.c.obj
                0x10001e7c                recursive_mutex_init
 .text.critical_section_init
                0x10001e98       0x1c CMakeFiles/mbot_classic_motor_test.dir/lib/pico-sdk/src/common/pico_sync/critical_section.c.obj
                0x10001e98                critical_section_init
 .text.runtime_init
                0x10001eb4       0xf0 CMakeFiles/mbot_classic_motor_test.dir/lib/pico-sdk/src/rp2_common/pico_runtime/runtime.c.obj
                0x10001eb4                runtime_init
 .text._sbrk    0x10001fa4       0x34 CMakeFiles/mbot_classic_motor_test.dir/lib/pico-sdk/src/rp2_common/pico_runtime/runtime.c.obj
                0x10001fa4                _sbrk
 .text.exit     0x10001fd8        0x4 CMakeFiles/mbot_classic_motor_test.dir/lib/pico-sdk/src/rp2_common/pico_runtime/runtime.c.obj
                0x10001fd8                exit
 .text.panic    0x10001fdc       0x30 CMakeFiles/mbot_classic_motor_test.dir/lib/pico-sdk/src/rp2_common/pico_runtime/runtime.c.obj
                0x10001fdc                panic
 .text.hard_assertion_failure
                0x1000200c        0xc CMakeFiles/mbot_classic_motor_test.dir/lib/pico-sdk/src/rp2_common/pico_runtime/runtime.c.obj
                0x1000200c                hard_assertion_failure
 .text.clock_configure
                0x10002018      0x110 CMakeFiles/mbot_classic_motor_test.dir/lib/pico-sdk/src/rp2_common/hardware_clocks/clocks.c.obj
                0x10002018                clock_configure
 .text.clocks_init
                0x10002128      0x2b4 CMakeFiles/mbot_classic_motor_test.dir/lib/pico-sdk/src/rp2_common/hardware_clocks/clocks.c.obj
                0x10002128                clocks_init
 .text.clock_get_hz
                0x100023dc        0xc CMakeFiles/mbot_classic_motor_test.dir/lib/pico-sdk/src/rp2_common/hardware_clocks/clocks.c.obj
                0x100023dc                clock_get_hz
 .text.pll_init
                0x100023e8       0xa8 CMakeFiles/mbot_classic_motor_test.dir/lib/pico-sdk/src/rp2_common/hardware_pll/pll.c.obj
                0x100023e8                pll_init
 .text.watchdog_start_tick
                0x10002490       0x10 CMakeFiles/mbot_classic_motor_test.dir/lib/pico-sdk/src/rp2_common/hardware_watchdog/watchdog.c.obj
                0x10002490                watchdog_start_tick
 .text.watchdog_reboot
                0x100024a0       0x9c CMakeFiles/mbot_classic_motor_test.dir/lib/pico-sdk/src/rp2_common/hardware_watchdog/watchdog.c.obj
                0x100024a0                watchdog_reboot
 .text.xosc_init
                0x1000253c       0x28 CMakeFiles/mbot_classic_motor_test.dir/lib/pico-sdk/src/rp2_common/hardware_xosc/xosc.c.obj
                0x1000253c                xosc_init
 .text._out_null
                0x10002564        0x4 CMakeFiles/mbot_classic_motor_test.dir/lib/pico-sdk/src/rp2_common/pico_printf/printf.c.obj
 .text._out_rev
                0x10002568       0x90 CMakeFiles/mbot_classic_motor_test.dir/lib/pico-sdk/src/rp2_common/pico_printf/printf.c.obj
 .text._ntoa_format
                0x100025f8      0x1f4 CMakeFiles/mbot_classic_motor_test.dir/lib/pico-sdk/src/rp2_common/pico_printf/printf.c.obj
 .text._out_char
                0x100027ec       0x10 CMakeFiles/mbot_classic_motor_test.dir/lib/pico-sdk/src/rp2_common/pico_printf/printf.c.obj
 .text._out_fct
                0x100027fc       0x10 CMakeFiles/mbot_classic_motor_test.dir/lib/pico-sdk/src/rp2_common/pico_printf/printf.c.obj
 .text._etoa    0x1000280c      0x454 CMakeFiles/mbot_classic_motor_test.dir/lib/pico-sdk/src/rp2_common/pico_printf/printf.c.obj
 .text._ftoa    0x10002c60      0x3c4 CMakeFiles/mbot_classic_motor_test.dir/lib/pico-sdk/src/rp2_common/pico_printf/printf.c.obj
 .text._vsnprintf
                0x10003024      0xb24 CMakeFiles/mbot_classic_motor_test.dir/lib/pico-sdk/src/rp2_common/pico_printf/printf.c.obj
 .text.vfctprintf
                0x10003b48       0x20 CMakeFiles/mbot_classic_motor_test.dir/lib/pico-sdk/src/rp2_common/pico_printf/printf.c.obj
                0x10003b48                vfctprintf
 .text.weak_raw_vprintf
                0x10003b68       0x30 CMakeFiles/mbot_classic_motor_test.dir/lib/pico-sdk/src/rp2_common/pico_printf/printf.c.obj
                0x10003b68                weak_raw_vprintf
 .text          0x10003b98       0x10 CMakeFiles/mbot_classic_motor_test.dir/lib/pico-sdk/src/rp2_common/pico_bit_ops/bit_ops_aeabi.S.obj
 .text.rom_func_lookup
                0x10003ba8       0x10 CMakeFiles/mbot_classic_motor_test.dir/lib/pico-sdk/src/rp2_common/pico_bootrom/bootrom.c.obj
                0x10003ba8                rom_func_lookup
 .text.rom_data_lookup
                0x10003bb8       0x10 CMakeFiles/mbot_classic_motor_test.dir/lib/pico-sdk/src/rp2_common/pico_bootrom/bootrom.c.obj
                0x10003bb8                rom_data_lookup
 .text.rom_funcs_lookup
                0x10003bc8       0x44 CMakeFiles/mbot_classic_motor_test.dir/lib/pico-sdk/src/rp2_common/pico_bootrom/bootrom.c.obj
                0x10003bc8                rom_funcs_lookup
 .text.__wrap___aeabi_idiv
                0x10003c0c       0x50 CMakeFiles/mbot_classic_motor_test.dir/lib/pico-sdk/src/rp2_common/pico_divider/divider.S.obj
                0x10003c0c                __wrap___aeabi_idivmod
                0x10003c0c                divmod_s32s32
                0x10003c0c                div_s32s32
                0x10003c0c                __wrap___aeabi_idiv
                0x10003c14                divmod_s32s32_unsafe
                0x10003c40                divmod_s32s32_savestate
 .text.__wrap___aeabi_uidiv
                0x10003c5c       0x4c CMakeFiles/mbot_classic_motor_test.dir/lib/pico-sdk/src/rp2_common/pico_divider/divider.S.obj
                0x10003c5c                __wrap___aeabi_uidiv
                0x10003c5c                __wrap___aeabi_uidivmod
                0x10003c5c                div_u32u32
                0x10003c5c                divmod_u32u32
                0x10003c64                divmod_u32u32_unsafe
                0x10003c8c                divmod_u32u32_savestate
 .text.__wrap___aeabi_ldiv
                0x10003ca8      0x434 CMakeFiles/mbot_classic_motor_test.dir/lib/pico-sdk/src/rp2_common/pico_divider/divider.S.obj
                0x10003ca8                div_s64s64
                0x10003ca8                divmod_s64s64
                0x10003ca8                __wrap___aeabi_ldivmod
                0x10003ce0                div_u64u64
                0x10003ce0                divmod_u64u64
                0x10003ce0                __wrap___aeabi_uldivmod
                0x10003cf0                divmod_u64u64_savestate
                0x10003d18                divmod_s64s64_unsafe
                0x10003da0                divmod_u64u64_unsafe
 .text.__wrap___aeabi_darithmetic
                0x100040dc       0x80 CMakeFiles/mbot_classic_motor_test.dir/lib/pico-sdk/src/rp2_common/pico_double/double_aeabi.S.obj
                0x100040dc                __wrap___aeabi_drsub
                0x100040e2                __wrap___aeabi_dsub
                0x100040f4                __wrap___aeabi_dadd
                0x10004106                __wrap___aeabi_ddiv
                0x10004142                __wrap___aeabi_dmul
 .text.__wrap___aeabi_cdcmple
                0x1000415c       0x6c CMakeFiles/mbot_classic_motor_test.dir/lib/pico-sdk/src/rp2_common/pico_double/double_aeabi.S.obj
                0x1000415c                __wrap___aeabi_cdrcmple
                0x1000416c                __wrap___aeabi_cdcmple
                0x1000416c                __wrap___aeabi_cdcmpeq
 .text.__wrap___aeabi_dcmplt
                0x100041c8        0xc CMakeFiles/mbot_classic_motor_test.dir/lib/pico-sdk/src/rp2_common/pico_double/double_aeabi.S.obj
                0x100041c8                __wrap___aeabi_dcmplt
 .text.__wrap___aeabi_dcmple
                0x100041d4       0x10 CMakeFiles/mbot_classic_motor_test.dir/lib/pico-sdk/src/rp2_common/pico_double/double_aeabi.S.obj
                0x100041d4                __wrap___aeabi_dcmple
 .text.__wrap___aeabi_dcmpge
                0x100041e4       0x10 CMakeFiles/mbot_classic_motor_test.dir/lib/pico-sdk/src/rp2_common/pico_double/double_aeabi.S.obj
                0x100041e4                __wrap___aeabi_dcmpge
 .text.__wrap___aeabi_dcmpgt
                0x100041f4        0xa CMakeFiles/mbot_classic_motor_test.dir/lib/pico-sdk/src/rp2_common/pico_double/double_aeabi.S.obj
                0x100041f4                __wrap___aeabi_dcmpgt
 .text.__wrap___aeabi_dcmpun
                0x100041fe       0x1c CMakeFiles/mbot_classic_motor_test.dir/lib/pico-sdk/src/rp2_common/pico_double/double_aeabi.S.obj
                0x100041fe                __wrap___aeabi_dcmpun
 *fill*         0x1000421a        0x2 
 .text.__wrap___aeabi_i2d
                0x1000421c       0x38 CMakeFiles/mbot_classic_motor_test.dir/lib/pico-sdk/src/rp2_common/pico_double/double_aeabi.S.obj
                0x1000421c                __wrap___aeabi_ui2d
                0x10004224                __wrap___aeabi_i2d
 .text.__wrap___aeabi_d2iz
                0x10004254       0x48 CMakeFiles/mbot_classic_motor_test.dir/lib/pico-sdk/src/rp2_common/pico_double/double_aeabi.S.obj
                0x10004254                __wrap___aeabi_d2iz
                0x10004254                double2int_z
 .text.__wrap___aeabi_d2uiz
                0x1000429c       0x18 CMakeFiles/mbot_classic_motor_test.dir/lib/pico-sdk/src/rp2_common/pico_double/double_aeabi.S.obj
                0x1000429c                double2uint
                0x1000429c                __wrap___aeabi_d2uiz
 .text.__wrap___aeabi_d2f
                0x100042b4       0x18 CMakeFiles/mbot_classic_motor_test.dir/lib/pico-sdk/src/rp2_common/pico_double/double_aeabi.S.obj
                0x100042b4                __wrap___aeabi_d2f
 .text.__aeabi_double_init
                0x100042cc       0x98 CMakeFiles/mbot_classic_motor_test.dir/lib/pico-sdk/src/rp2_common/pico_double/double_init_rom.c.obj
                0x100042cc                __aeabi_double_init
 .text.double_table_shim_on_use_helper
                0x10004364       0x2c CMakeFiles/mbot_classic_motor_test.dir/lib/pico-sdk/src/rp2_common/pico_double/double_v1_rom_shim.S.obj
                0x10004364                double_table_shim_on_use_helper
 .text.__wrap___aeabi_dsub
                0x10004390       0x10 CMakeFiles/mbot_classic_motor_test.dir/lib/pico-sdk/src/rp2_common/pico_double/double_v1_rom_shim.S.obj
                0x10004390                drsub_shim
                0x10004396                dsub_shim
 .text.dadd_shim
                0x100043a0      0x15c CMakeFiles/mbot_classic_motor_test.dir/lib/pico-sdk/src/rp2_common/pico_double/double_v1_rom_shim.S.obj
                0x100043a0                dadd_shim
 .text.dmul_shim
                0x100044fc      0x15c CMakeFiles/mbot_classic_motor_test.dir/lib/pico-sdk/src/rp2_common/pico_double/double_v1_rom_shim.S.obj
                0x100044fc                dmul_shim
 .text.ddiv_shim
                0x10004658      0x1b0 CMakeFiles/mbot_classic_motor_test.dir/lib/pico-sdk/src/rp2_common/pico_double/double_v1_rom_shim.S.obj
                0x10004658                ddiv_shim
 .text.double2uint_shim
                0x10004808        0xe CMakeFiles/mbot_classic_motor_test.dir/lib/pico-sdk/src/rp2_common/pico_double/double_v1_rom_shim.S.obj
                0x10004808                double2uint_shim
                0x1000480a                double2ufix_shim
 *fill*         0x10004816        0x2 
 .text.double2uint64_shim
                0x10004818       0x70 CMakeFiles/mbot_classic_motor_test.dir/lib/pico-sdk/src/rp2_common/pico_double/double_v1_rom_shim.S.obj
                0x10004818                double2uint64_shim
                0x1000481a                double2ufix64_shim
                0x1000483a                d2fix_a
 .text.double2float_shim
                0x10004888       0x5c CMakeFiles/mbot_classic_motor_test.dir/lib/pico-sdk/src/rp2_common/pico_double/double_v1_rom_shim.S.obj
                0x10004888                double2float_shim
 .text.dunpacks
                0x100048e4       0x3c CMakeFiles/mbot_classic_motor_test.dir/lib/pico-sdk/src/rp2_common/pico_double/double_v1_rom_shim.S.obj
                0x100048e4                dunpacks
 .text.__aeabi_lmul
                0x10004920       0x32 CMakeFiles/mbot_classic_motor_test.dir/lib/pico-sdk/src/rp2_common/pico_int64_ops/pico_int64_ops_aeabi.S.obj
                0x10004920                __wrap___aeabi_lmul
 *fill*         0x10004952        0x2 
 .text.__wrap___aeabi_farithmetic
                0x10004954       0x48 CMakeFiles/mbot_classic_motor_test.dir/lib/pico-sdk/src/rp2_common/pico_float/float_aeabi.S.obj
                0x10004954                __wrap___aeabi_frsub
                0x1000495a                __wrap___aeabi_fsub
                0x10004960                __wrap___aeabi_fadd
                0x10004966                __wrap___aeabi_fdiv
                0x1000498e                __wrap___aeabi_fmul
 .text.__wrap___aeabi_cfcmple
                0x1000499c       0x50 CMakeFiles/mbot_classic_motor_test.dir/lib/pico-sdk/src/rp2_common/pico_float/float_aeabi.S.obj
                0x1000499c                __wrap___aeabi_cfrcmple
                0x100049a8                __wrap___aeabi_cfcmpeq
                0x100049a8                __wrap___aeabi_cfcmple
 .text.__wrap___aeabi_fcmplt
                0x100049ec        0xc CMakeFiles/mbot_classic_motor_test.dir/lib/pico-sdk/src/rp2_common/pico_float/float_aeabi.S.obj
                0x100049ec                __wrap___aeabi_fcmplt
 .text.__wrap___aeabi_fcmpge
                0x100049f8       0x10 CMakeFiles/mbot_classic_motor_test.dir/lib/pico-sdk/src/rp2_common/pico_float/float_aeabi.S.obj
                0x100049f8                __wrap___aeabi_fcmpge
 .text.__wrap___aeabi_fcmpgt
                0x10004a08        0xa CMakeFiles/mbot_classic_motor_test.dir/lib/pico-sdk/src/rp2_common/pico_float/float_aeabi.S.obj
                0x10004a08                __wrap___aeabi_fcmpgt
 *fill*         0x10004a12        0x2 
 .text.__wrap___aeabi_i2f
                0x10004a14       0x44 CMakeFiles/mbot_classic_motor_test.dir/lib/pico-sdk/src/rp2_common/pico_float/float_aeabi.S.obj
                0x10004a14                __wrap___aeabi_i2f
 .text.__wrap___aeabi_f2uiz
                0x10004a58        0xc CMakeFiles/mbot_classic_motor_test.dir/lib/pico-sdk/src/rp2_common/pico_float/float_aeabi.S.obj
                0x10004a58                __wrap___aeabi_f2uiz
 .text.__wrap___aeabi_f2d
                0x10004a64       0x14 CMakeFiles/mbot_classic_motor_test.dir/lib/pico-sdk/src/rp2_common/pico_float/float_aeabi.S.obj
                0x10004a64                __wrap___aeabi_f2d
 .text.__aeabi_float_init
                0x10004a78       0x64 CMakeFiles/mbot_classic_motor_test.dir/lib/pico-sdk/src/rp2_common/pico_float/float_init_rom.c.obj
                0x10004a78                __aeabi_float_init
 .text.float_table_shim_on_use_helper
                0x10004adc       0x2c CMakeFiles/mbot_classic_motor_test.dir/lib/pico-sdk/src/rp2_common/pico_float/float_v1_rom_shim.S.obj
                0x10004adc                float_table_shim_on_use_helper
 .text.float2double_shim
                0x10004b08       0x30 CMakeFiles/mbot_classic_motor_test.dir/lib/pico-sdk/src/rp2_common/pico_float/float_v1_rom_shim.S.obj
                0x10004b08                float2double_shim
 .text          0x10004b38       0x10 CMakeFiles/mbot_classic_motor_test.dir/lib/pico-sdk/src/rp2_common/pico_mem_ops/mem_ops_aeabi.S.obj
                0x10004b38                __aeabi_mem_init
 .text.memset   0x10004b48        0xc CMakeFiles/mbot_classic_motor_test.dir/lib/pico-sdk/src/rp2_common/pico_mem_ops/mem_ops_aeabi.S.obj
                0x10004b48                __wrap_memset
 .text.memcpy   0x10004b54        0xc CMakeFiles/mbot_classic_motor_test.dir/lib/pico-sdk/src/rp2_common/pico_mem_ops/mem_ops_aeabi.S.obj
                0x10004b54                __wrap___aeabi_memcpy
                0x10004b54                __wrap_memcpy
 .text.stdio_out_chars_crlf
                0x10004b60       0xbc CMakeFiles/mbot_classic_motor_test.dir/lib/pico-sdk/src/rp2_common/pico_stdio/stdio.c.obj
 .text.stdio_buffered_printer
                0x10004c1c       0x64 CMakeFiles/mbot_classic_motor_test.dir/lib/pico-sdk/src/rp2_common/pico_stdio/stdio.c.obj
 .text.__wrap_putchar
                0x10004c80       0xa4 CMakeFiles/mbot_classic_motor_test.dir/lib/pico-sdk/src/rp2_common/pico_stdio/stdio.c.obj
                0x10004c80                __wrap_putchar
 .text.__wrap_puts
                0x10004d24       0xe8 CMakeFiles/mbot_classic_motor_test.dir/lib/pico-sdk/src/rp2_common/pico_stdio/stdio.c.obj
                0x10004d24                __wrap_puts
 .text._read    0x10004e0c       0x94 CMakeFiles/mbot_classic_motor_test.dir/lib/pico-sdk/src/rp2_common/pico_stdio/stdio.c.obj
                0x10004e0c                _read
 .text._write   0x10004ea0       0xec CMakeFiles/mbot_classic_motor_test.dir/lib/pico-sdk/src/rp2_common/pico_stdio/stdio.c.obj
                0x10004ea0                _write
 .text.stdio_set_driver_enabled
                0x10004f8c       0x30 CMakeFiles/mbot_classic_motor_test.dir/lib/pico-sdk/src/rp2_common/pico_stdio/stdio.c.obj
                0x10004f8c                stdio_set_driver_enabled
 .text.__wrap_vprintf
                0x10004fbc       0xd4 CMakeFiles/mbot_classic_motor_test.dir/lib/pico-sdk/src/rp2_common/pico_stdio/stdio.c.obj
                0x10004fbc                __wrap_vprintf
 .text.__wrap_printf
                0x10005090       0x18 CMakeFiles/mbot_classic_motor_test.dir/lib/pico-sdk/src/rp2_common/pico_stdio/stdio.c.obj
                0x10005090                __wrap_printf
 .text.stdio_init_all
                0x100050a8        0x8 CMakeFiles/mbot_classic_motor_test.dir/lib/pico-sdk/src/rp2_common/pico_stdio/stdio.c.obj
                0x100050a8                stdio_init_all
 .text.resetd_init
                0x100050b0        0x4 CMakeFiles/mbot_classic_motor_test.dir/lib/pico-sdk/src/rp2_common/pico_stdio_usb/reset_interface.c.obj
 .text.resetd_reset
                0x100050b4        0xc CMakeFiles/mbot_classic_motor_test.dir/lib/pico-sdk/src/rp2_common/pico_stdio_usb/reset_interface.c.obj
 .text.resetd_open
                0x100050c0       0x28 CMakeFiles/mbot_classic_motor_test.dir/lib/pico-sdk/src/rp2_common/pico_stdio_usb/reset_interface.c.obj
 .text.resetd_xfer_cb
                0x100050e8        0x4 CMakeFiles/mbot_classic_motor_test.dir/lib/pico-sdk/src/rp2_common/pico_stdio_usb/reset_interface.c.obj
 .text.resetd_control_xfer_cb
                0x100050ec       0x60 CMakeFiles/mbot_classic_motor_test.dir/lib/pico-sdk/src/rp2_common/pico_stdio_usb/reset_interface.c.obj
 .text.usbd_app_driver_get_cb
                0x1000514c        0xc CMakeFiles/mbot_classic_motor_test.dir/lib/pico-sdk/src/rp2_common/pico_stdio_usb/reset_interface.c.obj
                0x1000514c                usbd_app_driver_get_cb
 .text.tud_cdc_line_coding_cb
                0x10005158       0x34 CMakeFiles/mbot_classic_motor_test.dir/lib/pico-sdk/src/rp2_common/pico_stdio_usb/reset_interface.c.obj
                0x10005158                tud_cdc_line_coding_cb
 .text.stdio_usb_in_chars
                0x1000518c       0x68 CMakeFiles/mbot_classic_motor_test.dir/lib/pico-sdk/src/rp2_common/pico_stdio_usb/stdio_usb.c.obj
                0x1000518c                stdio_usb_in_chars
 .text.stdio_usb_out_chars
                0x100051f4       0xe8 CMakeFiles/mbot_classic_motor_test.dir/lib/pico-sdk/src/rp2_common/pico_stdio_usb/stdio_usb.c.obj
 .text.timer_task
                0x100052dc       0x18 CMakeFiles/mbot_classic_motor_test.dir/lib/pico-sdk/src/rp2_common/pico_stdio_usb/stdio_usb.c.obj
 .text.usb_irq  0x100052f4       0x10 CMakeFiles/mbot_classic_motor_test.dir/lib/pico-sdk/src/rp2_common/pico_stdio_usb/stdio_usb.c.obj
 .text.low_priority_worker_irq
                0x10005304       0x24 CMakeFiles/mbot_classic_motor_test.dir/lib/pico-sdk/src/rp2_common/pico_stdio_usb/stdio_usb.c.obj
 .text.stdio_usb_init
                0x10005328       0xb0 CMakeFiles/mbot_classic_motor_test.dir/lib/pico-sdk/src/rp2_common/pico_stdio_usb/stdio_usb.c.obj
                0x10005328                stdio_usb_init
 .text.tud_descriptor_device_cb
                0x100053d8        0x8 CMakeFiles/mbot_classic_motor_test.dir/lib/pico-sdk/src/rp2_common/pico_stdio_usb/stdio_usb_descriptors.c.obj
                0x100053d8                tud_descriptor_device_cb
 .text.tud_descriptor_configuration_cb
                0x100053e0        0x8 CMakeFiles/mbot_classic_motor_test.dir/lib/pico-sdk/src/rp2_common/pico_stdio_usb/stdio_usb_descriptors.c.obj
                0x100053e0                tud_descriptor_configuration_cb
 .text.tud_descriptor_string_cb
                0x100053e8       0x78 CMakeFiles/mbot_classic_motor_test.dir/lib/pico-sdk/src/rp2_common/pico_stdio_usb/stdio_usb_descriptors.c.obj
                0x100053e8                tud_descriptor_string_cb
 .text.dcd_rp2040_irq
                0x10005460      0x1d0 CMakeFiles/mbot_classic_motor_test.dir/lib/pico-sdk/lib/tinyusb/src/portable/raspberrypi/rp2040/dcd_rp2040.c.obj
 .text.dcd_int_enable
                0x10005630        0xc CMakeFiles/mbot_classic_motor_test.dir/lib/pico-sdk/lib/tinyusb/src/portable/raspberrypi/rp2040/dcd_rp2040.c.obj
                0x10005630                dcd_int_enable
 .text.dcd_set_address
                0x1000563c       0x14 CMakeFiles/mbot_classic_motor_test.dir/lib/pico-sdk/lib/tinyusb/src/portable/raspberrypi/rp2040/dcd_rp2040.c.obj
                0x1000563c                dcd_set_address
 .text.dcd_connect
                0x10005650       0x10 CMakeFiles/mbot_classic_motor_test.dir/lib/pico-sdk/lib/tinyusb/src/portable/raspberrypi/rp2040/dcd_rp2040.c.obj
                0x10005650                dcd_connect
 .text.dcd_init
                0x10005660       0xf0 CMakeFiles/mbot_classic_motor_test.dir/lib/pico-sdk/lib/tinyusb/src/portable/raspberrypi/rp2040/dcd_rp2040.c.obj
                0x10005660                dcd_init
 .text.dcd_edpt0_status_complete
                0x10005750       0x1c CMakeFiles/mbot_classic_motor_test.dir/lib/pico-sdk/lib/tinyusb/src/portable/raspberrypi/rp2040/dcd_rp2040.c.obj
                0x10005750                dcd_edpt0_status_complete
 .text.dcd_edpt_open
                0x1000576c       0xf0 CMakeFiles/mbot_classic_motor_test.dir/lib/pico-sdk/lib/tinyusb/src/portable/raspberrypi/rp2040/dcd_rp2040.c.obj
                0x1000576c                dcd_edpt_open
 .text.dcd_edpt_close_all
                0x1000585c       0x68 CMakeFiles/mbot_classic_motor_test.dir/lib/pico-sdk/lib/tinyusb/src/portable/raspberrypi/rp2040/dcd_rp2040.c.obj
                0x1000585c                dcd_edpt_close_all
 .text.dcd_edpt_xfer
                0x100058c4       0x24 CMakeFiles/mbot_classic_motor_test.dir/lib/pico-sdk/lib/tinyusb/src/portable/raspberrypi/rp2040/dcd_rp2040.c.obj
                0x100058c4                dcd_edpt_xfer
 .text.dcd_edpt_stall
                0x100058e8       0x38 CMakeFiles/mbot_classic_motor_test.dir/lib/pico-sdk/lib/tinyusb/src/portable/raspberrypi/rp2040/dcd_rp2040.c.obj
                0x100058e8                dcd_edpt_stall
 .text.dcd_edpt_clear_stall
                0x10005920       0x30 CMakeFiles/mbot_classic_motor_test.dir/lib/pico-sdk/lib/tinyusb/src/portable/raspberrypi/rp2040/dcd_rp2040.c.obj
                0x10005920                dcd_edpt_clear_stall
 .text._hw_endpoint_buffer_control_update32.part.0.isra.0
                0x10005950       0x1c CMakeFiles/mbot_classic_motor_test.dir/lib/pico-sdk/lib/tinyusb/src/portable/raspberrypi/rp2040/rp2040_usb.c.obj
 .text.rp2040_usb_init
                0x1000596c       0x4c CMakeFiles/mbot_classic_motor_test.dir/lib/pico-sdk/lib/tinyusb/src/portable/raspberrypi/rp2040/rp2040_usb.c.obj
                0x1000596c                rp2040_usb_init
 .text.hw_endpoint_reset_transfer
                0x100059b8        0xc CMakeFiles/mbot_classic_motor_test.dir/lib/pico-sdk/lib/tinyusb/src/portable/raspberrypi/rp2040/rp2040_usb.c.obj
                0x100059b8                hw_endpoint_reset_transfer
 .text._hw_endpoint_buffer_control_update32
                0x100059c4       0x44 CMakeFiles/mbot_classic_motor_test.dir/lib/pico-sdk/lib/tinyusb/src/portable/raspberrypi/rp2040/rp2040_usb.c.obj
                0x100059c4                _hw_endpoint_buffer_control_update32
 .text.hw_endpoint_xfer_start
                0x10005a08      0x138 CMakeFiles/mbot_classic_motor_test.dir/lib/pico-sdk/lib/tinyusb/src/portable/raspberrypi/rp2040/rp2040_usb.c.obj
                0x10005a08                hw_endpoint_xfer_start
 .text.hw_endpoint_xfer_continue
                0x10005b40      0x1dc CMakeFiles/mbot_classic_motor_test.dir/lib/pico-sdk/lib/tinyusb/src/portable/raspberrypi/rp2040/rp2040_usb.c.obj
                0x10005b40                hw_endpoint_xfer_continue
 .text.tud_mounted
                0x10005d1c       0x10 CMakeFiles/mbot_classic_motor_test.dir/lib/pico-sdk/lib/tinyusb/src/device/usbd.c.obj
                0x10005d1c                tud_mounted
 .text.tud_suspended
                0x10005d2c       0x10 CMakeFiles/mbot_classic_motor_test.dir/lib/pico-sdk/lib/tinyusb/src/device/usbd.c.obj
                0x10005d2c                tud_suspended
 .text.tud_inited
                0x10005d3c        0xc CMakeFiles/mbot_classic_motor_test.dir/lib/pico-sdk/lib/tinyusb/src/device/usbd.c.obj
                0x10005d3c                tud_inited
 .text.tud_init
                0x10005d48       0xe0 CMakeFiles/mbot_classic_motor_test.dir/lib/pico-sdk/lib/tinyusb/src/device/usbd.c.obj
                0x10005d48                tud_init
 .text.tud_task
                0x10005e28      0x8f0 CMakeFiles/mbot_classic_motor_test.dir/lib/pico-sdk/lib/tinyusb/src/device/usbd.c.obj
                0x10005e28                tud_task
 .text.dcd_event_bus_signal
                0x10006718      0x124 CMakeFiles/mbot_classic_motor_test.dir/lib/pico-sdk/lib/tinyusb/src/device/usbd.c.obj
                0x10006718                dcd_event_bus_signal
 .text.dcd_event_bus_reset
                0x1000683c       0x58 CMakeFiles/mbot_classic_motor_test.dir/lib/pico-sdk/lib/tinyusb/src/device/usbd.c.obj
                0x1000683c                dcd_event_bus_reset
 .text.dcd_event_setup_received
                0x10006894       0x50 CMakeFiles/mbot_classic_motor_test.dir/lib/pico-sdk/lib/tinyusb/src/device/usbd.c.obj
                0x10006894                dcd_event_setup_received
 .text.dcd_event_xfer_complete
                0x100068e4       0x68 CMakeFiles/mbot_classic_motor_test.dir/lib/pico-sdk/lib/tinyusb/src/device/usbd.c.obj
                0x100068e4                dcd_event_xfer_complete
 .text.usbd_open_edpt_pair
                0x1000694c       0x94 CMakeFiles/mbot_classic_motor_test.dir/lib/pico-sdk/lib/tinyusb/src/device/usbd.c.obj
                0x1000694c                usbd_open_edpt_pair
 .text.usbd_edpt_open
                0x100069e0       0x30 CMakeFiles/mbot_classic_motor_test.dir/lib/pico-sdk/lib/tinyusb/src/device/usbd.c.obj
                0x100069e0                usbd_edpt_open
 .text.usbd_edpt_claim
                0x10006a10       0x64 CMakeFiles/mbot_classic_motor_test.dir/lib/pico-sdk/lib/tinyusb/src/device/usbd.c.obj
                0x10006a10                usbd_edpt_claim
 .text.usbd_edpt_release
                0x10006a74       0x4c CMakeFiles/mbot_classic_motor_test.dir/lib/pico-sdk/lib/tinyusb/src/device/usbd.c.obj
                0x10006a74                usbd_edpt_release
 .text.usbd_edpt_xfer
                0x10006ac0       0x44 CMakeFiles/mbot_classic_motor_test.dir/lib/pico-sdk/lib/tinyusb/src/device/usbd.c.obj
                0x10006ac0                usbd_edpt_xfer
 .text.tud_control_status
                0x10006b04       0x2c CMakeFiles/mbot_classic_motor_test.dir/lib/pico-sdk/lib/tinyusb/src/device/usbd_control.c.obj
                0x10006b04                tud_control_status
 .text.tud_control_xfer
                0x10006b30       0xac CMakeFiles/mbot_classic_motor_test.dir/lib/pico-sdk/lib/tinyusb/src/device/usbd_control.c.obj
                0x10006b30                tud_control_xfer
 .text.usbd_control_reset
                0x10006bdc       0x14 CMakeFiles/mbot_classic_motor_test.dir/lib/pico-sdk/lib/tinyusb/src/device/usbd_control.c.obj
                0x10006bdc                usbd_control_reset
 .text.usbd_control_set_complete_callback
                0x10006bf0        0xc CMakeFiles/mbot_classic_motor_test.dir/lib/pico-sdk/lib/tinyusb/src/device/usbd_control.c.obj
                0x10006bf0                usbd_control_set_complete_callback
 .text.usbd_control_set_request
                0x10006bfc       0x1c CMakeFiles/mbot_classic_motor_test.dir/lib/pico-sdk/lib/tinyusb/src/device/usbd_control.c.obj
                0x10006bfc                usbd_control_set_request
 .text.usbd_control_xfer_cb
                0x10006c18       0xf4 CMakeFiles/mbot_classic_motor_test.dir/lib/pico-sdk/lib/tinyusb/src/device/usbd_control.c.obj
                0x10006c18                usbd_control_xfer_cb
 .text.tud_cdc_n_connected
                0x10006d0c       0x30 CMakeFiles/mbot_classic_motor_test.dir/lib/pico-sdk/lib/tinyusb/src/class/cdc/cdc_device.c.obj
                0x10006d0c                tud_cdc_n_connected
 .text.tud_cdc_n_available
                0x10006d3c       0x18 CMakeFiles/mbot_classic_motor_test.dir/lib/pico-sdk/lib/tinyusb/src/class/cdc/cdc_device.c.obj
                0x10006d3c                tud_cdc_n_available
 .text.tud_cdc_n_read
                0x10006d54       0x7c CMakeFiles/mbot_classic_motor_test.dir/lib/pico-sdk/lib/tinyusb/src/class/cdc/cdc_device.c.obj
                0x10006d54                tud_cdc_n_read
 .text.tud_cdc_n_write_flush
                0x10006dd0       0x7c CMakeFiles/mbot_classic_motor_test.dir/lib/pico-sdk/lib/tinyusb/src/class/cdc/cdc_device.c.obj
                0x10006dd0                tud_cdc_n_write_flush
 .text.tud_cdc_n_write
                0x10006e4c       0x34 CMakeFiles/mbot_classic_motor_test.dir/lib/pico-sdk/lib/tinyusb/src/class/cdc/cdc_device.c.obj
                0x10006e4c                tud_cdc_n_write
 .text.tud_cdc_n_write_available
                0x10006e80       0x18 CMakeFiles/mbot_classic_motor_test.dir/lib/pico-sdk/lib/tinyusb/src/class/cdc/cdc_device.c.obj
                0x10006e80                tud_cdc_n_write_available
 .text.cdcd_init
                0x10006e98      0x12c CMakeFiles/mbot_classic_motor_test.dir/lib/pico-sdk/lib/tinyusb/src/class/cdc/cdc_device.c.obj
                0x10006e98                cdcd_init
 .text.cdcd_reset
                0x10006fc4       0x64 CMakeFiles/mbot_classic_motor_test.dir/lib/pico-sdk/lib/tinyusb/src/class/cdc/cdc_device.c.obj
                0x10006fc4                cdcd_reset
 .text.cdcd_open
                0x10007028      0x144 CMakeFiles/mbot_classic_motor_test.dir/lib/pico-sdk/lib/tinyusb/src/class/cdc/cdc_device.c.obj
                0x10007028                cdcd_open
 .text.cdcd_control_xfer_cb
                0x1000716c       0xfc CMakeFiles/mbot_classic_motor_test.dir/lib/pico-sdk/lib/tinyusb/src/class/cdc/cdc_device.c.obj
                0x1000716c                cdcd_control_xfer_cb
 .text.cdcd_xfer_cb
                0x10007268      0x184 CMakeFiles/mbot_classic_motor_test.dir/lib/pico-sdk/lib/tinyusb/src/class/cdc/cdc_device.c.obj
                0x10007268                cdcd_xfer_cb
 .text.tusb_init
                0x100073ec        0xc CMakeFiles/mbot_classic_motor_test.dir/lib/pico-sdk/lib/tinyusb/src/tusb.c.obj
                0x100073ec                tusb_init
 .text.tusb_inited
                0x100073f8        0x8 CMakeFiles/mbot_classic_motor_test.dir/lib/pico-sdk/lib/tinyusb/src/tusb.c.obj
                0x100073f8                tusb_inited
 .text.tu_edpt_validate
                0x10007400       0x80 CMakeFiles/mbot_classic_motor_test.dir/lib/pico-sdk/lib/tinyusb/src/tusb.c.obj
                0x10007400                tu_edpt_validate
 .text.tu_edpt_bind_driver
                0x10007480       0x2c CMakeFiles/mbot_classic_motor_test.dir/lib/pico-sdk/lib/tinyusb/src/tusb.c.obj
                0x10007480                tu_edpt_bind_driver
 .text.tu_fifo_config
                0x100074ac       0x74 CMakeFiles/mbot_classic_motor_test.dir/lib/pico-sdk/lib/tinyusb/src/common/tusb_fifo.c.obj
                0x100074ac                tu_fifo_config
 .text.tu_fifo_count
                0x10007520       0x20 CMakeFiles/mbot_classic_motor_test.dir/lib/pico-sdk/lib/tinyusb/src/common/tusb_fifo.c.obj
                0x10007520                tu_fifo_count
 .text.tu_fifo_empty
                0x10007540       0x10 CMakeFiles/mbot_classic_motor_test.dir/lib/pico-sdk/lib/tinyusb/src/common/tusb_fifo.c.obj
                0x10007540                tu_fifo_empty
 .text.tu_fifo_remaining
                0x10007550       0x1c CMakeFiles/mbot_classic_motor_test.dir/lib/pico-sdk/lib/tinyusb/src/common/tusb_fifo.c.obj
                0x10007550                tu_fifo_remaining
 .text.tu_fifo_read
                0x1000756c       0xa4 CMakeFiles/mbot_classic_motor_test.dir/lib/pico-sdk/lib/tinyusb/src/common/tusb_fifo.c.obj
                0x1000756c                tu_fifo_read
 .text.tu_fifo_read_n
                0x10007610      0x100 CMakeFiles/mbot_classic_motor_test.dir/lib/pico-sdk/lib/tinyusb/src/common/tusb_fifo.c.obj
                0x10007610                tu_fifo_read_n
 .text.tu_fifo_write
                0x10007710       0x78 CMakeFiles/mbot_classic_motor_test.dir/lib/pico-sdk/lib/tinyusb/src/common/tusb_fifo.c.obj
                0x10007710                tu_fifo_write
 .text.tu_fifo_write_n
                0x10007788      0x100 CMakeFiles/mbot_classic_motor_test.dir/lib/pico-sdk/lib/tinyusb/src/common/tusb_fifo.c.obj
                0x10007788                tu_fifo_write_n
 .text.tu_fifo_clear
                0x10007888       0x4c CMakeFiles/mbot_classic_motor_test.dir/lib/pico-sdk/lib/tinyusb/src/common/tusb_fifo.c.obj
                0x10007888                tu_fifo_clear
 .text.tu_fifo_set_overwritable
                0x100078d4       0x3c CMakeFiles/mbot_classic_motor_test.dir/lib/pico-sdk/lib/tinyusb/src/common/tusb_fifo.c.obj
                0x100078d4                tu_fifo_set_overwritable
 .text.startup._retrieve_unique_id_on_boot
                0x10007910       0x10 CMakeFiles/mbot_classic_motor_test.dir/lib/pico-sdk/src/rp2_common/pico_unique_id/unique_id.c.obj
 .text.pico_get_unique_board_id_string
                0x10007920      0x1a8 CMakeFiles/mbot_classic_motor_test.dir/lib/pico-sdk/src/rp2_common/pico_unique_id/unique_id.c.obj
                0x10007920                pico_get_unique_board_id_string
 .text.flash_get_unique_id
                0x10007ac8       0x40 CMakeFiles/mbot_classic_motor_test.dir/lib/pico-sdk/src/rp2_common/hardware_flash/flash.c.obj
                0x10007ac8                flash_get_unique_id
 .text.mbot_motor_init_freq
                0x10007b08      0x10c mbot/libmbotlib.a(motor.c.obj)
                0x10007b08                mbot_motor_init_freq
 .text.mbot_motor_cleanup
                0x10007c14       0x68 mbot/libmbotlib.a(motor.c.obj)
                0x10007c14                mbot_motor_cleanup
 .text.mbot_motor_set_duty
                0x10007c7c      0x15c mbot/libmbotlib.a(motor.c.obj)
                0x10007c7c                mbot_motor_set_duty
 .text          0x10007dd8       0xfc /usr/lib/gcc/arm-none-eabi/12.2.1/../../../arm-none-eabi/lib/thumb/v6-m/nofp/libc.a(lib_a-fwrite.o)
                0x10007dd8                _fwrite_r
                0x10007e54                fwrite
 .text          0x10007ed4      0x548 /usr/lib/gcc/arm-none-eabi/12.2.1/../../../arm-none-eabi/lib/thumb/v6-m/nofp/libc.a(lib_a-mallocr.o)
                0x10007ed4                _malloc_r
 .text          0x1000841c        0x8 /usr/lib/gcc/arm-none-eabi/12.2.1/../../../arm-none-eabi/lib/thumb/v6-m/nofp/libc.a(lib_a-mlock.o)
                0x1000841c                __malloc_lock
                0x10008420                __malloc_unlock
 .text          0x10008424      0x3c8 /usr/lib/gcc/arm-none-eabi/12.2.1/../../../arm-none-eabi/lib/thumb/v6-m/nofp/libc.a(lib_a-reallocr.o)
                0x10008424                _realloc_r
 .text          0x100087ec       0x24 /usr/lib/gcc/arm-none-eabi/12.2.1/../../../arm-none-eabi/lib/thumb/v6-m/nofp/libc.a(lib_a-sbrkr.o)
                0x100087ec                _sbrk_r
 .text          0x10008810       0x5c /usr/lib/gcc/arm-none-eabi/12.2.1/../../../arm-none-eabi/lib/thumb/v6-m/nofp/libc.a(lib_a-strlen-stub.o)
                0x10008810                strlen
 .text          0x1000886c      0x23c /usr/lib/gcc/arm-none-eabi/12.2.1/../../../arm-none-eabi/lib/thumb/v6-m/nofp/libc.a(lib_a-findfp.o)
                0x10008870                _cleanup_r
                0x1000896c                __sfmoreglue
                0x1000899c                __sfp
                0x10008a40                _cleanup
                0x10008a58                __sinit
                0x10008a68                __sfp_lock_acquire
                0x10008a6c                __sfp_lock_release
                0x10008a70                __sinit_lock_acquire
                0x10008a74                __sinit_lock_release
                0x10008a78                __fp_lock_all
                0x10008a90                __fp_unlock_all
 .text          0x10008aa8      0x268 /usr/lib/gcc/arm-none-eabi/12.2.1/../../../arm-none-eabi/lib/thumb/v6-m/nofp/libc.a(lib_a-freer.o)
                0x10008aa8                _malloc_trim_r
                0x10008b50                _free_r
 .text          0x10008d10      0x2ec /usr/lib/gcc/arm-none-eabi/12.2.1/../../../arm-none-eabi/lib/thumb/v6-m/nofp/libc.a(lib_a-fvwrite.o)
                0x10008d10                __sfvwrite_r
 .text          0x10008ffc       0x88 /usr/lib/gcc/arm-none-eabi/12.2.1/../../../arm-none-eabi/lib/thumb/v6-m/nofp/libc.a(lib_a-fwalk.o)
                0x10008ffc                _fwalk
                0x1000903c                _fwalk_reent
 .text          0x10009084       0xa8 /usr/lib/gcc/arm-none-eabi/12.2.1/../../../arm-none-eabi/lib/thumb/v6-m/nofp/libc.a(lib_a-stdio.o)
                0x10009084                __sread
                0x100090ac                __seofread
                0x100090b0                __swrite
                0x100090f0                __sseek
                0x10009120                __sclose
 .text          0x1000912c       0x28 /usr/lib/gcc/arm-none-eabi/12.2.1/../../../arm-none-eabi/lib/thumb/v6-m/nofp/libc.a(lib_a-writer.o)
                0x1000912c                _write_r
 .text          0x10009154       0xd0 /usr/lib/gcc/arm-none-eabi/12.2.1/../../../arm-none-eabi/lib/thumb/v6-m/nofp/libc.a(lib_a-wsetup.o)
                0x10009154                __swsetup_r
 .text          0x10009224       0x24 /usr/lib/gcc/arm-none-eabi/12.2.1/../../../arm-none-eabi/lib/thumb/v6-m/nofp/libc.a(lib_a-closer.o)
                0x10009224                _close_r
 .text          0x10009248       0xac /usr/lib/gcc/arm-none-eabi/12.2.1/../../../arm-none-eabi/lib/thumb/v6-m/nofp/libc.a(lib_a-fclose.o)
                0x10009248                _fclose_r
                0x100092e0                fclose
 .text          0x100092f4      0x1c8 /usr/lib/gcc/arm-none-eabi/12.2.1/../../../arm-none-eabi/lib/thumb/v6-m/nofp/libc.a(lib_a-fflush.o)
                0x100092f4                __sflush_r
                0x1000943c                _fflush_r
                0x10009468                fflush
 .text          0x100094bc       0x28 /usr/lib/gcc/arm-none-eabi/12.2.1/../../../arm-none-eabi/lib/thumb/v6-m/nofp/libc.a(lib_a-lseekr.o)
                0x100094bc                _lseek_r
 .text          0x100094e4      0x140 /usr/lib/gcc/arm-none-eabi/12.2.1/../../../arm-none-eabi/lib/thumb/v6-m/nofp/libc.a(lib_a-makebuf.o)
                0x100094e4                __smakebuf_r
                0x100095cc                __swhatbuf_r
 .text          0x10009624       0x28 /usr/lib/gcc/arm-none-eabi/12.2.1/../../../arm-none-eabi/lib/thumb/v6-m/nofp/libc.a(lib_a-readr.o)
                0x10009624                _read_r
 .text          0x1000964c       0x28 /usr/lib/gcc/arm-none-eabi/12.2.1/../../../arm-none-eabi/lib/thumb/v6-m/nofp/libc.a(lib_a-fstatr.o)
                0x1000964c                _fstat_r
 .text          0x10009674       0x24 /usr/lib/gcc/arm-none-eabi/12.2.1/../../../arm-none-eabi/lib/thumb/v6-m/nofp/libc.a(lib_a-isattyr.o)
                0x10009674                _isatty_r
 .text          0x10009698       0x10 /usr/lib/gcc/arm-none-eabi/12.2.1/../../../arm-none-eabi/lib/thumb/v6-m/nofp/libnosys.a(close.o)
                0x10009698                _close
 .text          0x100096a8       0x10 /usr/lib/gcc/arm-none-eabi/12.2.1/../../../arm-none-eabi/lib/thumb/v6-m/nofp/libnosys.a(fstat.o)
                0x100096a8                _fstat
 .text          0x100096b8       0x10 /usr/lib/gcc/arm-none-eabi/12.2.1/../../../arm-none-eabi/lib/thumb/v6-m/nofp/libnosys.a(isatty.o)
                0x100096b8                _isatty
 .text          0x100096c8       0x10 /usr/lib/gcc/arm-none-eabi/12.2.1/../../../arm-none-eabi/lib/thumb/v6-m/nofp/libnosys.a(lseek.o)
                0x100096c8                _lseek
 *(.fini)
 .fini          0x100096d8        0x4 /usr/lib/gcc/arm-none-eabi/12.2.1/thumb/v6-m/nofp/crti.o
                0x100096d8                _fini
 *fill*         0x100096dc        0x4 
 .fini.__stub   0x100096e0       0x90 linker stubs
 *crtbegin.o(.ctors)
 *crtbegin?.o(.ctors)
 *(EXCLUDE_FILE(*crtend.o *crtend?.o) .ctors)
 *(SORT_BY_NAME(.ctors.*))
 *(.ctors)
 *crtbegin.o(.dtors)
 *crtbegin?.o(.dtors)
 *(EXCLUDE_FILE(*crtend.o *crtend?.o) .dtors)
 *(SORT_BY_NAME(.dtors.*))
 *(.dtors)
 *(.eh_frame*)
 .eh_frame      0x10009770        0x0 /usr/lib/gcc/arm-none-eabi/12.2.1/thumb/v6-m/nofp/crtbegin.o
                0x10009770                        . = ALIGN (0x4)

.glue_7         0x10009770        0x0
 .glue_7        0x10009770        0x0 linker stubs

.glue_7t        0x10009770        0x0
 .glue_7t       0x10009770        0x0 linker stubs

.vfp11_veneer   0x10009770        0x0
 .vfp11_veneer  0x10009770        0x0 linker stubs

.v4_bx          0x10009770        0x0
 .v4_bx         0x10009770        0x0 linker stubs

.iplt           0x10009770        0x0
 .iplt          0x10009770        0x0 /usr/lib/gcc/arm-none-eabi/12.2.1/thumb/v6-m/nofp/crtbegin.o

.rodata         0x10009770      0x684
 *(EXCLUDE_FILE(*libm.a: *libc.a:*lib_a-mem*.o *libgcc.a:) .rodata*)
 .rodata.mbot_init_pico.str1.4
                0x10009770       0x46 CMakeFiles/mbot_classic_motor_test.dir/tests/mbot_classic_motor_test.c.obj
 *fill*         0x100097b6        0x2 
 .rodata.drive_motor_up_down.str1.4
                0x100097b8       0x16 CMakeFiles/mbot_classic_motor_test.dir/tests/mbot_classic_motor_test.c.obj
 *fill*         0x100097ce        0x2 
 .rodata.main.str1.4
                0x100097d0       0x5e CMakeFiles/mbot_classic_motor_test.dir/tests/mbot_classic_motor_test.c.obj
 *fill*         0x1000982e        0x2 
 .rodata.spin_lock_claim_unused.str1.4
                0x10009830       0x1b CMakeFiles/mbot_classic_motor_test.dir/lib/pico-sdk/src/rp2_common/hardware_sync/sync.c.obj
 *fill*         0x1000984b        0x1 
 .rodata.user_irq_claim_unused.str1.4
                0x1000984c       0x1b CMakeFiles/mbot_classic_motor_test.dir/lib/pico-sdk/src/rp2_common/hardware_irq/irq.c.obj
 *fill*         0x10009867        0x1 
 .rodata.at_the_end_of_time
                0x10009868        0x8 CMakeFiles/mbot_classic_motor_test.dir/lib/pico-sdk/src/common/pico_time/time.c.obj
                0x10009868                at_the_end_of_time
 .rodata.hardware_alarm_claim.str1.4
                0x10009870       0x22 CMakeFiles/mbot_classic_motor_test.dir/lib/pico-sdk/src/rp2_common/hardware_timer/timer.c.obj
 *fill*         0x10009892        0x2 
 .rodata.panic.str1.4
                0x10009894       0x10 CMakeFiles/mbot_classic_motor_test.dir/lib/pico-sdk/src/rp2_common/pico_runtime/runtime.c.obj
                                 0x12 (size before relaxing)
 .rodata.hard_assertion_failure.str1.4
                0x100098a4        0xc CMakeFiles/mbot_classic_motor_test.dir/lib/pico-sdk/src/rp2_common/pico_runtime/runtime.c.obj
 .rodata._ftoa.str1.4
                0x100098b0       0x15 CMakeFiles/mbot_classic_motor_test.dir/lib/pico-sdk/src/rp2_common/pico_printf/printf.c.obj
 *fill*         0x100098c5        0x3 
 .rodata._vsnprintf
                0x100098c8      0x19c CMakeFiles/mbot_classic_motor_test.dir/lib/pico-sdk/src/rp2_common/pico_printf/printf.c.obj
 *fill*         0x10009a64        0x4 
 .rodata.pow10.0
                0x10009a68       0x50 CMakeFiles/mbot_classic_motor_test.dir/lib/pico-sdk/src/rp2_common/pico_printf/printf.c.obj
 .rodata.str1.4
                0x10009ab8       0x4c CMakeFiles/mbot_classic_motor_test.dir/lib/pico-sdk/src/rp2_common/pico_standard_link/binary_info.c.obj
 .rodata.__bi_81
                0x10009b04        0xc CMakeFiles/mbot_classic_motor_test.dir/lib/pico-sdk/src/rp2_common/pico_standard_link/binary_info.c.obj
 .rodata.__bi_75
                0x10009b10        0xc CMakeFiles/mbot_classic_motor_test.dir/lib/pico-sdk/src/rp2_common/pico_standard_link/binary_info.c.obj
 .rodata.__bi_44
                0x10009b1c        0xc CMakeFiles/mbot_classic_motor_test.dir/lib/pico-sdk/src/rp2_common/pico_standard_link/binary_info.c.obj
 .rodata.crlf_str.0
                0x10009b28        0x2 CMakeFiles/mbot_classic_motor_test.dir/lib/pico-sdk/src/rp2_common/pico_stdio/stdio.c.obj
 *fill*         0x10009b2a        0x2 
 .rodata._resetd_driver
                0x10009b2c       0x18 CMakeFiles/mbot_classic_motor_test.dir/lib/pico-sdk/src/rp2_common/pico_stdio_usb/reset_interface.c.obj
 .rodata.str1.4
                0x10009b44       0x13 CMakeFiles/mbot_classic_motor_test.dir/lib/pico-sdk/src/rp2_common/pico_stdio_usb/stdio_usb.c.obj
 *fill*         0x10009b57        0x1 
 .rodata.__bi_167.0
                0x10009b58        0xc CMakeFiles/mbot_classic_motor_test.dir/lib/pico-sdk/src/rp2_common/pico_stdio_usb/stdio_usb.c.obj
 .rodata.str1.4
                0x10009b64       0x2e CMakeFiles/mbot_classic_motor_test.dir/lib/pico-sdk/src/rp2_common/pico_stdio_usb/stdio_usb_descriptors.c.obj
 *fill*         0x10009b92        0x2 
 .rodata.usbd_desc_str
                0x10009b94       0x18 CMakeFiles/mbot_classic_motor_test.dir/lib/pico-sdk/src/rp2_common/pico_stdio_usb/stdio_usb_descriptors.c.obj
 .rodata.usbd_desc_cfg
                0x10009bac       0x96 CMakeFiles/mbot_classic_motor_test.dir/lib/pico-sdk/src/rp2_common/pico_stdio_usb/stdio_usb_descriptors.c.obj
 *fill*         0x10009c42        0x2 
 .rodata.usbd_desc_device
                0x10009c44       0x12 CMakeFiles/mbot_classic_motor_test.dir/lib/pico-sdk/src/rp2_common/pico_stdio_usb/stdio_usb_descriptors.c.obj
 *fill*         0x10009c56        0x2 
 .rodata.dcd_rp2040_irq.str1.4
                0x10009c58       0x14 CMakeFiles/mbot_classic_motor_test.dir/lib/pico-sdk/lib/tinyusb/src/portable/raspberrypi/rp2040/dcd_rp2040.c.obj
 .rodata._hw_endpoint_buffer_control_update32.part.0.isra.0.str1.4
                0x10009c6c       0x1f CMakeFiles/mbot_classic_motor_test.dir/lib/pico-sdk/lib/tinyusb/src/portable/raspberrypi/rp2040/rp2040_usb.c.obj
 *fill*         0x10009c8b        0x1 
 .rodata.hw_endpoint_xfer_continue.str1.4
                0x10009c8c       0x29 CMakeFiles/mbot_classic_motor_test.dir/lib/pico-sdk/lib/tinyusb/src/portable/raspberrypi/rp2040/rp2040_usb.c.obj
 *fill*         0x10009cb5        0x3 
 .rodata.str1.4
                0x10009cb8        0x7 CMakeFiles/mbot_classic_motor_test.dir/lib/pico-sdk/lib/tinyusb/src/portable/raspberrypi/rp2040/rp2040_usb.c.obj
 *fill*         0x10009cbf        0x1 
 .rodata.tud_task
                0x10009cc0       0x8c CMakeFiles/mbot_classic_motor_test.dir/lib/pico-sdk/lib/tinyusb/src/device/usbd.c.obj
 .rodata._usbd_driver
                0x10009d4c       0x18 CMakeFiles/mbot_classic_motor_test.dir/lib/pico-sdk/lib/tinyusb/src/device/usbd.c.obj
 .rodata.mbot_motor_init_freq.str1.4
                0x10009d64       0x4d mbot/libmbotlib.a(motor.c.obj)
 *fill*         0x10009db1        0x3 
 .rodata.mbot_motor_set_duty.str1.4
                0x10009db4       0x2a mbot/libmbotlib.a(motor.c.obj)
 *fill*         0x10009dde        0x2 
 .rodata.motor_ph
                0x10009de0        0x8 mbot/libmbotlib.a(motor.c.obj)
 .rodata.motor_en
                0x10009de8        0x8 mbot/libmbotlib.a(motor.c.obj)
 .rodata        0x10009df0        0x4 /usr/lib/gcc/arm-none-eabi/12.2.1/../../../arm-none-eabi/lib/thumb/v6-m/nofp/libc.a(lib_a-impure.o)
                0x10009df0                _global_impure_ptr
                0x10009df4                        . = ALIGN (0x4)
 *(SORT_BY_ALIGNMENT(SORT_BY_NAME(.flashdata*)))
                0x10009df4                        . = ALIGN (0x4)

.rel.dyn        0x10009df4        0x0
 .rel.iplt      0x10009df4        0x0 /usr/lib/gcc/arm-none-eabi/12.2.1/thumb/v6-m/nofp/crtbegin.o

.ARM.extab
 *(.ARM.extab* .gnu.linkonce.armextab.*)
                0x10009df4                        __exidx_start = .

.ARM.exidx
 *(.ARM.exidx* .gnu.linkonce.armexidx.*)
                0x10009df4                        __exidx_end = .
                0x10009df4                        . = ALIGN (0x4)
                0x10009df4                        __binary_info_start = .

.binary_info    0x10009df4       0x20
 *(.binary_info.keep.*)
 .binary_info.keep.__bi_ptr81
                0x10009df4        0x4 CMakeFiles/mbot_classic_motor_test.dir/lib/pico-sdk/src/rp2_common/pico_standard_link/binary_info.c.obj
 .binary_info.keep.__bi_ptr75
                0x10009df8        0x4 CMakeFiles/mbot_classic_motor_test.dir/lib/pico-sdk/src/rp2_common/pico_standard_link/binary_info.c.obj
 .binary_info.keep.__bi_ptr50
                0x10009dfc        0x4 CMakeFiles/mbot_classic_motor_test.dir/lib/pico-sdk/src/rp2_common/pico_standard_link/binary_info.c.obj
 .binary_info.keep.__bi_ptr44
                0x10009e00        0x4 CMakeFiles/mbot_classic_motor_test.dir/lib/pico-sdk/src/rp2_common/pico_standard_link/binary_info.c.obj
 .binary_info.keep.__bi_ptr38
                0x10009e04        0x4 CMakeFiles/mbot_classic_motor_test.dir/lib/pico-sdk/src/rp2_common/pico_standard_link/binary_info.c.obj
 .binary_info.keep.__bi_ptr30
                0x10009e08        0x4 CMakeFiles/mbot_classic_motor_test.dir/lib/pico-sdk/src/rp2_common/pico_standard_link/binary_info.c.obj
 .binary_info.keep.__bi_ptr22
                0x10009e0c        0x4 CMakeFiles/mbot_classic_motor_test.dir/lib/pico-sdk/src/rp2_common/pico_standard_link/binary_info.c.obj
 *(.binary_info.*)
 .binary_info.__bi_ptr167
                0x10009e10        0x4 CMakeFiles/mbot_classic_motor_test.dir/lib/pico-sdk/src/rp2_common/pico_stdio_usb/stdio_usb.c.obj
                0x10009e14                        __binary_info_end = .
                0x10009e14                        . = ALIGN (0x4)
                0x10009e14                        __etext = .

.ram_vector_table
                0x20000000       0xc0
 *(.ram_vector_table)
 .ram_vector_table
                0x20000000       0xc0 CMakeFiles/mbot_classic_motor_test.dir/lib/pico-sdk/src/rp2_common/pico_runtime/runtime.c.obj
                0x20000000                ram_vector_table

.data           0x200000c0      0xd28 load address 0x10009e14
                0x200000c0                        __data_start__ = .
 *(vtable)
 *(.time_critical*)
 .time_critical.mutex_enter_blocking
                0x200000c0       0x48 CMakeFiles/mbot_classic_motor_test.dir/lib/pico-sdk/src/common/pico_sync/mutex.c.obj
                0x200000c0                mutex_enter_blocking
 .time_critical.mutex_try_enter
                0x20000108       0x40 CMakeFiles/mbot_classic_motor_test.dir/lib/pico-sdk/src/common/pico_sync/mutex.c.obj
                0x20000108                mutex_try_enter
 .time_critical.mutex_enter_timeout_ms
                0x20000148       0xa0 CMakeFiles/mbot_classic_motor_test.dir/lib/pico-sdk/src/common/pico_sync/mutex.c.obj
                0x20000148                mutex_enter_timeout_ms
 .time_critical.mutex_exit
                0x200001e8       0x28 CMakeFiles/mbot_classic_motor_test.dir/lib/pico-sdk/src/common/pico_sync/mutex.c.obj
                0x200001e8                mutex_exit
 .time_critical.flash_init_boot2_copyout
                0x20000210       0x30 CMakeFiles/mbot_classic_motor_test.dir/lib/pico-sdk/src/rp2_common/hardware_flash/flash.c.obj
 .time_critical.flash_enable_xip_via_boot2
                0x20000240        0xc CMakeFiles/mbot_classic_motor_test.dir/lib/pico-sdk/src/rp2_common/hardware_flash/flash.c.obj
 .time_critical.flash_cs_force
                0x2000024c       0x38 CMakeFiles/mbot_classic_motor_test.dir/lib/pico-sdk/src/rp2_common/hardware_flash/flash.c.obj
 .time_critical.flash_do_cmd
                0x20000284       0xc0 CMakeFiles/mbot_classic_motor_test.dir/lib/pico-sdk/src/rp2_common/hardware_flash/flash.c.obj
                0x20000284                flash_do_cmd
 *(.text*)
 .text          0x20000344        0x4 /usr/lib/gcc/arm-none-eabi/12.2.1/thumb/v6-m/nofp/libgcc.a(_dvmd_tls.o)
                0x20000344                __aeabi_ldiv0
                0x20000344                __aeabi_idiv0
 .text          0x20000348       0x74 /usr/lib/gcc/arm-none-eabi/12.2.1/../../../arm-none-eabi/lib/thumb/v6-m/nofp/libc.a(lib_a-memchr-stub.o)
                0x20000348                memchr
 .text          0x200003bc       0xb0 /usr/lib/gcc/arm-none-eabi/12.2.1/../../../arm-none-eabi/lib/thumb/v6-m/nofp/libc.a(lib_a-memmove.o)
                0x200003bc                memmove
 *fill*         0x2000046c        0x4 
 .text.__stub   0x20000470       0x30 linker stubs
                0x200004a0                        . = ALIGN (0x4)
 *(.rodata*)
                0x200004a0                        . = ALIGN (0x4)
 *(.data*)
 .data.striped_spin_lock_num
                0x200004a0        0x1 CMakeFiles/mbot_classic_motor_test.dir/lib/pico-sdk/src/rp2_common/hardware_sync/sync.c.obj
 *fill*         0x200004a1        0x3 
 .data          0x200004a4       0x48 CMakeFiles/mbot_classic_motor_test.dir/lib/pico-sdk/src/rp2_common/hardware_irq/irq_handler_chain.S.obj
                0x200004a4                irq_handler_chain_slots
                0x200004d4                irq_handler_chain_first_slot
                0x200004de                irq_handler_chain_remove_tail
 .data.default_alarm_pool
                0x200004ec       0x18 CMakeFiles/mbot_classic_motor_test.dir/lib/pico-sdk/src/common/pico_time/time.c.obj
 .data.default_alarm_pool_heap
                0x20000504       0x10 CMakeFiles/mbot_classic_motor_test.dir/lib/pico-sdk/src/common/pico_time/time.c.obj
 *fill*         0x20000514        0xc 
 .data.aeabi_bits_funcs
                0x20000520       0x10 CMakeFiles/mbot_classic_motor_test.dir/lib/pico-sdk/src/rp2_common/pico_bit_ops/bit_ops_aeabi.S.obj
                0x20000520                aeabi_bits_funcs
                0x20000530                aeabi_bits_funcs_end
 .data.aeabi_mem_funcs
                0x20000530       0x10 CMakeFiles/mbot_classic_motor_test.dir/lib/pico-sdk/src/rp2_common/pico_mem_ops/mem_ops_aeabi.S.obj
                0x20000530                aeabi_mem_funcs
                0x20000540                aeabi_mem_funcs_end
 .data.stdio_usb
                0x20000540       0x14 CMakeFiles/mbot_classic_motor_test.dir/lib/pico-sdk/src/rp2_common/pico_stdio_usb/stdio_usb.c.obj
                0x20000540                stdio_usb
 .data.ep_dir_string
                0x20000554        0x8 CMakeFiles/mbot_classic_motor_test.dir/lib/pico-sdk/lib/tinyusb/src/portable/raspberrypi/rp2040/rp2040_usb.c.obj
                0x20000554                ep_dir_string
 .data._usbd_qdef
                0x2000055c       0x24 CMakeFiles/mbot_classic_motor_test.dir/lib/pico-sdk/lib/tinyusb/src/device/usbd.c.obj
                0x2000055c                _usbd_qdef
 .data          0x20000580      0x430 /usr/lib/gcc/arm-none-eabi/12.2.1/../../../arm-none-eabi/lib/thumb/v6-m/nofp/libc.a(lib_a-impure.o)
                0x20000580                _impure_ptr
 .data          0x200009b0      0x410 /usr/lib/gcc/arm-none-eabi/12.2.1/../../../arm-none-eabi/lib/thumb/v6-m/nofp/libc.a(lib_a-mallocr.o)
                0x200009b0                __malloc_sbrk_base
                0x200009b4                __malloc_trim_threshold
                0x200009b8                __malloc_av_
                0x20000dc0                        . = ALIGN (0x4)
 *(.after_data.*)
                0x20000dc0                        . = ALIGN (0x4)
                0x20000dc0                        PROVIDE (__mutex_array_start = .)
 *(SORT_BY_NAME(.mutex_array.*))
 *(.mutex_array)
 .mutex_array   0x20000dc0        0x8 CMakeFiles/mbot_classic_motor_test.dir/lib/pico-sdk/src/rp2_common/pico_malloc/pico_malloc.c.obj
 .mutex_array   0x20000dc8        0x8 CMakeFiles/mbot_classic_motor_test.dir/lib/pico-sdk/src/rp2_common/pico_stdio/stdio.c.obj
                0x20000dd0                        PROVIDE (__mutex_array_end = .)
                0x20000dd0                        . = ALIGN (0x4)
                0x20000dd0                        PROVIDE (__preinit_array_start = .)
 *(SORT_BY_NAME(.preinit_array.*))
 .preinit_array.00001
                0x20000dd0        0x4 CMakeFiles/mbot_classic_motor_test.dir/lib/pico-sdk/src/rp2_common/pico_mem_ops/mem_ops_aeabi.S.obj
 .preinit_array.00010
                0x20000dd4        0x4 CMakeFiles/mbot_classic_motor_test.dir/lib/pico-sdk/src/rp2_common/pico_bit_ops/bit_ops_aeabi.S.obj
 .preinit_array.00020
                0x20000dd8        0x4 CMakeFiles/mbot_classic_motor_test.dir/lib/pico-sdk/src/rp2_common/pico_double/double_aeabi.S.obj
 .preinit_array.00020
                0x20000ddc        0x4 CMakeFiles/mbot_classic_motor_test.dir/lib/pico-sdk/src/rp2_common/pico_float/float_aeabi.S.obj
 *(.preinit_array)
                0x20000de0                        PROVIDE (__preinit_array_end = .)
                0x20000de0                        . = ALIGN (0x4)
                0x20000de0                        PROVIDE (__init_array_start = .)
 *(SORT_BY_NAME(.init_array.*))
 *(.init_array)
 .init_array    0x20000de0        0x4 /usr/lib/gcc/arm-none-eabi/12.2.1/thumb/v6-m/nofp/crtbegin.o
 .init_array    0x20000de4        0x4 CMakeFiles/mbot_classic_motor_test.dir/lib/pico-sdk/src/rp2_common/pico_unique_id/unique_id.c.obj
                0x20000de8                        PROVIDE (__init_array_end = .)
                0x20000de8                        . = ALIGN (0x4)
                0x20000de8                        PROVIDE (__fini_array_start = .)
 *(SORT_BY_NAME(.fini_array.*))
 *(.fini_array)
                0x20000de8                        PROVIDE (__fini_array_end = .)
 *(.jcr)
                0x20000de8                        . = ALIGN (0x4)
                0x20000de8                        __data_end__ = .

.tm_clone_table
                0x20000de8        0x0 load address 0x1000ab3c
 .tm_clone_table
                0x20000de8        0x0 /usr/lib/gcc/arm-none-eabi/12.2.1/thumb/v6-m/nofp/crtbegin.o
 .tm_clone_table
                0x20000de8        0x0 /usr/lib/gcc/arm-none-eabi/12.2.1/thumb/v6-m/nofp/crtend.o

.igot.plt       0x20000de8        0x0 load address 0x1000ab3c
 .igot.plt      0x20000de8        0x0 /usr/lib/gcc/arm-none-eabi/12.2.1/thumb/v6-m/nofp/crtbegin.o

.uninitialized_data
                0x20000de8        0x0 load address 0x1000ab3c
                0x20000de8                        . = ALIGN (0x4)
 *(.uninitialized_data*)

.scratch_x      0x20040000        0x0 load address 0x1000ab3c
                0x20040000                        __scratch_x_start__ = .
 *(.scratch_x.*)
                0x20040000                        . = ALIGN (0x4)
                0x20040000                        __scratch_x_end__ = .
                0x1000ab3c                        __scratch_x_source__ = LOADADDR (.scratch_x)

.scratch_y      0x20041000        0x0 load address 0x1000ab3c
                0x20041000                        __scratch_y_start__ = .
 *(.scratch_y.*)
                0x20041000                        . = ALIGN (0x4)
                0x20041000                        __scratch_y_end__ = .
                0x1000ab3c                        __scratch_y_source__ = LOADADDR (.scratch_y)

.bss            0x20000de8     0x1bbc
                0x20000de8                        . = ALIGN (0x4)
                0x20000de8                        __bss_start__ = .
 *(SORT_BY_ALIGNMENT(SORT_BY_NAME(.bss*)))
 .bss.configured_freq
                0x20000de8       0x28 CMakeFiles/mbot_classic_motor_test.dir/lib/pico-sdk/src/rp2_common/hardware_clocks/clocks.c.obj
 .bss.default_alarm_pool_entries
                0x20000e10      0x100 CMakeFiles/mbot_classic_motor_test.dir/lib/pico-sdk/src/common/pico_time/time.c.obj
 .bss.last_avail_time.1
                0x20000f10        0x8 CMakeFiles/mbot_classic_motor_test.dir/lib/pico-sdk/src/rp2_common/pico_stdio_usb/stdio_usb.c.obj
 .bss.sd_table  0x20000f18      0x100 CMakeFiles/mbot_classic_motor_test.dir/lib/pico-sdk/src/rp2_common/pico_double/double_init_rom.c.obj
                0x20000f18                sd_table
 .bss.sf_table  0x20001018      0x100 CMakeFiles/mbot_classic_motor_test.dir/lib/pico-sdk/src/rp2_common/pico_float/float_init_rom.c.obj
                0x20001018                sf_table
 .bss           0x20001118       0x1c /usr/lib/gcc/arm-none-eabi/12.2.1/thumb/v6-m/nofp/crtbegin.o
 .bss           0x20001134       0x34 /usr/lib/gcc/arm-none-eabi/12.2.1/../../../arm-none-eabi/lib/thumb/v6-m/nofp/libc.a(lib_a-mallocr.o)
                0x20001134                __malloc_top_pad
                0x20001138                __malloc_current_mallinfo
                0x20001160                __malloc_max_sbrked_mem
                0x20001164                __malloc_max_total_mem
 .bss           0x20001168        0x4 /usr/lib/gcc/arm-none-eabi/12.2.1/../../../arm-none-eabi/lib/thumb/v6-m/nofp/libc.a(lib_a-reent.o)
                0x20001168                errno
 .bss._app_driver
                0x2000116c        0x4 CMakeFiles/mbot_classic_motor_test.dir/lib/pico-sdk/lib/tinyusb/src/device/usbd.c.obj
 .bss._cdcd_itf
                0x20001170     0x10b0 CMakeFiles/mbot_classic_motor_test.dir/lib/pico-sdk/lib/tinyusb/src/class/cdc/cdc_device.c.obj
 .bss._ctrl_xfer
                0x20002220       0x14 CMakeFiles/mbot_classic_motor_test.dir/lib/pico-sdk/lib/tinyusb/src/device/usbd_control.c.obj
 .bss._ubsd_mutexdef
                0x20002234        0x8 CMakeFiles/mbot_classic_motor_test.dir/lib/pico-sdk/lib/tinyusb/src/device/usbd.c.obj
 .bss._usbd_ctrl_buf
                0x2000223c       0x40 CMakeFiles/mbot_classic_motor_test.dir/lib/pico-sdk/lib/tinyusb/src/device/usbd_control.c.obj
 .bss._usbd_dev
                0x2000227c       0x53 CMakeFiles/mbot_classic_motor_test.dir/lib/pico-sdk/lib/tinyusb/src/device/usbd.c.obj
 *fill*         0x200022cf        0x1 
 .bss._usbd_mutex
                0x200022d0        0x4 CMakeFiles/mbot_classic_motor_test.dir/lib/pico-sdk/lib/tinyusb/src/device/usbd.c.obj
 .bss._usbd_q   0x200022d4        0x4 CMakeFiles/mbot_classic_motor_test.dir/lib/pico-sdk/lib/tinyusb/src/device/usbd.c.obj
 .bss._usbd_qdef_buf
                0x200022d8       0xc0 CMakeFiles/mbot_classic_motor_test.dir/lib/pico-sdk/lib/tinyusb/src/device/usbd.c.obj
                0x200022d8                _usbd_qdef_buf
 .bss.alarm_callbacks
                0x20002398       0x10 CMakeFiles/mbot_classic_motor_test.dir/lib/pico-sdk/src/rp2_common/hardware_timer/timer.c.obj
 .bss.boot2_copyout
                0x200023a8      0x100 CMakeFiles/mbot_classic_motor_test.dir/lib/pico-sdk/src/rp2_common/hardware_flash/flash.c.obj
 .bss.claimed   0x200024a8        0x4 CMakeFiles/mbot_classic_motor_test.dir/lib/pico-sdk/src/rp2_common/hardware_sync/sync.c.obj
 .bss.default_alarm_pool_entry_ids_high
                0x200024ac       0x10 CMakeFiles/mbot_classic_motor_test.dir/lib/pico-sdk/src/common/pico_time/time.c.obj
 .bss.default_alarm_pool_heap_nodes
                0x200024bc       0x30 CMakeFiles/mbot_classic_motor_test.dir/lib/pico-sdk/src/common/pico_time/time.c.obj
 .bss.desc_str.0
                0x200024ec       0x28 CMakeFiles/mbot_classic_motor_test.dir/lib/pico-sdk/src/rp2_common/pico_stdio_usb/stdio_usb_descriptors.c.obj
 .bss.drivers   0x20002514        0x4 CMakeFiles/mbot_classic_motor_test.dir/lib/pico-sdk/src/rp2_common/pico_stdio/stdio.c.obj
 .bss.filter    0x20002518        0x4 CMakeFiles/mbot_classic_motor_test.dir/lib/pico-sdk/src/rp2_common/pico_stdio/stdio.c.obj
 .bss.heap_end.0
                0x2000251c        0x4 CMakeFiles/mbot_classic_motor_test.dir/lib/pico-sdk/src/rp2_common/pico_runtime/runtime.c.obj
 .bss.hw_endpoints
                0x20002520      0x400 CMakeFiles/mbot_classic_motor_test.dir/lib/pico-sdk/lib/tinyusb/src/portable/raspberrypi/rp2040/dcd_rp2040.c.obj
 .bss.lazy_vsnprintf
                0x20002920        0x4 CMakeFiles/mbot_classic_motor_test.dir/lib/pico-sdk/src/rp2_common/pico_printf/printf.c.obj
 .bss.load_value
                0x20002924        0x4 CMakeFiles/mbot_classic_motor_test.dir/lib/pico-sdk/src/rp2_common/hardware_watchdog/watchdog.c.obj
 .bss.next_buffer_ptr
                0x20002928        0x4 CMakeFiles/mbot_classic_motor_test.dir/lib/pico-sdk/lib/tinyusb/src/portable/raspberrypi/rp2040/dcd_rp2040.c.obj
 .bss.pools     0x2000292c       0x10 CMakeFiles/mbot_classic_motor_test.dir/lib/pico-sdk/src/common/pico_time/time.c.obj
 .bss.pwm_wraps
                0x2000293c       0x10 mbot/libmbotlib.a(motor.c.obj)
 .bss.retrieved_id
                0x2000294c        0x8 CMakeFiles/mbot_classic_motor_test.dir/lib/pico-sdk/src/rp2_common/pico_unique_id/unique_id.c.obj
 .bss.sf_clz_func
                0x20002954        0x4 CMakeFiles/mbot_classic_motor_test.dir/lib/pico-sdk/src/rp2_common/pico_double/double_init_rom.c.obj
                0x20002954                sf_clz_func
 .bss.sleep_notifier
                0x20002958        0x4 CMakeFiles/mbot_classic_motor_test.dir/lib/pico-sdk/src/common/pico_time/time.c.obj
 .bss.slice_frequencies
                0x2000295c       0x10 mbot/libmbotlib.a(motor.c.obj)
 .bss.stdio_usb_mutex
                0x2000296c        0x8 CMakeFiles/mbot_classic_motor_test.dir/lib/pico-sdk/src/rp2_common/pico_stdio_usb/stdio_usb.c.obj
 .bss.target_hi
                0x20002974       0x10 CMakeFiles/mbot_classic_motor_test.dir/lib/pico-sdk/src/rp2_common/hardware_timer/timer.c.obj
 .bss.usbd_serial_str
                0x20002984       0x11 CMakeFiles/mbot_classic_motor_test.dir/lib/pico-sdk/src/rp2_common/pico_stdio_usb/stdio_usb_descriptors.c.obj
 *fill*         0x20002995        0x3 
 .bss.user_irq_claimed
                0x20002998        0x2 CMakeFiles/mbot_classic_motor_test.dir/lib/pico-sdk/src/rp2_common/hardware_irq/irq.c.obj
 .bss._app_driver_count
                0x2000299a        0x1 CMakeFiles/mbot_classic_motor_test.dir/lib/pico-sdk/lib/tinyusb/src/device/usbd.c.obj
 .bss._usbd_initialized
                0x2000299b        0x1 CMakeFiles/mbot_classic_motor_test.dir/lib/pico-sdk/lib/tinyusb/src/device/usbd.c.obj
 .bss.boot2_copyout_valid
                0x2000299c        0x1 CMakeFiles/mbot_classic_motor_test.dir/lib/pico-sdk/src/rp2_common/hardware_flash/flash.c.obj
 .bss.claimed   0x2000299d        0x1 CMakeFiles/mbot_classic_motor_test.dir/lib/pico-sdk/src/rp2_common/hardware_timer/timer.c.obj
 .bss.irq_hander_chain_free_slot_head
                0x2000299e        0x1 CMakeFiles/mbot_classic_motor_test.dir/lib/pico-sdk/src/rp2_common/hardware_irq/irq.c.obj
 .bss.itf_num   0x2000299f        0x1 CMakeFiles/mbot_classic_motor_test.dir/lib/pico-sdk/src/rp2_common/pico_stdio_usb/reset_interface.c.obj
 .bss.low_priority_irq_num
                0x200029a0        0x1 CMakeFiles/mbot_classic_motor_test.dir/lib/pico-sdk/src/rp2_common/pico_stdio_usb/stdio_usb.c.obj
 .bss.timer_callbacks_pending
                0x200029a1        0x1 CMakeFiles/mbot_classic_motor_test.dir/lib/pico-sdk/src/rp2_common/hardware_timer/timer.c.obj
 *(COMMON)
                0x200029a4                        . = ALIGN (0x4)
 *fill*         0x200029a2        0x2 
                0x200029a4                        __bss_end__ = .

.heap           0x200029a4      0x800
                0x200029a4                        __end__ = .
                0x200029a4                        end = __end__
 *(.heap*)
 .heap          0x200029a4      0x800 CMakeFiles/mbot_classic_motor_test.dir/lib/pico-sdk/src/rp2_common/pico_standard_link/crt0.S.obj
                0x200031a4                        __HeapLimit = .

.stack1_dummy
 *(.stack1*)

.stack_dummy    0x20041000      0x800
 *(.stack*)
 .stack         0x20041000      0x800 CMakeFiles/mbot_classic_motor_test.dir/lib/pico-sdk/src/rp2_common/pico_standard_link/crt0.S.obj

.flash_end      0x1000ab3c        0x0
                0x1000ab3c                        __flash_binary_end = .
                0x20040000                        __StackLimit = (ORIGIN (RAM) + LENGTH (RAM))
                0x20041000                        __StackOneTop = (ORIGIN (SCRATCH_X) + LENGTH (SCRATCH_X))
                0x20042000                        __StackTop = (ORIGIN (SCRATCH_Y) + LENGTH (SCRATCH_Y))
                0x20041000                        __StackOneBottom = (__StackOneTop - SIZEOF (.stack1_dummy))
                0x20041800                        __StackBottom = (__StackTop - SIZEOF (.stack_dummy))
                0x20042000                        PROVIDE (__stack = __StackTop)
                0x00000001                        ASSERT ((__StackLimit >= __HeapLimit), region RAM overflowed)
                0x00000001                        ASSERT (((__binary_info_header_end - __logical_binary_start) <= 0x100), Binary info must be in first 256 bytes of the binary)
LOAD CMakeFiles/mbot_classic_motor_test.dir/tests/mbot_classic_motor_test.c.obj
LOAD CMakeFiles/mbot_classic_motor_test.dir/lib/pico-sdk/src/rp2_common/pico_stdlib/stdlib.c.obj
LOAD CMakeFiles/mbot_classic_motor_test.dir/lib/pico-sdk/src/rp2_common/hardware_gpio/gpio.c.obj
LOAD CMakeFiles/mbot_classic_motor_test.dir/lib/pico-sdk/src/rp2_common/hardware_claim/claim.c.obj
LOAD CMakeFiles/mbot_classic_motor_test.dir/lib/pico-sdk/src/rp2_common/pico_platform/platform.c.obj
LOAD CMakeFiles/mbot_classic_motor_test.dir/lib/pico-sdk/src/rp2_common/hardware_sync/sync.c.obj
LOAD CMakeFiles/mbot_classic_motor_test.dir/lib/pico-sdk/src/rp2_common/hardware_irq/irq.c.obj
LOAD CMakeFiles/mbot_classic_motor_test.dir/lib/pico-sdk/src/rp2_common/hardware_irq/irq_handler_chain.S.obj
LOAD CMakeFiles/mbot_classic_motor_test.dir/lib/pico-sdk/src/common/pico_sync/sem.c.obj
LOAD CMakeFiles/mbot_classic_motor_test.dir/lib/pico-sdk/src/common/pico_sync/lock_core.c.obj
LOAD CMakeFiles/mbot_classic_motor_test.dir/lib/pico-sdk/src/common/pico_time/time.c.obj
LOAD CMakeFiles/mbot_classic_motor_test.dir/lib/pico-sdk/src/common/pico_time/timeout_helper.c.obj
LOAD CMakeFiles/mbot_classic_motor_test.dir/lib/pico-sdk/src/rp2_common/hardware_timer/timer.c.obj
LOAD CMakeFiles/mbot_classic_motor_test.dir/lib/pico-sdk/src/common/pico_util/datetime.c.obj
LOAD CMakeFiles/mbot_classic_motor_test.dir/lib/pico-sdk/src/common/pico_util/pheap.c.obj
LOAD CMakeFiles/mbot_classic_motor_test.dir/lib/pico-sdk/src/common/pico_util/queue.c.obj
LOAD CMakeFiles/mbot_classic_motor_test.dir/lib/pico-sdk/src/common/pico_sync/mutex.c.obj
LOAD CMakeFiles/mbot_classic_motor_test.dir/lib/pico-sdk/src/common/pico_sync/critical_section.c.obj
LOAD CMakeFiles/mbot_classic_motor_test.dir/lib/pico-sdk/src/rp2_common/hardware_uart/uart.c.obj
LOAD CMakeFiles/mbot_classic_motor_test.dir/lib/pico-sdk/src/rp2_common/hardware_divider/divider.S.obj
LOAD CMakeFiles/mbot_classic_motor_test.dir/lib/pico-sdk/src/rp2_common/pico_runtime/runtime.c.obj
LOAD CMakeFiles/mbot_classic_motor_test.dir/lib/pico-sdk/src/rp2_common/hardware_clocks/clocks.c.obj
LOAD CMakeFiles/mbot_classic_motor_test.dir/lib/pico-sdk/src/rp2_common/hardware_pll/pll.c.obj
LOAD CMakeFiles/mbot_classic_motor_test.dir/lib/pico-sdk/src/rp2_common/hardware_vreg/vreg.c.obj
LOAD CMakeFiles/mbot_classic_motor_test.dir/lib/pico-sdk/src/rp2_common/hardware_watchdog/watchdog.c.obj
LOAD CMakeFiles/mbot_classic_motor_test.dir/lib/pico-sdk/src/rp2_common/hardware_xosc/xosc.c.obj
LOAD CMakeFiles/mbot_classic_motor_test.dir/lib/pico-sdk/src/rp2_common/pico_printf/printf.c.obj
LOAD CMakeFiles/mbot_classic_motor_test.dir/lib/pico-sdk/src/rp2_common/pico_bit_ops/bit_ops_aeabi.S.obj
LOAD CMakeFiles/mbot_classic_motor_test.dir/lib/pico-sdk/src/rp2_common/pico_bootrom/bootrom.c.obj
LOAD CMakeFiles/mbot_classic_motor_test.dir/lib/pico-sdk/src/rp2_common/pico_divider/divider.S.obj
LOAD CMakeFiles/mbot_classic_motor_test.dir/lib/pico-sdk/src/rp2_common/pico_double/double_aeabi.S.obj
LOAD CMakeFiles/mbot_classic_motor_test.dir/lib/pico-sdk/src/rp2_common/pico_double/double_init_rom.c.obj
LOAD CMakeFiles/mbot_classic_motor_test.dir/lib/pico-sdk/src/rp2_common/pico_double/double_math.c.obj
LOAD CMakeFiles/mbot_classic_motor_test.dir/lib/pico-sdk/src/rp2_common/pico_double/double_v1_rom_shim.S.obj
LOAD CMakeFiles/mbot_classic_motor_test.dir/lib/pico-sdk/src/rp2_common/pico_int64_ops/pico_int64_ops_aeabi.S.obj
LOAD CMakeFiles/mbot_classic_motor_test.dir/lib/pico-sdk/src/rp2_common/pico_float/float_aeabi.S.obj
LOAD CMakeFiles/mbot_classic_motor_test.dir/lib/pico-sdk/src/rp2_common/pico_float/float_init_rom.c.obj
LOAD CMakeFiles/mbot_classic_motor_test.dir/lib/pico-sdk/src/rp2_common/pico_float/float_math.c.obj
LOAD CMakeFiles/mbot_classic_motor_test.dir/lib/pico-sdk/src/rp2_common/pico_float/float_v1_rom_shim.S.obj
LOAD CMakeFiles/mbot_classic_motor_test.dir/lib/pico-sdk/src/rp2_common/pico_malloc/pico_malloc.c.obj
LOAD CMakeFiles/mbot_classic_motor_test.dir/lib/pico-sdk/src/rp2_common/pico_mem_ops/mem_ops_aeabi.S.obj
LOAD CMakeFiles/mbot_classic_motor_test.dir/lib/pico-sdk/src/rp2_common/pico_standard_link/crt0.S.obj
LOAD CMakeFiles/mbot_classic_motor_test.dir/lib/pico-sdk/src/rp2_common/pico_standard_link/new_delete.cpp.obj
LOAD CMakeFiles/mbot_classic_motor_test.dir/lib/pico-sdk/src/rp2_common/pico_standard_link/binary_info.c.obj
LOAD CMakeFiles/mbot_classic_motor_test.dir/lib/pico-sdk/src/rp2_common/pico_stdio/stdio.c.obj
LOAD CMakeFiles/mbot_classic_motor_test.dir/lib/pico-sdk/src/rp2_common/pico_stdio_usb/reset_interface.c.obj
LOAD CMakeFiles/mbot_classic_motor_test.dir/lib/pico-sdk/src/rp2_common/pico_stdio_usb/stdio_usb.c.obj
LOAD CMakeFiles/mbot_classic_motor_test.dir/lib/pico-sdk/src/rp2_common/pico_stdio_usb/stdio_usb_descriptors.c.obj
LOAD CMakeFiles/mbot_classic_motor_test.dir/lib/pico-sdk/lib/tinyusb/src/portable/raspberrypi/rp2040/dcd_rp2040.c.obj
LOAD CMakeFiles/mbot_classic_motor_test.dir/lib/pico-sdk/lib/tinyusb/src/portable/raspberrypi/rp2040/rp2040_usb.c.obj
LOAD CMakeFiles/mbot_classic_motor_test.dir/lib/pico-sdk/lib/tinyusb/src/device/usbd.c.obj
LOAD CMakeFiles/mbot_classic_motor_test.dir/lib/pico-sdk/lib/tinyusb/src/device/usbd_control.c.obj
LOAD CMakeFiles/mbot_classic_motor_test.dir/lib/pico-sdk/lib/tinyusb/src/class/audio/audio_device.c.obj
LOAD CMakeFiles/mbot_classic_motor_test.dir/lib/pico-sdk/lib/tinyusb/src/class/cdc/cdc_device.c.obj
LOAD CMakeFiles/mbot_classic_motor_test.dir/lib/pico-sdk/lib/tinyusb/src/class/dfu/dfu_device.c.obj
LOAD CMakeFiles/mbot_classic_motor_test.dir/lib/pico-sdk/lib/tinyusb/src/class/dfu/dfu_rt_device.c.obj
LOAD CMakeFiles/mbot_classic_motor_test.dir/lib/pico-sdk/lib/tinyusb/src/class/hid/hid_device.c.obj
LOAD CMakeFiles/mbot_classic_motor_test.dir/lib/pico-sdk/lib/tinyusb/src/class/midi/midi_device.c.obj
LOAD CMakeFiles/mbot_classic_motor_test.dir/lib/pico-sdk/lib/tinyusb/src/class/msc/msc_device.c.obj
LOAD CMakeFiles/mbot_classic_motor_test.dir/lib/pico-sdk/lib/tinyusb/src/class/net/ecm_rndis_device.c.obj
LOAD CMakeFiles/mbot_classic_motor_test.dir/lib/pico-sdk/lib/tinyusb/src/class/net/ncm_device.c.obj
LOAD CMakeFiles/mbot_classic_motor_test.dir/lib/pico-sdk/lib/tinyusb/src/class/usbtmc/usbtmc_device.c.obj
LOAD CMakeFiles/mbot_classic_motor_test.dir/lib/pico-sdk/lib/tinyusb/src/class/vendor/vendor_device.c.obj
LOAD CMakeFiles/mbot_classic_motor_test.dir/lib/pico-sdk/lib/tinyusb/src/class/video/video_device.c.obj
LOAD CMakeFiles/mbot_classic_motor_test.dir/lib/pico-sdk/lib/tinyusb/src/tusb.c.obj
LOAD CMakeFiles/mbot_classic_motor_test.dir/lib/pico-sdk/lib/tinyusb/src/common/tusb_fifo.c.obj
LOAD CMakeFiles/mbot_classic_motor_test.dir/lib/pico-sdk/src/rp2_common/pico_fix/rp2040_usb_device_enumeration/rp2040_usb_device_enumeration.c.obj
LOAD CMakeFiles/mbot_classic_motor_test.dir/lib/pico-sdk/src/rp2_common/pico_unique_id/unique_id.c.obj
LOAD CMakeFiles/mbot_classic_motor_test.dir/lib/pico-sdk/src/rp2_common/hardware_flash/flash.c.obj
LOAD CMakeFiles/mbot_classic_motor_test.dir/lib/pico-sdk/src/rp2_common/hardware_i2c/i2c.c.obj
LOAD CMakeFiles/mbot_classic_motor_test.dir/lib/pico-sdk/src/rp2_common/hardware_pio/pio.c.obj
LOAD CMakeFiles/mbot_classic_motor_test.dir/lib/pico-sdk/src/rp2_common/pico_multicore/multicore.c.obj
LOAD CMakeFiles/mbot_classic_motor_test.dir/lib/pico-sdk/src/rp2_common/hardware_adc/adc.c.obj
LOAD rc/librclib.a
LOAD mbot/libmbotlib.a
LOAD /tmp/ccYNwgRY.o
LOAD /usr/lib/gcc/arm-none-eabi/12.2.1/../../../arm-none-eabi/lib/thumb/v6-m/nofp/libstdc++.a
LOAD /usr/lib/gcc/arm-none-eabi/12.2.1/../../../arm-none-eabi/lib/thumb/v6-m/nofp/libm.a
START GROUP
LOAD /usr/lib/gcc/arm-none-eabi/12.2.1/thumb/v6-m/nofp/libgcc.a
LOAD /usr/lib/gcc/arm-none-eabi/12.2.1/../../../arm-none-eabi/lib/thumb/v6-m/nofp/libc.a
END GROUP
START GROUP
LOAD /usr/lib/gcc/arm-none-eabi/12.2.1/thumb/v6-m/nofp/libgcc.a
LOAD /usr/lib/gcc/arm-none-eabi/12.2.1/../../../arm-none-eabi/lib/thumb/v6-m/nofp/libc.a
LOAD /usr/lib/gcc/arm-none-eabi/12.2.1/../../../arm-none-eabi/lib/thumb/v6-m/nofp/libnosys.a
END GROUP
LOAD /usr/lib/gcc/arm-none-eabi/12.2.1/thumb/v6-m/nofp/crtend.o
LOAD /usr/lib/gcc/arm-none-eabi/12.2.1/thumb/v6-m/nofp/crtn.o
OUTPUT(mbot_classic_motor_test.elf elf32-littlearm)
LOAD linker stubs

.ARM.attributes
                0x00000000       0x28
 .ARM.attributes
                0x00000000       0x1e /usr/lib/gcc/arm-none-eabi/12.2.1/thumb/v6-m/nofp/crti.o
 .ARM.attributes
                0x0000001e       0x2c /usr/lib/gcc/arm-none-eabi/12.2.1/thumb/v6-m/nofp/crtbegin.o
 .ARM.attributes
                0x0000004a       0x2c CMakeFiles/mbot_classic_motor_test.dir/tests/mbot_classic_motor_test.c.obj
 .ARM.attributes
                0x00000076       0x2c CMakeFiles/mbot_classic_motor_test.dir/lib/pico-sdk/src/rp2_common/pico_stdlib/stdlib.c.obj
 .ARM.attributes