Archive member included to satisfy reference by file (symbol)

mbot/libmbotlib.a(motor.c.obj)
                              CMakeFiles/mbot_classic_v1.1.0_enc48.dir/src/mbot_classic.c.obj (mbot_motor_init)
mbot/libmbotlib.a(encoder.c.obj)
                              CMakeFiles/mbot_classic_v1.1.0_enc48.dir/src/mbot_classic.c.obj (mbot_encoder_init)
mbot/libmbotlib.a(fram.c.obj)
                              CMakeFiles/mbot_classic_v1.1.0_enc48.dir/src/mbot_classic.c.obj (mbot_init_fram)
mbot/libmbotlib.a(imu.c.obj)  CMakeFiles/mbot_classic_v1.1.0_enc48.dir/src/mbot_classic.c.obj (mbot_imu_default_config)
mbot/libmbotlib.a(utils.c.obj)
                              mbot/libmbotlib.a(fram.c.obj) (mbot_init_i2c)
mbot/libmbotlib.a(bhy_uc_driver.c.obj)
                              mbot/libmbotlib.a(imu.c.obj) (bhy_driver_init)
mbot/libmbotlib.a(bhy.c.obj)  mbot/libmbotlib.a(bhy_uc_driver.c.obj) (bhy_write_reg)
mbot/libmbotlib.a(bhy_support.c.obj)
                              mbot/libmbotlib.a(bhy_uc_driver.c.obj) (bhy_delay_msec)
rc/librclib.a(filter.c.obj)   CMakeFiles/mbot_classic_v1.1.0_enc48.dir/src/mbot_controller.c.obj (rc_filter_empty)
rc/librclib.a(polynomial.c.obj)
                              rc/librclib.a(filter.c.obj) (rc_poly_conv)
rc/librclib.a(ring_buffer.c.obj)
                              rc/librclib.a(filter.c.obj) (rc_ringbuf_alloc)
rc/librclib.a(vector.c.obj)   rc/librclib.a(filter.c.obj) (rc_vector_alloc)
rc/librclib.a(algebra_common.c.obj)
                              rc/librclib.a(vector.c.obj) (__vectorized_mult_accumulate)
rc/librclib.a(algebra.c.obj)  rc/librclib.a(filter.c.obj) (zero_tolerance)
rc/librclib.a(matrix.c.obj)   rc/librclib.a(algebra.c.obj) (rc_matrix_free)
rc/librclib.a(other.c.obj)    rc/librclib.a(vector.c.obj) (rc_get_random_double)
comms/libcomms.a(protocol.c.obj)
                              CMakeFiles/mbot_classic_v1.1.0_enc48.dir/src/mbot_comms.c.obj (comms_init_protocol)
comms/libcomms.a(listener.c.obj)
                              CMakeFiles/mbot_classic_v1.1.0_enc48.dir/src/mbot_comms.c.obj (comms_listener_loop)
comms/libcomms.a(topic_data.c.obj)
                              CMakeFiles/mbot_classic_v1.1.0_enc48.dir/src/mbot_comms.c.obj (comms_init_topic_data)
comms/libcomms.a(common.c.obj)
                              comms/libcomms.a(listener.c.obj) (checksum)
/usr/lib/gcc/arm-none-eabi/12.2.1/thumb/v6-m/nofp/libgcc.a(_dvmd_tls.o)
                              CMakeFiles/mbot_classic_v1.1.0_enc48.dir/lib/pico-sdk/src/rp2_common/pico_divider/divider.S.obj (__aeabi_idiv0)
/usr/lib/gcc/arm-none-eabi/12.2.1/../../../arm-none-eabi/lib/thumb/v6-m/nofp/libc.a(lib_a-atexit.o)
                              /usr/lib/gcc/arm-none-eabi/12.2.1/../../../arm-none-eabi/lib/thumb/v6-m/nofp/crt0.o (atexit)
/usr/lib/gcc/arm-none-eabi/12.2.1/../../../arm-none-eabi/lib/thumb/v6-m/nofp/libc.a(lib_a-calloc.o)
                              CMakeFiles/mbot_classic_v1.1.0_enc48.dir/lib/pico-sdk/src/rp2_common/pico_malloc/pico_malloc.c.obj (calloc)
/usr/lib/gcc/arm-none-eabi/12.2.1/../../../arm-none-eabi/lib/thumb/v6-m/nofp/libc.a(lib_a-callocr.o)
                              /usr/lib/gcc/arm-none-eabi/12.2.1/../../../arm-none-eabi/lib/thumb/v6-m/nofp/libc.a(lib_a-calloc.o) (_calloc_r)
/usr/lib/gcc/arm-none-eabi/12.2.1/../../../arm-none-eabi/lib/thumb/v6-m/nofp/libc.a(lib_a-fini.o)
                              /usr/lib/gcc/arm-none-eabi/12.2.1/../../../arm-none-eabi/lib/thumb/v6-m/nofp/crt0.o (__libc_fini_array)
/usr/lib/gcc/arm-none-eabi/12.2.1/../../../arm-none-eabi/lib/thumb/v6-m/nofp/libc.a(lib_a-fprintf.o)
                              rc/librclib.a(matrix.c.obj) (fprintf)
/usr/lib/gcc/arm-none-eabi/12.2.1/../../../arm-none-eabi/lib/thumb/v6-m/nofp/libc.a(lib_a-fwrite.o)
                              mbot/libmbotlib.a(motor.c.obj) (fwrite)
/usr/lib/gcc/arm-none-eabi/12.2.1/../../../arm-none-eabi/lib/thumb/v6-m/nofp/libc.a(lib_a-impure.o)
                              mbot/libmbotlib.a(motor.c.obj) (_impure_ptr)
/usr/lib/gcc/arm-none-eabi/12.2.1/../../../arm-none-eabi/lib/thumb/v6-m/nofp/libc.a(lib_a-init.o)
                              /usr/lib/gcc/arm-none-eabi/12.2.1/../../../arm-none-eabi/lib/thumb/v6-m/nofp/crt0.o (__libc_init_array)
/usr/lib/gcc/arm-none-eabi/12.2.1/../../../arm-none-eabi/lib/thumb/v6-m/nofp/libc.a(lib_a-malloc.o)
                              CMakeFiles/mbot_classic_v1.1.0_enc48.dir/lib/pico-sdk/src/rp2_common/pico_malloc/pico_malloc.c.obj (malloc)
/usr/lib/gcc/arm-none-eabi/12.2.1/../../../arm-none-eabi/lib/thumb/v6-m/nofp/libc.a(lib_a-mallocr.o)
                              /usr/lib/gcc/arm-none-eabi/12.2.1/../../../arm-none-eabi/lib/thumb/v6-m/nofp/libc.a(lib_a-callocr.o) (_malloc_r)
/usr/lib/gcc/arm-none-eabi/12.2.1/../../../arm-none-eabi/lib/thumb/v6-m/nofp/libc.a(lib_a-mlock.o)
                              /usr/lib/gcc/arm-none-eabi/12.2.1/../../../arm-none-eabi/lib/thumb/v6-m/nofp/libc.a(lib_a-mallocr.o) (__malloc_lock)
[...]
Memory Configuration

Name             Origin             Length             Attributes
FLASH            0x10000000         0x00200000         xr
RAM              0x20000000         0x00040000         xrw
SCRATCH_X        0x20040000         0x00001000         xrw
SCRATCH_Y        0x20041000         0x00001000         xrw
*default*        0x00000000         0xffffffff

Linker script and memory map

LOAD /usr/lib/gcc/arm-none-eabi/12.2.1/thumb/v6-m/nofp/crti.o
LOAD /usr/lib/gcc/arm-none-eabi/12.2.1/thumb/v6-m/nofp/crtbegin.o
LOAD /usr/lib/gcc/arm-none-eabi/12.2.1/../../../arm-none-eabi/lib/thumb/v6-m/nofp/crt0.o

.flash_begin    0x10000000        0x0
                0x10000000                        __flash_binary_start = .

.boot2          0x10000000      0x100
                0x10000000                        __boot2_start__ = .
 *(.boot2)
 .boot2         0x10000000      0x100 /tmp/ccACFKnZ.o
                0x10000100                        __boot2_end__ = .
                0x00000001                        ASSERT (((__boot2_end__ - __boot2_start__) == 0x100), ERROR: Pico second stage bootloader must be 256 bytes in size)

.text           0x10000100     0xf360
                0x10000100                        __logical_binary_start = .
 *(.vectors)
 .vectors       0x10000100       0xd4 CMakeFiles/mbot_classic_v1.1.0_enc48.dir/lib/pico-sdk/src/rp2_common/pico_standard_link/crt0.S.obj
                0x10000100                __vectors
                0x10000100                __VECTOR_TABLE
                0x100001c0                isr_invalid
                0x100001c0                __default_isrs_start
                0x100001c2                isr_nmi
                0x100001c4                isr_hardfault
                0x100001c6                isr_svcall
                0x100001c8                isr_pendsv
                0x100001ca                isr_systick
                0x100001cc                isr_irq30
                0x100001cc                __unhandled_user_irq
                0x100001cc                isr_irq13
                0x100001cc                isr_irq27
                0x100001cc                isr_irq31
                0x100001cc                isr_irq5
                0x100001cc                isr_irq11
                0x100001cc                isr_irq23
                0x100001cc                isr_irq18
                0x100001cc                isr_irq28
                0x100001cc                isr_irq19
                0x100001cc                isr_irq0
                0x100001cc                isr_irq6
                0x100001cc                isr_irq22
                0x100001cc                isr_irq17
                0x100001cc                isr_irq14
                0x100001cc                isr_irq2
                0x100001cc                isr_irq10
                0x100001cc                isr_irq8
                0x100001cc                isr_irq24
                0x100001cc                isr_irq1
                0x100001cc                isr_irq7
                0x100001cc                isr_irq21
                0x100001cc                isr_irq20
                0x100001cc                isr_irq15
                0x100001cc                isr_irq25
                0x100001cc                isr_irq4
                0x100001cc                isr_irq16
                0x100001cc                isr_irq29
                0x100001cc                isr_irq26
                0x100001cc                __default_isrs_end
                0x100001cc                isr_irq3
                0x100001cc                isr_irq12
                0x100001cc                isr_irq9
                0x100001d2                unhandled_user_irq_num_in_r0
 *(.binary_info_header)
 .binary_info_header
                0x100001d4       0x14 CMakeFiles/mbot_classic_v1.1.0_enc48.dir/lib/pico-sdk/src/rp2_common/pico_standard_link/crt0.S.obj
                0x100001e8                        __binary_info_header_end = .
 *(.reset)
 .reset         0x100001e8       0xa8 CMakeFiles/mbot_classic_v1.1.0_enc48.dir/lib/pico-sdk/src/rp2_common/pico_standard_link/crt0.S.obj
                0x100001e8                _entry_point
                0x10000266                __get_current_exception
 .reset         0x10000290       0x30 CMakeFiles/mbot_classic_v1.1.0_enc48.dir/lib/pico-sdk/src/rp2_common/pico_standard_link/binary_info.c.obj
 *(.init)
 .init          0x100002c0        0x4 /usr/lib/gcc/arm-none-eabi/12.2.1/thumb/v6-m/nofp/crti.o
                0x100002c0                _init
 *(EXCLUDE_FILE(*libm.a: *libc.a:*lib_a-mem*.o *libgcc.a:) .text*)
 .text          0x100002c4       0x98 /usr/lib/gcc/arm-none-eabi/12.2.1/thumb/v6-m/nofp/crtbegin.o
 .text.mbot_init_ctlr
                0x1000035c      0x164 CMakeFiles/mbot_classic_v1.1.0_enc48.dir/src/mbot_controller.c.obj
                0x1000035c                mbot_init_ctlr
 .text.mbot_motor_vel_ctlr
                0x100004c0       0x78 CMakeFiles/mbot_classic_v1.1.0_enc48.dir/src/mbot_controller.c.obj
                0x100004c0                mbot_motor_vel_ctlr
 .text.mbot_calculate_odometry
                0x10000538      0x1d4 CMakeFiles/mbot_classic_v1.1.0_enc48.dir/src/mbot_odometry.c.obj
                0x10000538                mbot_calculate_odometry
 .text.generateTableFloat.constprop.0
                0x1000070c      0x134 CMakeFiles/mbot_classic_v1.1.0_enc48.dir/src/mbot_print.c.obj
 .text.mbot_print_state
                0x10000840      0x2c4 CMakeFiles/mbot_classic_v1.1.0_enc48.dir/src/mbot_print.c.obj
                0x10000840                mbot_print_state
 .text.reset_odometry_cb
                0x10000b04       0x4c CMakeFiles/mbot_classic_v1.1.0_enc48.dir/src/mbot_comms.c.obj
                0x10000b04                reset_odometry_cb
 .text.mbot_vel_cmd_cb
                0x10000b50       0x20 CMakeFiles/mbot_classic_v1.1.0_enc48.dir/src/mbot_comms.c.obj
                0x10000b50                mbot_vel_cmd_cb
 .text.mbot_motor_vel_cmd_cb
                0x10000b70       0x20 CMakeFiles/mbot_classic_v1.1.0_enc48.dir/src/mbot_comms.c.obj
                0x10000b70                mbot_motor_vel_cmd_cb
 .text.mbot_motor_pwm_cmd_cb
                0x10000b90       0x20 CMakeFiles/mbot_classic_v1.1.0_enc48.dir/src/mbot_comms.c.obj
                0x10000b90                mbot_motor_pwm_cmd_cb
 .text.mbot_imu_t_deserialize
                0x10000bb0       0x14 CMakeFiles/mbot_classic_v1.1.0_enc48.dir/src/mbot_comms.c.obj
 .text.twist2D_t_deserialize
                0x10000bc4       0x14 CMakeFiles/mbot_classic_v1.1.0_enc48.dir/src/mbot_comms.c.obj
 .text.mbot_encoders_t_deserialize
                0x10000bd8       0x14 CMakeFiles/mbot_classic_v1.1.0_enc48.dir/src/mbot_comms.c.obj
 .text.timestamp_t_deserialize
                0x10000bec       0x14 CMakeFiles/mbot_classic_v1.1.0_enc48.dir/src/mbot_comms.c.obj
 .text.timestamp_cb
                0x10000c00       0x5c CMakeFiles/mbot_classic_v1.1.0_enc48.dir/src/mbot_comms.c.obj
                0x10000c00                timestamp_cb
 .text.reset_encoders_cb
                0x10000c5c       0x40 CMakeFiles/mbot_classic_v1.1.0_enc48.dir/src/mbot_comms.c.obj
                0x10000c5c                reset_encoders_cb
 .text.mbot_motor_vel_t_serialize
                0x10000c9c       0x14 CMakeFiles/mbot_classic_v1.1.0_enc48.dir/src/mbot_comms.c.obj
 .text.twist2D_t_serialize
                0x10000cb0       0x14 CMakeFiles/mbot_classic_v1.1.0_enc48.dir/src/mbot_comms.c.obj
 .text.timestamp_t_serialize
                0x10000cc4       0x14 CMakeFiles/mbot_classic_v1.1.0_enc48.dir/src/mbot_comms.c.obj
 .text.pose2D_t_deserialize
                0x10000cd8       0x14 CMakeFiles/mbot_classic_v1.1.0_enc48.dir/src/mbot_comms.c.obj
 .text.pose2D_t_serialize
                0x10000cec       0x14 CMakeFiles/mbot_classic_v1.1.0_enc48.dir/src/mbot_comms.c.obj
 .text.mbot_encoders_t_serialize
                0x10000d00       0x14 CMakeFiles/mbot_classic_v1.1.0_enc48.dir/src/mbot_comms.c.obj
 .text.mbot_imu_t_serialize
                0x10000d14       0x14 CMakeFiles/mbot_classic_v1.1.0_enc48.dir/src/mbot_comms.c.obj
 .text.mbot_motor_pwm_t_deserialize
                0x10000d28       0x14 CMakeFiles/mbot_classic_v1.1.0_enc48.dir/src/mbot_comms.c.obj
 .text.mbot_motor_pwm_t_serialize
                0x10000d3c       0x14 CMakeFiles/mbot_classic_v1.1.0_enc48.dir/src/mbot_comms.c.obj
 .text.mbot_motor_vel_t_deserialize
                0x10000d50       0x14 CMakeFiles/mbot_classic_v1.1.0_enc48.dir/src/mbot_comms.c.obj
 .text.register_topics
                0x10000d64      0x138 CMakeFiles/mbot_classic_v1.1.0_enc48.dir/src/mbot_comms.c.obj
                0x10000d64                register_topics
 .text.mbot_init_comms
                0x10000e9c       0x38 CMakeFiles/mbot_classic_v1.1.0_enc48.dir/src/mbot_comms.c.obj
                0x10000e9c                mbot_init_comms
 .text.mbot_loop
                0x10000ed4      0xa3c CMakeFiles/mbot_classic_v1.1.0_enc48.dir/src/mbot_classic.c.obj
                0x10000ed4                mbot_loop
 .text.mbot_init_pico
                0x10001910       0x4c CMakeFiles/mbot_classic_v1.1.0_enc48.dir/src/mbot_classic.c.obj
                0x10001910                mbot_init_pico
 .text.mbot_init_hardware
                0x1000195c       0x84 CMakeFiles/mbot_classic_v1.1.0_enc48.dir/src/mbot_classic.c.obj
                0x1000195c                mbot_init_hardware
 .text.print_mbot_params
                0x100019e0       0xe4 CMakeFiles/mbot_classic_v1.1.0_enc48.dir/src/mbot_classic.c.obj
                0x100019e0                print_mbot_params
 .text.startup.main
                0x10001ac4      0x204 CMakeFiles/mbot_classic_v1.1.0_enc48.dir/src/mbot_classic.c.obj
                0x10001ac4                main
 .text.set_sys_clock_pll
                0x10001cc8       0x78 CMakeFiles/mbot_classic_v1.1.0_enc48.dir/lib/pico-sdk/src/rp2_common/pico_stdlib/stdlib.c.obj
                0x10001cc8                set_sys_clock_pll
 .text.check_sys_clock_khz
                0x10001d40      0x20c CMakeFiles/mbot_classic_v1.1.0_enc48.dir/lib/pico-sdk/src/rp2_common/pico_stdlib/stdlib.c.obj
                0x10001d40                check_sys_clock_khz
 .text.gpio_default_irq_handler
                0x10001f4c      0x204 CMakeFiles/mbot_classic_v1.1.0_enc48.dir/lib/pico-sdk/src/rp2_common/hardware_gpio/gpio.c.obj
 .text.gpio_set_function
                0x10002150       0x30 CMakeFiles/mbot_classic_v1.1.0_enc48.dir/lib/pico-sdk/src/rp2_common/hardware_gpio/gpio.c.obj
                0x10002150                gpio_set_function
 .text.gpio_get_function
                0x10002180       0x14 CMakeFiles/mbot_classic_v1.1.0_enc48.dir/lib/pico-sdk/src/rp2_common/hardware_gpio/gpio.c.obj
                0x10002180                gpio_get_function
 .text.gpio_set_pulls
                0x10002194       0x24 CMakeFiles/mbot_classic_v1.1.0_enc48.dir/lib/pico-sdk/src/rp2_common/hardware_gpio/gpio.c.obj
                0x10002194                gpio_set_pulls
 .text.gpio_set_irq_enabled_with_callback
                0x100021b8       0xc4 CMakeFiles/mbot_classic_v1.1.0_enc48.dir/lib/pico-sdk/src/rp2_common/hardware_gpio/gpio.c.obj
                0x100021b8                gpio_set_irq_enabled_with_callback
 .text.gpio_init
                0x1000227c       0x3c CMakeFiles/mbot_classic_v1.1.0_enc48.dir/lib/pico-sdk/src/rp2_common/hardware_gpio/gpio.c.obj
                0x1000227c                gpio_init
 .text.hw_claim_lock
                0x100022b8       0x18 CMakeFiles/mbot_classic_v1.1.0_enc48.dir/lib/pico-sdk/src/rp2_common/hardware_claim/claim.c.obj
                0x100022b8                hw_claim_lock
 .text.hw_claim_unlock
                0x100022d0       0x14 CMakeFiles/mbot_classic_v1.1.0_enc48.dir/lib/pico-sdk/src/rp2_common/hardware_claim/claim.c.obj
                0x100022d0                hw_claim_unlock
 .text.hw_is_claimed
                0x100022e4       0x18 CMakeFiles/mbot_classic_v1.1.0_enc48.dir/lib/pico-sdk/src/rp2_common/hardware_claim/claim.c.obj
                0x100022e4                hw_is_claimed
 .text.hw_claim_or_assert
                0x100022fc       0x44 CMakeFiles/mbot_classic_v1.1.0_enc48.dir/lib/pico-sdk/src/rp2_common/hardware_claim/claim.c.obj
                0x100022fc                hw_claim_or_assert
 .text.hw_claim_unused_from_range
                0x10002340       0x9c CMakeFiles/mbot_classic_v1.1.0_enc48.dir/lib/pico-sdk/src/rp2_common/hardware_claim/claim.c.obj
                0x10002340                hw_claim_unused_from_range
 .text.running_on_fpga
                0x100023dc       0x10 CMakeFiles/mbot_classic_v1.1.0_enc48.dir/lib/pico-sdk/src/rp2_common/pico_platform/platform.c.obj
                0x100023dc                running_on_fpga
 .text.spin_locks_reset
                0x100023ec       0x1c CMakeFiles/mbot_classic_v1.1.0_enc48.dir/lib/pico-sdk/src/rp2_common/hardware_sync/sync.c.obj
                0x100023ec                spin_locks_reset
 .text.next_striped_spin_lock_num
                0x10002408       0x18 CMakeFiles/mbot_classic_v1.1.0_enc48.dir/lib/pico-sdk/src/rp2_common/hardware_sync/sync.c.obj
                0x10002408                next_striped_spin_lock_num
 .text.spin_lock_claim_unused
                0x10002420       0x24 CMakeFiles/mbot_classic_v1.1.0_enc48.dir/lib/pico-sdk/src/rp2_common/hardware_sync/sync.c.obj
                0x10002420                spin_lock_claim_unused
 .text.irq_set_enabled
                0x10002444       0x24 CMakeFiles/mbot_classic_v1.1.0_enc48.dir/lib/pico-sdk/src/rp2_common/hardware_irq/irq.c.obj
                0x10002444                irq_set_enabled
 .text.irq_is_enabled
                0x10002468       0x18 CMakeFiles/mbot_classic_v1.1.0_enc48.dir/lib/pico-sdk/src/rp2_common/hardware_irq/irq.c.obj
                0x10002468                irq_is_enabled
 .text.irq_set_pending
                0x10002480       0x10 CMakeFiles/mbot_classic_v1.1.0_enc48.dir/lib/pico-sdk/src/rp2_common/hardware_irq/irq.c.obj
                0x10002480                irq_set_pending
 .text.irq_has_shared_handler
                0x10002490       0x2c CMakeFiles/mbot_classic_v1.1.0_enc48.dir/lib/pico-sdk/src/rp2_common/hardware_irq/irq.c.obj
                0x10002490                irq_has_shared_handler
 .text.irq_get_vtable_handler
                0x100024bc       0x10 CMakeFiles/mbot_classic_v1.1.0_enc48.dir/lib/pico-sdk/src/rp2_common/hardware_irq/irq.c.obj
                0x100024bc                irq_get_vtable_handler
 .text.irq_set_exclusive_handler
                0x100024cc       0x54 CMakeFiles/mbot_classic_v1.1.0_enc48.dir/lib/pico-sdk/src/rp2_common/hardware_irq/irq.c.obj
                0x100024cc                irq_set_exclusive_handler
 .text.irq_add_shared_handler
                0x10002520      0x1f4 CMakeFiles/mbot_classic_v1.1.0_enc48.dir/lib/pico-sdk/src/rp2_common/hardware_irq/irq.c.obj
                0x10002520                irq_add_shared_handler
 .text.irq_remove_handler
                0x10002714      0x1cc CMakeFiles/mbot_classic_v1.1.0_enc48.dir/lib/pico-sdk/src/rp2_common/hardware_irq/irq.c.obj
                0x10002714                irq_remove_handler
 .text.irq_add_tail_to_free_list
                0x100028e0       0xb4 CMakeFiles/mbot_classic_v1.1.0_enc48.dir/lib/pico-sdk/src/rp2_common/hardware_irq/irq.c.obj
                0x100028e0                irq_add_tail_to_free_list
 .text.irq_init_priorities
                0x10002994       0x24 CMakeFiles/mbot_classic_v1.1.0_enc48.dir/lib/pico-sdk/src/rp2_common/hardware_irq/irq.c.obj
                0x10002994                irq_init_priorities
 .text.user_irq_claim_unused
                0x100029b8       0x30 CMakeFiles/mbot_classic_v1.1.0_enc48.dir/lib/pico-sdk/src/rp2_common/hardware_irq/irq.c.obj
                0x100029b8                user_irq_claim_unused
 .text.lock_init
                0x100029e8       0x10 CMakeFiles/mbot_classic_v1.1.0_enc48.dir/lib/pico-sdk/src/common/pico_sync/lock_core.c.obj
                0x100029e8                lock_init
 .text.timer_pool_entry_comparator
                0x100029f8       0x34 CMakeFiles/mbot_classic_v1.1.0_enc48.dir/lib/pico-sdk/src/common/pico_time/time.c.obj
                0x100029f8                timer_pool_entry_comparator
 .text.repeating_timer_callback
                0x10002a2c       0x1c CMakeFiles/mbot_classic_v1.1.0_enc48.dir/lib/pico-sdk/src/common/pico_time/time.c.obj
 .text.sleep_until_callback
                0x10002a48       0x30 CMakeFiles/mbot_classic_v1.1.0_enc48.dir/lib/pico-sdk/src/common/pico_time/time.c.obj
 .text.add_alarm_under_lock.isra.0
                0x10002a78      0x100 CMakeFiles/mbot_classic_v1.1.0_enc48.dir/lib/pico-sdk/src/common/pico_time/time.c.obj
 .text.alarm_pool_alarm_callback
                0x10002b78      0x1c4 CMakeFiles/mbot_classic_v1.1.0_enc48.dir/lib/pico-sdk/src/common/pico_time/time.c.obj
 .text.alarm_pool_add_alarm_at.constprop.0
                0x10002d3c      0x11c CMakeFiles/mbot_classic_v1.1.0_enc48.dir/lib/pico-sdk/src/common/pico_time/time.c.obj
 .text.alarm_pool_init_default
                0x10002e58       0x64 CMakeFiles/mbot_classic_v1.1.0_enc48.dir/lib/pico-sdk/src/common/pico_time/time.c.obj
                0x10002e58                alarm_pool_init_default
 .text.alarm_pool_get_default
                0x10002ebc        0x8 CMakeFiles/mbot_classic_v1.1.0_enc48.dir/lib/pico-sdk/src/common/pico_time/time.c.obj
                0x10002ebc                alarm_pool_get_default
 .text.alarm_pool_add_alarm_at
                0x10002ec4      0x19c CMakeFiles/mbot_classic_v1.1.0_enc48.dir/lib/pico-sdk/src/common/pico_time/time.c.obj
                0x10002ec4                alarm_pool_add_alarm_at
 .text.alarm_pool_add_repeating_timer_us
                0x10003060      0x240 CMakeFiles/mbot_classic_v1.1.0_enc48.dir/lib/pico-sdk/src/common/pico_time/time.c.obj
                0x10003060                alarm_pool_add_repeating_timer_us
 .text.sleep_until
                0x100032a0       0xac CMakeFiles/mbot_classic_v1.1.0_enc48.dir/lib/pico-sdk/src/common/pico_time/time.c.obj
                0x100032a0                sleep_until
 .text.sleep_us
                0x1000334c       0x30 CMakeFiles/mbot_classic_v1.1.0_enc48.dir/lib/pico-sdk/src/common/pico_time/time.c.obj
                0x1000334c                sleep_us
 .text.sleep_ms
                0x1000337c       0x38 CMakeFiles/mbot_classic_v1.1.0_enc48.dir/lib/pico-sdk/src/common/pico_time/time.c.obj
                0x1000337c                sleep_ms
 .text.best_effort_wfe_or_timeout
                0x100033b4       0xd0 CMakeFiles/mbot_classic_v1.1.0_enc48.dir/lib/pico-sdk/src/common/pico_time/time.c.obj
                0x100033b4                best_effort_wfe_or_timeout
 .text.hardware_alarm_irq_handler
                0x10003484       0xb8 CMakeFiles/mbot_classic_v1.1.0_enc48.dir/lib/pico-sdk/src/rp2_common/hardware_timer/timer.c.obj
 .text.hardware_alarm_claim
                0x1000353c       0x18 CMakeFiles/mbot_classic_v1.1.0_enc48.dir/lib/pico-sdk/src/rp2_common/hardware_timer/timer.c.obj
                0x1000353c                hardware_alarm_claim
 .text.time_us_64
                0x10003554       0x14 CMakeFiles/mbot_classic_v1.1.0_enc48.dir/lib/pico-sdk/src/rp2_common/hardware_timer/timer.c.obj
                0x10003554                time_us_64
 .text.busy_wait_us
                0x10003568       0x68 CMakeFiles/mbot_classic_v1.1.0_enc48.dir/lib/pico-sdk/src/rp2_common/hardware_timer/timer.c.obj
                0x10003568                busy_wait_us
 .text.busy_wait_until
                0x100035d0       0x20 CMakeFiles/mbot_classic_v1.1.0_enc48.dir/lib/pico-sdk/src/rp2_common/hardware_timer/timer.c.obj
                0x100035d0                busy_wait_until
 .text.hardware_alarm_set_callback
                0x100035f0       0x8c CMakeFiles/mbot_classic_v1.1.0_enc48.dir/lib/pico-sdk/src/rp2_common/hardware_timer/timer.c.obj
                0x100035f0                hardware_alarm_set_callback
 .text.hardware_alarm_set_target
                0x1000367c       0xdc CMakeFiles/mbot_classic_v1.1.0_enc48.dir/lib/pico-sdk/src/rp2_common/hardware_timer/timer.c.obj
                0x1000367c                hardware_alarm_set_target
 .text.hardware_alarm_cancel
                0x10003758       0x3c CMakeFiles/mbot_classic_v1.1.0_enc48.dir/lib/pico-sdk/src/rp2_common/hardware_timer/timer.c.obj
                0x10003758                hardware_alarm_cancel
 .text.ph_merge_nodes
                0x10003794       0x64 CMakeFiles/mbot_classic_v1.1.0_enc48.dir/lib/pico-sdk/src/common/pico_util/pheap.c.obj
 .text.ph_post_alloc_init
                0x100037f8       0x3c CMakeFiles/mbot_classic_v1.1.0_enc48.dir/lib/pico-sdk/src/common/pico_util/pheap.c.obj
                0x100037f8                ph_post_alloc_init
 .text.ph_merge_two_pass
                0x10003834       0x98 CMakeFiles/mbot_classic_v1.1.0_enc48.dir/lib/pico-sdk/src/common/pico_util/pheap.c.obj
                0x10003834                ph_merge_two_pass
 .text.ph_remove_any_head
                0x100038cc      0x12c CMakeFiles/mbot_classic_v1.1.0_enc48.dir/lib/pico-sdk/src/common/pico_util/pheap.c.obj
 .text.ph_remove_head
                0x100039f8      0x130 CMakeFiles/mbot_classic_v1.1.0_enc48.dir/lib/pico-sdk/src/common/pico_util/pheap.c.obj
                0x100039f8                ph_remove_head
 .text.ph_remove_and_free_node
                0x10003b28       0x78 CMakeFiles/mbot_classic_v1.1.0_enc48.dir/lib/pico-sdk/src/common/pico_util/pheap.c.obj
                0x10003b28                ph_remove_and_free_node
 .text.mutex_init
                0x10003ba0       0x1c CMakeFiles/mbot_classic_v1.1.0_enc48.dir/lib/pico-sdk/src/common/pico_sync/mutex.c.obj
                0x10003ba0                mutex_init
 .text.recursive_mutex_init
                0x10003bbc       0x1c CMakeFiles/mbot_classic_v1.1.0_enc48.dir/lib/pico-sdk/src/common/pico_sync/mutex.c.obj
                0x10003bbc                recursive_mutex_init
 .text.critical_section_init
                0x10003bd8       0x1c CMakeFiles/mbot_classic_v1.1.0_enc48.dir/lib/pico-sdk/src/common/pico_sync/critical_section.c.obj
                0x10003bd8                critical_section_init
 .text.runtime_init
                0x10003bf4       0xf0 CMakeFiles/mbot_classic_v1.1.0_enc48.dir/lib/pico-sdk/src/rp2_common/pico_runtime/runtime.c.obj
                0x10003bf4                runtime_init
 .text._sbrk    0x10003ce4       0x34 CMakeFiles/mbot_classic_v1.1.0_enc48.dir/lib/pico-sdk/src/rp2_common/pico_runtime/runtime.c.obj
                0x10003ce4                _sbrk
 .text.exit     0x10003d18        0x4 CMakeFiles/mbot_classic_v1.1.0_enc48.dir/lib/pico-sdk/src/rp2_common/pico_runtime/runtime.c.obj
                0x10003d18                exit
 .text.panic    0x10003d1c       0x30 CMakeFiles/mbot_classic_v1.1.0_enc48.dir/lib/pico-sdk/src/rp2_common/pico_runtime/runtime.c.obj
                0x10003d1c                panic
 .text.hard_assertion_failure
                0x10003d4c        0xc CMakeFiles/mbot_classic_v1.1.0_enc48.dir/lib/pico-sdk/src/rp2_common/pico_runtime/runtime.c.obj
                0x10003d4c                hard_assertion_failure
 .text.clock_configure
                0x10003d58      0x110 CMakeFiles/mbot_classic_v1.1.0_enc48.dir/lib/pico-sdk/src/rp2_common/hardware_clocks/clocks.c.obj
                0x10003d58                clock_configure
 .text.clocks_init
                0x10003e68      0x2b4 CMakeFiles/mbot_classic_v1.1.0_enc48.dir/lib/pico-sdk/src/rp2_common/hardware_clocks/clocks.c.obj
                0x10003e68                clocks_init
 .text.clock_get_hz
                0x1000411c        0xc CMakeFiles/mbot_classic_v1.1.0_enc48.dir/lib/pico-sdk/src/rp2_common/hardware_clocks/clocks.c.obj
                0x1000411c                clock_get_hz
 .text.pll_init
                0x10004128       0xa8 CMakeFiles/mbot_classic_v1.1.0_enc48.dir/lib/pico-sdk/src/rp2_common/hardware_pll/pll.c.obj
                0x10004128                pll_init
 .text.watchdog_start_tick
                0x100041d0       0x10 CMakeFiles/mbot_classic_v1.1.0_enc48.dir/lib/pico-sdk/src/rp2_common/hardware_watchdog/watchdog.c.obj
                0x100041d0                watchdog_start_tick
 .text.watchdog_reboot
                0x100041e0       0x9c CMakeFiles/mbot_classic_v1.1.0_enc48.dir/lib/pico-sdk/src/rp2_common/hardware_watchdog/watchdog.c.obj
                0x100041e0                watchdog_reboot
 .text.xosc_init
                0x1000427c       0x28 CMakeFiles/mbot_classic_v1.1.0_enc48.dir/lib/pico-sdk/src/rp2_common/hardware_xosc/xosc.c.obj
                0x1000427c                xosc_init
 .text._out_buffer
                0x100042a4        0x8 CMakeFiles/mbot_classic_v1.1.0_enc48.dir/lib/pico-sdk/src/rp2_common/pico_printf/printf.c.obj
 .text._out_null
                0x100042ac        0x4 CMakeFiles/mbot_classic_v1.1.0_enc48.dir/lib/pico-sdk/src/rp2_common/pico_printf/printf.c.obj
 .text._out_rev
                0x100042b0       0x90 CMakeFiles/mbot_classic_v1.1.0_enc48.dir/lib/pico-sdk/src/rp2_common/pico_printf/printf.c.obj
 .text._ntoa_format
                0x10004340      0x1f4 CMakeFiles/mbot_classic_v1.1.0_enc48.dir/lib/pico-sdk/src/rp2_common/pico_printf/printf.c.obj
 .text._out_char
                0x10004534       0x10 CMakeFiles/mbot_classic_v1.1.0_enc48.dir/lib/pico-sdk/src/rp2_common/pico_printf/printf.c.obj
 .text._out_fct
                0x10004544       0x10 CMakeFiles/mbot_classic_v1.1.0_enc48.dir/lib/pico-sdk/src/rp2_common/pico_printf/printf.c.obj
 .text._etoa    0x10004554      0x454 CMakeFiles/mbot_classic_v1.1.0_enc48.dir/lib/pico-sdk/src/rp2_common/pico_printf/printf.c.obj
 .text._ftoa    0x100049a8      0x3c4 CMakeFiles/mbot_classic_v1.1.0_enc48.dir/lib/pico-sdk/src/rp2_common/pico_printf/printf.c.obj
 .text._vsnprintf
                0x10004d6c      0xb24 CMakeFiles/mbot_classic_v1.1.0_enc48.dir/lib/pico-sdk/src/rp2_common/pico_printf/printf.c.obj
 .text.__wrap_sprintf
                0x10005890       0x2c CMakeFiles/mbot_classic_v1.1.0_enc48.dir/lib/pico-sdk/src/rp2_common/pico_printf/printf.c.obj
                0x10005890                __wrap_sprintf
 .text.vfctprintf
                0x100058bc       0x20 CMakeFiles/mbot_classic_v1.1.0_enc48.dir/lib/pico-sdk/src/rp2_common/pico_printf/printf.c.obj
                0x100058bc                vfctprintf
 .text.weak_raw_vprintf
                0x100058dc       0x30 CMakeFiles/mbot_classic_v1.1.0_enc48.dir/lib/pico-sdk/src/rp2_common/pico_printf/printf.c.obj
                0x100058dc                weak_raw_vprintf
 .text          0x1000590c       0x10 CMakeFiles/mbot_classic_v1.1.0_enc48.dir/lib/pico-sdk/src/rp2_common/pico_bit_ops/bit_ops_aeabi.S.obj
 .text.rom_func_lookup
                0x1000591c       0x10 CMakeFiles/mbot_classic_v1.1.0_enc48.dir/lib/pico-sdk/src/rp2_common/pico_bootrom/bootrom.c.obj
                0x1000591c                rom_func_lookup
 .text.rom_data_lookup
                0x1000592c       0x10 CMakeFiles/mbot_classic_v1.1.0_enc48.dir/lib/pico-sdk/src/rp2_common/pico_bootrom/bootrom.c.obj
                0x1000592c                rom_data_lookup
 .text.rom_funcs_lookup
                0x1000593c       0x44 CMakeFiles/mbot_classic_v1.1.0_enc48.dir/lib/pico-sdk/src/rp2_common/pico_bootrom/bootrom.c.obj
                0x1000593c                rom_funcs_lookup
 .text.__wrap___aeabi_idiv
                0x10005980       0x50 CMakeFiles/mbot_classic_v1.1.0_enc48.dir/lib/pico-sdk/src/rp2_common/pico_divider/divider.S.obj
                0x10005980                __wrap___aeabi_idivmod
                0x10005980                divmod_s32s32
                0x10005980                div_s32s32
                0x10005980                __wrap___aeabi_idiv
                0x10005988                divmod_s32s32_unsafe
                0x100059b4                divmod_s32s32_savestate
 .text.__wrap___aeabi_uidiv
                0x100059d0       0x4c CMakeFiles/mbot_classic_v1.1.0_enc48.dir/lib/pico-sdk/src/rp2_common/pico_divider/divider.S.obj
                0x100059d0                __wrap___aeabi_uidiv
                0x100059d0                __wrap___aeabi_uidivmod
                0x100059d0                div_u32u32
                0x100059d0                divmod_u32u32
                0x100059d8                divmod_u32u32_unsafe
                0x10005a00                divmod_u32u32_savestate
 .text.__wrap___aeabi_ldiv
                0x10005a1c      0x434 CMakeFiles/mbot_classic_v1.1.0_enc48.dir/lib/pico-sdk/src/rp2_common/pico_divider/divider.S.obj
                0x10005a1c                div_s64s64
                0x10005a1c                divmod_s64s64
                0x10005a1c                __wrap___aeabi_ldivmod
                0x10005a54                div_u64u64
                0x10005a54                divmod_u64u64
                0x10005a54                __wrap___aeabi_uldivmod
                0x10005a64                divmod_u64u64_savestate
                0x10005a8c                divmod_s64s64_unsafe
                0x10005b14                divmod_u64u64_unsafe
 .text.push_r8_r11
                0x10005e50        0xc CMakeFiles/mbot_classic_v1.1.0_enc48.dir/lib/pico-sdk/src/rp2_common/pico_double/double_aeabi.S.obj
                0x10005e50                push_r8_r11
 .text.pop_r8_r11
                0x10005e5c        0xc CMakeFiles/mbot_classic_v1.1.0_enc48.dir/lib/pico-sdk/src/rp2_common/pico_double/double_aeabi.S.obj
                0x10005e5c                pop_r8_r11
 .text.__wrap___aeabi_darithmetic
                0x10005e68       0x80 CMakeFiles/mbot_classic_v1.1.0_enc48.dir/lib/pico-sdk/src/rp2_common/pico_double/double_aeabi.S.obj
                0x10005e68                __wrap___aeabi_drsub
                0x10005e6e                __wrap___aeabi_dsub
                0x10005e80                __wrap___aeabi_dadd
                0x10005e92                __wrap___aeabi_ddiv
                0x10005ece                __wrap___aeabi_dmul
 .text.__wrap___aeabi_cdcmple
                0x10005ee8       0x6c CMakeFiles/mbot_classic_v1.1.0_enc48.dir/lib/pico-sdk/src/rp2_common/pico_double/double_aeabi.S.obj
                0x10005ee8                __wrap___aeabi_cdrcmple
                0x10005ef8                __wrap___aeabi_cdcmple
                0x10005ef8                __wrap___aeabi_cdcmpeq
 .text.__wrap___aeabi_dcmplt
                0x10005f54        0xc CMakeFiles/mbot_classic_v1.1.0_enc48.dir/lib/pico-sdk/src/rp2_common/pico_double/double_aeabi.S.obj
                0x10005f54                __wrap___aeabi_dcmplt
 .text.__wrap___aeabi_dcmple
                0x10005f60       0x10 CMakeFiles/mbot_classic_v1.1.0_enc48.dir/lib/pico-sdk/src/rp2_common/pico_double/double_aeabi.S.obj
                0x10005f60                __wrap___aeabi_dcmple
 .text.__wrap___aeabi_dcmpge
                0x10005f70       0x10 CMakeFiles/mbot_classic_v1.1.0_enc48.dir/lib/pico-sdk/src/rp2_common/pico_double/double_aeabi.S.obj
                0x10005f70                __wrap___aeabi_dcmpge
 .text.__wrap___aeabi_dcmpgt
                0x10005f80        0xa CMakeFiles/mbot_classic_v1.1.0_enc48.dir/lib/pico-sdk/src/rp2_common/pico_double/double_aeabi.S.obj
                0x10005f80                __wrap___aeabi_dcmpgt
 .text.__wrap___aeabi_dcmpun
                0x10005f8a       0x1c CMakeFiles/mbot_classic_v1.1.0_enc48.dir/lib/pico-sdk/src/rp2_common/pico_double/double_aeabi.S.obj
                0x10005f8a                __wrap___aeabi_dcmpun
 *fill*         0x10005fa6        0x2 
 .text.__wrap___aeabi_i2d
                0x10005fa8       0x38 CMakeFiles/mbot_classic_v1.1.0_enc48.dir/lib/pico-sdk/src/rp2_common/pico_double/double_aeabi.S.obj
                0x10005fa8                __wrap___aeabi_ui2d
                0x10005fb0                __wrap___aeabi_i2d
 .text.__wrap___aeabi_d2iz
                0x10005fe0       0x48 CMakeFiles/mbot_classic_v1.1.0_enc48.dir/lib/pico-sdk/src/rp2_common/pico_double/double_aeabi.S.obj
                0x10005fe0                __wrap___aeabi_d2iz
                0x10005fe0                double2int_z
 .text.__wrap___aeabi_d2uiz
                0x10006028       0x18 CMakeFiles/mbot_classic_v1.1.0_enc48.dir/lib/pico-sdk/src/rp2_common/pico_double/double_aeabi.S.obj
                0x10006028                double2uint
                0x10006028                __wrap___aeabi_d2uiz
 .text.fix642double
                0x10006040       0x18 CMakeFiles/mbot_classic_v1.1.0_enc48.dir/lib/pico-sdk/src/rp2_common/pico_double/double_aeabi.S.obj
                0x10006040                fix642double
 .text.__wrap___aeabi_ul2d
                0x10006058       0x18 CMakeFiles/mbot_classic_v1.1.0_enc48.dir/lib/pico-sdk/src/rp2_common/pico_double/double_aeabi.S.obj
                0x10006058                __wrap___aeabi_ul2d
 .text.__wrap___aeabi_d2f
                0x10006070       0x18 CMakeFiles/mbot_classic_v1.1.0_enc48.dir/lib/pico-sdk/src/rp2_common/pico_double/double_aeabi.S.obj
                0x10006070                __wrap___aeabi_d2f
 .text.__wrap_sincostan_remainder
                0x10006088       0x14 CMakeFiles/mbot_classic_v1.1.0_enc48.dir/lib/pico-sdk/src/rp2_common/pico_double/double_aeabi.S.obj
                0x10006088                sincostan_remainder
 .text.__wrap_cos
                0x1000609c       0x2c CMakeFiles/mbot_classic_v1.1.0_enc48.dir/lib/pico-sdk/src/rp2_common/pico_double/double_aeabi.S.obj
                0x1000609c                __wrap_cos
 .text.__wrap_sin
                0x100060c8       0x2c CMakeFiles/mbot_classic_v1.1.0_enc48.dir/lib/pico-sdk/src/rp2_common/pico_double/double_aeabi.S.obj
                0x100060c8                __wrap_sin
 .text.__aeabi_double_init
                0x100060f4       0x98 CMakeFiles/mbot_classic_v1.1.0_enc48.dir/lib/pico-sdk/src/rp2_common/pico_double/double_init_rom.c.obj
                0x100060f4                __aeabi_double_init
 .text.__wrap_remquo
                0x1000618c      0x278 CMakeFiles/mbot_classic_v1.1.0_enc48.dir/lib/pico-sdk/src/rp2_common/pico_double/double_math.c.obj
                0x1000618c                __wrap_remquo
 .text.__wrap_remainder
                0x10006404       0x10 CMakeFiles/mbot_classic_v1.1.0_enc48.dir/lib/pico-sdk/src/rp2_common/pico_double/double_math.c.obj
                0x10006404                __wrap_remainder
 .text.double_table_shim_on_use_helper
                0x10006414       0x2c CMakeFiles/mbot_classic_v1.1.0_enc48.dir/lib/pico-sdk/src/rp2_common/pico_double/double_v1_rom_shim.S.obj
                0x10006414                double_table_shim_on_use_helper
 .text.__wrap___aeabi_dsub
                0x10006440       0x10 CMakeFiles/mbot_classic_v1.1.0_enc48.dir/lib/pico-sdk/src/rp2_common/pico_double/double_v1_rom_shim.S.obj
                0x10006440                drsub_shim
                0x10006446                dsub_shim
 .text.dadd_shim
                0x10006450      0x15c CMakeFiles/mbot_classic_v1.1.0_enc48.dir/lib/pico-sdk/src/rp2_common/pico_double/double_v1_rom_shim.S.obj
                0x10006450                dadd_shim
 .text.dmul_shim
                0x100065ac      0x15c CMakeFiles/mbot_classic_v1.1.0_enc48.dir/lib/pico-sdk/src/rp2_common/pico_double/double_v1_rom_shim.S.obj
                0x100065ac                dmul_shim
 .text.ddiv_shim
                0x10006708      0x1b0 CMakeFiles/mbot_classic_v1.1.0_enc48.dir/lib/pico-sdk/src/rp2_common/pico_double/double_v1_rom_shim.S.obj
                0x10006708                ddiv_shim
 .text.dcordic_vec_step
                0x100068b8        0xe CMakeFiles/mbot_classic_v1.1.0_enc48.dir/lib/pico-sdk/src/rp2_common/pico_double/double_v1_rom_shim.S.obj
                0x100068b8                dcordic_vec_step
 .text.dcordic_rot_step
                0x100068c6       0x76 CMakeFiles/mbot_classic_v1.1.0_enc48.dir/lib/pico-sdk/src/rp2_common/pico_double/double_v1_rom_shim.S.obj
                0x100068c6                dcordic_rot_step
 .text.double2uint_shim
                0x1000693c        0xe CMakeFiles/mbot_classic_v1.1.0_enc48.dir/lib/pico-sdk/src/rp2_common/pico_double/double_v1_rom_shim.S.obj
                0x1000693c                double2uint_shim
                0x1000693e                double2ufix_shim
 .text.double2int64_shim
                0x1000694a       0x1a CMakeFiles/mbot_classic_v1.1.0_enc48.dir/lib/pico-sdk/src/rp2_common/pico_double/double_v1_rom_shim.S.obj
                0x1000694a                double2int64_shim
                0x1000694c                double2fix64_shim
 .text.double2uint64_shim
                0x10006964       0x70 CMakeFiles/mbot_classic_v1.1.0_enc48.dir/lib/pico-sdk/src/rp2_common/pico_double/double_v1_rom_shim.S.obj
                0x10006964                double2uint64_shim
                0x10006966                double2ufix64_shim
                0x10006986                d2fix_a
 .text.double2float_shim
                0x100069d4       0x5c CMakeFiles/mbot_classic_v1.1.0_enc48.dir/lib/pico-sdk/src/rp2_common/pico_double/double_v1_rom_shim.S.obj
                0x100069d4                double2float_shim
 .text.x2double_shims
                0x10006a30       0x90 CMakeFiles/mbot_classic_v1.1.0_enc48.dir/lib/pico-sdk/src/rp2_common/pico_double/double_v1_rom_shim.S.obj
                0x10006a30                uint2double_shim
                0x10006a32                ufix2double_shim
                0x10006a38                int2double_shim
                0x10006a3a                fix2double_shim
                0x10006a40                uint642double_shim
                0x10006a42                ufix642double_shim
                0x10006a48                int642double_shim
                0x10006a4a                fix642double_shim
 .text.dunpacks
                0x10006ac0       0x3c CMakeFiles/mbot_classic_v1.1.0_enc48.dir/lib/pico-sdk/src/rp2_common/pico_double/double_v1_rom_shim.S.obj
                0x10006ac0                dunpacks
 .text.dreduce  0x10006afc       0x82 CMakeFiles/mbot_classic_v1.1.0_enc48.dir/lib/pico-sdk/src/rp2_common/pico_double/double_v1_rom_shim.S.obj
                0x10006afc                dreduce
 .text.dcos_shim
                0x10006b7e       0x10 CMakeFiles/mbot_classic_v1.1.0_enc48.dir/lib/pico-sdk/src/rp2_common/pico_double/double_v1_rom_shim.S.obj
                0x10006b7e                dcos_shim
 .text.dsin_shim
                0x10006b8e       0x14 CMakeFiles/mbot_classic_v1.1.0_enc48.dir/lib/pico-sdk/src/rp2_common/pico_double/double_v1_rom_shim.S.obj
                0x10006b8e                dsin_shim
 *fill*         0x10006ba2        0x2 
 .text.dtrig_guts
                0x10006ba4      0x2ec CMakeFiles/mbot_classic_v1.1.0_enc48.dir/lib/pico-sdk/src/rp2_common/pico_double/double_v1_rom_shim.S.obj
                0x10006c7c                datan2_shim
 .text.__aeabi_lmul
                0x10006e90       0x32 CMakeFiles/mbot_classic_v1.1.0_enc48.dir/lib/pico-sdk/src/rp2_common/pico_int64_ops/pico_int64_ops_aeabi.S.obj
                0x10006e90                __wrap___aeabi_lmul
 *fill*         0x10006ec2        0x2 
 .text.__wrap___aeabi_farithmetic
                0x10006ec4       0x48 CMakeFiles/mbot_classic_v1.1.0_enc48.dir/lib/pico-sdk/src/rp2_common/pico_float/float_aeabi.S.obj
                0x10006ec4                __wrap___aeabi_frsub
                0x10006eca                __wrap___aeabi_fsub
                0x10006ed0                __wrap___aeabi_fadd
                0x10006ed6                __wrap___aeabi_fdiv
                0x10006efe                __wrap___aeabi_fmul
 .text.__wrap___aeabi_cfcmple
                0x10006f0c       0x50 CMakeFiles/mbot_classic_v1.1.0_enc48.dir/lib/pico-sdk/src/rp2_common/pico_float/float_aeabi.S.obj
                0x10006f0c                __wrap___aeabi_cfrcmple
                0x10006f18                __wrap___aeabi_cfcmpeq
                0x10006f18                __wrap___aeabi_cfcmple
 .text.__wrap___aeabi_fcmplt
                0x10006f5c        0xc CMakeFiles/mbot_classic_v1.1.0_enc48.dir/lib/pico-sdk/src/rp2_common/pico_float/float_aeabi.S.obj
                0x10006f5c                __wrap___aeabi_fcmplt
 .text.__wrap___aeabi_fcmple
                0x10006f68       0x10 CMakeFiles/mbot_classic_v1.1.0_enc48.dir/lib/pico-sdk/src/rp2_common/pico_float/float_aeabi.S.obj
                0x10006f68                __wrap___aeabi_fcmple
 .text.__wrap___aeabi_fcmpge
                0x10006f78       0x10 CMakeFiles/mbot_classic_v1.1.0_enc48.dir/lib/pico-sdk/src/rp2_common/pico_float/float_aeabi.S.obj
                0x10006f78                __wrap___aeabi_fcmpge
 .text.__wrap___aeabi_fcmpgt
                0x10006f88        0xa CMakeFiles/mbot_classic_v1.1.0_enc48.dir/lib/pico-sdk/src/rp2_common/pico_float/float_aeabi.S.obj
                0x10006f88                __wrap___aeabi_fcmpgt
 *fill*         0x10006f92        0x2 
 .text.__wrap___aeabi_i2f
                0x10006f94       0x44 CMakeFiles/mbot_classic_v1.1.0_enc48.dir/lib/pico-sdk/src/rp2_common/pico_float/float_aeabi.S.obj
                0x10006f94                __wrap___aeabi_i2f
 .text.__wrap___aeabi_f2uiz
                0x10006fd8        0xc CMakeFiles/mbot_classic_v1.1.0_enc48.dir/lib/pico-sdk/src/rp2_common/pico_float/float_aeabi.S.obj
                0x10006fd8                __wrap___aeabi_f2uiz
 .text.__wrap___aeabi_f2d
                0x10006fe4       0x14 CMakeFiles/mbot_classic_v1.1.0_enc48.dir/lib/pico-sdk/src/rp2_common/pico_float/float_aeabi.S.obj
                0x10006fe4                __wrap___aeabi_f2d
 .text.__aeabi_float_init
                0x10006ff8       0x64 CMakeFiles/mbot_classic_v1.1.0_enc48.dir/lib/pico-sdk/src/rp2_common/pico_float/float_init_rom.c.obj
                0x10006ff8                __aeabi_float_init
 .text.float_table_shim_on_use_helper
                0x1000705c       0x2c CMakeFiles/mbot_classic_v1.1.0_enc48.dir/lib/pico-sdk/src/rp2_common/pico_float/float_v1_rom_shim.S.obj
                0x1000705c                float_table_shim_on_use_helper
 .text.float2double_shim
                0x10007088       0x30 CMakeFiles/mbot_classic_v1.1.0_enc48.dir/lib/pico-sdk/src/rp2_common/pico_float/float_v1_rom_shim.S.obj
                0x10007088                float2double_shim
 .text.__wrap_malloc
                0x100070b8       0x3c CMakeFiles/mbot_classic_v1.1.0_enc48.dir/lib/pico-sdk/src/rp2_common/pico_malloc/pico_malloc.c.obj
                0x100070b8                __wrap_malloc
 .text.__wrap_calloc
                0x100070f4       0x40 CMakeFiles/mbot_classic_v1.1.0_enc48.dir/lib/pico-sdk/src/rp2_common/pico_malloc/pico_malloc.c.obj
                0x100070f4                __wrap_calloc
 .text.__wrap_free
                0x10007134       0x20 CMakeFiles/mbot_classic_v1.1.0_enc48.dir/lib/pico-sdk/src/rp2_common/pico_malloc/pico_malloc.c.obj
                0x10007134                __wrap_free
 .text          0x10007154       0x10 CMakeFiles/mbot_classic_v1.1.0_enc48.dir/lib/pico-sdk/src/rp2_common/pico_mem_ops/mem_ops_aeabi.S.obj
                0x10007154                __aeabi_mem_init
 .text.memset   0x10007164        0xc CMakeFiles/mbot_classic_v1.1.0_enc48.dir/lib/pico-sdk/src/rp2_common/pico_mem_ops/mem_ops_aeabi.S.obj
                0x10007164                __wrap_memset
 .text.memcpy   0x10007170        0xc CMakeFiles/mbot_classic_v1.1.0_enc48.dir/lib/pico-sdk/src/rp2_common/pico_mem_ops/mem_ops_aeabi.S.obj
                0x10007170                __wrap___aeabi_memcpy
                0x10007170                __wrap_memcpy
 .text.stdio_out_chars_crlf
                0x1000717c       0xbc CMakeFiles/mbot_classic_v1.1.0_enc48.dir/lib/pico-sdk/src/rp2_common/pico_stdio/stdio.c.obj
 .text.stdio_buffered_printer
                0x10007238       0x64 CMakeFiles/mbot_classic_v1.1.0_enc48.dir/lib/pico-sdk/src/rp2_common/pico_stdio/stdio.c.obj
 .text.__wrap_putchar
                0x1000729c       0xa4 CMakeFiles/mbot_classic_v1.1.0_enc48.dir/lib/pico-sdk/src/rp2_common/pico_stdio/stdio.c.obj
                0x1000729c                __wrap_putchar
 .text.__wrap_puts
                0x10007340       0xe8 CMakeFiles/mbot_classic_v1.1.0_enc48.dir/lib/pico-sdk/src/rp2_common/pico_stdio/stdio.c.obj
                0x10007340                __wrap_puts
 .text._read    0x10007428       0x94 CMakeFiles/mbot_classic_v1.1.0_enc48.dir/lib/pico-sdk/src/rp2_common/pico_stdio/stdio.c.obj
                0x10007428                _read
 .text._write   0x100074bc       0xec CMakeFiles/mbot_classic_v1.1.0_enc48.dir/lib/pico-sdk/src/rp2_common/pico_stdio/stdio.c.obj
                0x100074bc                _write
 .text.stdio_set_driver_enabled
                0x100075a8       0x30 CMakeFiles/mbot_classic_v1.1.0_enc48.dir/lib/pico-sdk/src/rp2_common/pico_stdio/stdio.c.obj
                0x100075a8                stdio_set_driver_enabled
 .text.__wrap_vprintf
                0x100075d8       0xd4 CMakeFiles/mbot_classic_v1.1.0_enc48.dir/lib/pico-sdk/src/rp2_common/pico_stdio/stdio.c.obj
                0x100075d8                __wrap_vprintf
 .text.__wrap_printf
                0x100076ac       0x18 CMakeFiles/mbot_classic_v1.1.0_enc48.dir/lib/pico-sdk/src/rp2_common/pico_stdio/stdio.c.obj
                0x100076ac                __wrap_printf
 .text.stdio_init_all
                0x100076c4        0x8 CMakeFiles/mbot_classic_v1.1.0_enc48.dir/lib/pico-sdk/src/rp2_common/pico_stdio/stdio.c.obj
                0x100076c4                stdio_init_all
 .text.resetd_init
                0x100076cc        0x4 CMakeFiles/mbot_classic_v1.1.0_enc48.dir/lib/pico-sdk/src/rp2_common/pico_stdio_usb/reset_interface.c.obj
 .text.resetd_reset
                0x100076d0        0xc CMakeFiles/mbot_classic_v1.1.0_enc48.dir/lib/pico-sdk/src/rp2_common/pico_stdio_usb/reset_interface.c.obj
 .text.resetd_open
                0x100076dc       0x28 CMakeFiles/mbot_classic_v1.1.0_enc48.dir/lib/pico-sdk/src/rp2_common/pico_stdio_usb/reset_interface.c.obj
 .text.resetd_xfer_cb
                0x10007704        0x4 CMakeFiles/mbot_classic_v1.1.0_enc48.dir/lib/pico-sdk/src/rp2_common/pico_stdio_usb/reset_interface.c.obj
 .text.resetd_control_xfer_cb
                0x10007708       0x60 CMakeFiles/mbot_classic_v1.1.0_enc48.dir/lib/pico-sdk/src/rp2_common/pico_stdio_usb/reset_interface.c.obj
 .text.usbd_app_driver_get_cb
                0x10007768        0xc CMakeFiles/mbot_classic_v1.1.0_enc48.dir/lib/pico-sdk/src/rp2_common/pico_stdio_usb/reset_interface.c.obj
                0x10007768                usbd_app_driver_get_cb
 .text.tud_cdc_line_coding_cb
                0x10007774       0x34 CMakeFiles/mbot_classic_v1.1.0_enc48.dir/lib/pico-sdk/src/rp2_common/pico_stdio_usb/reset_interface.c.obj
                0x10007774                tud_cdc_line_coding_cb
 .text.stdio_usb_in_chars
                0x100077a8       0x68 CMakeFiles/mbot_classic_v1.1.0_enc48.dir/lib/pico-sdk/src/rp2_common/pico_stdio_usb/stdio_usb.c.obj
                0x100077a8                stdio_usb_in_chars
 .text.stdio_usb_out_chars
                0x10007810       0xe8 CMakeFiles/mbot_classic_v1.1.0_enc48.dir/lib/pico-sdk/src/rp2_common/pico_stdio_usb/stdio_usb.c.obj
 .text.timer_task
                0x100078f8       0x18 CMakeFiles/mbot_classic_v1.1.0_enc48.dir/lib/pico-sdk/src/rp2_common/pico_stdio_usb/stdio_usb.c.obj
 .text.usb_irq  0x10007910       0x10 CMakeFiles/mbot_classic_v1.1.0_enc48.dir/lib/pico-sdk/src/rp2_common/pico_stdio_usb/stdio_usb.c.obj
 .text.low_priority_worker_irq
                0x10007920       0x24 CMakeFiles/mbot_classic_v1.1.0_enc48.dir/lib/pico-sdk/src/rp2_common/pico_stdio_usb/stdio_usb.c.obj
 .text.stdio_usb_in_chars_itf
                0x10007944       0x6c CMakeFiles/mbot_classic_v1.1.0_enc48.dir/lib/pico-sdk/src/rp2_common/pico_stdio_usb/stdio_usb.c.obj
                0x10007944                stdio_usb_in_chars_itf
 .text.stdio_usb_out_chars_itf
                0x100079b0       0xf0 CMakeFiles/mbot_classic_v1.1.0_enc48.dir/lib/pico-sdk/src/rp2_common/pico_stdio_usb/stdio_usb.c.obj
                0x100079b0                stdio_usb_out_chars_itf
 .text.stdio_usb_init
                0x10007aa0       0xb0 CMakeFiles/mbot_classic_v1.1.0_enc48.dir/lib/pico-sdk/src/rp2_common/pico_stdio_usb/stdio_usb.c.obj
                0x10007aa0                stdio_usb_init
 .text.tud_descriptor_device_cb
                0x10007b50        0x8 CMakeFiles/mbot_classic_v1.1.0_enc48.dir/lib/pico-sdk/src/rp2_common/pico_stdio_usb/stdio_usb_descriptors.c.obj
                0x10007b50                tud_descriptor_device_cb
 .text.tud_descriptor_configuration_cb
                0x10007b58        0x8 CMakeFiles/mbot_classic_v1.1.0_enc48.dir/lib/pico-sdk/src/rp2_common/pico_stdio_usb/stdio_usb_descriptors.c.obj
                0x10007b58                tud_descriptor_configuration_cb
 .text.tud_descriptor_string_cb
                0x10007b60       0x78 CMakeFiles/mbot_classic_v1.1.0_enc48.dir/lib/pico-sdk/src/rp2_common/pico_stdio_usb/stdio_usb_descriptors.c.obj
                0x10007b60                tud_descriptor_string_cb
 .text.dcd_rp2040_irq
                0x10007bd8      0x1d0 CMakeFiles/mbot_classic_v1.1.0_enc48.dir/lib/pico-sdk/lib/tinyusb/src/portable/raspberrypi/rp2040/dcd_rp2040.c.obj
 .text.dcd_int_enable
                0x10007da8        0xc CMakeFiles/mbot_classic_v1.1.0_enc48.dir/lib/pico-sdk/lib/tinyusb/src/portable/raspberrypi/rp2040/dcd_rp2040.c.obj
                0x10007da8                dcd_int_enable
 .text.dcd_set_address
                0x10007db4       0x14 CMakeFiles/mbot_classic_v1.1.0_enc48.dir/lib/pico-sdk/lib/tinyusb/src/portable/raspberrypi/rp2040/dcd_rp2040.c.obj
                0x10007db4                dcd_set_address
 .text.dcd_connect
                0x10007dc8       0x10 CMakeFiles/mbot_classic_v1.1.0_enc48.dir/lib/pico-sdk/lib/tinyusb/src/portable/raspberrypi/rp2040/dcd_rp2040.c.obj
                0x10007dc8                dcd_connect
 .text.dcd_init
                0x10007dd8       0xf0 CMakeFiles/mbot_classic_v1.1.0_enc48.dir/lib/pico-sdk/lib/tinyusb/src/portable/raspberrypi/rp2040/dcd_rp2040.c.obj
                0x10007dd8                dcd_init
 .text.dcd_edpt0_status_complete
                0x10007ec8       0x1c CMakeFiles/mbot_classic_v1.1.0_enc48.dir/lib/pico-sdk/lib/tinyusb/src/portable/raspberrypi/rp2040/dcd_rp2040.c.obj
                0x10007ec8                dcd_edpt0_status_complete
 .text.dcd_edpt_open
                0x10007ee4       0xf0 CMakeFiles/mbot_classic_v1.1.0_enc48.dir/lib/pico-sdk/lib/tinyusb/src/portable/raspberrypi/rp2040/dcd_rp2040.c.obj
                0x10007ee4                dcd_edpt_open
 .text.dcd_edpt_close_all
                0x10007fd4       0x68 CMakeFiles/mbot_classic_v1.1.0_enc48.dir/lib/pico-sdk/lib/tinyusb/src/portable/raspberrypi/rp2040/dcd_rp2040.c.obj
                0x10007fd4                dcd_edpt_close_all
 .text.dcd_edpt_xfer
                0x1000803c       0x24 CMakeFiles/mbot_classic_v1.1.0_enc48.dir/lib/pico-sdk/lib/tinyusb/src/portable/raspberrypi/rp2040/dcd_rp2040.c.obj
                0x1000803c                dcd_edpt_xfer
 .text.dcd_edpt_stall
                0x10008060       0x38 CMakeFiles/mbot_classic_v1.1.0_enc48.dir/lib/pico-sdk/lib/tinyusb/src/portable/raspberrypi/rp2040/dcd_rp2040.c.obj
                0x10008060                dcd_edpt_stall
 .text.dcd_edpt_clear_stall
                0x10008098       0x30 CMakeFiles/mbot_classic_v1.1.0_enc48.dir/lib/pico-sdk/lib/tinyusb/src/portable/raspberrypi/rp2040/dcd_rp2040.c.obj
                0x10008098                dcd_edpt_clear_stall
 .text._hw_endpoint_buffer_control_update32.part.0.isra.0
                0x100080c8       0x1c CMakeFiles/mbot_classic_v1.1.0_enc48.dir/lib/pico-sdk/lib/tinyusb/src/portable/raspberrypi/rp2040/rp2040_usb.c.obj
 .text.rp2040_usb_init
                0x100080e4       0x4c CMakeFiles/mbot_classic_v1.1.0_enc48.dir/lib/pico-sdk/lib/tinyusb/src/portable/raspberrypi/rp2040/rp2040_usb.c.obj
                0x100080e4                rp2040_usb_init
 .text.hw_endpoint_reset_transfer
                0x10008130        0xc CMakeFiles/mbot_classic_v1.1.0_enc48.dir/lib/pico-sdk/lib/tinyusb/src/portable/raspberrypi/rp2040/rp2040_usb.c.obj
                0x10008130                hw_endpoint_reset_transfer
 .text._hw_endpoint_buffer_control_update32
                0x1000813c       0x44 CMakeFiles/mbot_classic_v1.1.0_enc48.dir/lib/pico-sdk/lib/tinyusb/src/portable/raspberrypi/rp2040/rp2040_usb.c.obj
                0x1000813c                _hw_endpoint_buffer_control_update32
 .text.hw_endpoint_xfer_start
                0x10008180      0x138 CMakeFiles/mbot_classic_v1.1.0_enc48.dir/lib/pico-sdk/lib/tinyusb/src/portable/raspberrypi/rp2040/rp2040_usb.c.obj
                0x10008180                hw_endpoint_xfer_start
 .text.hw_endpoint_xfer_continue
                0x100082b8      0x1dc CMakeFiles/mbot_classic_v1.1.0_enc48.dir/lib/pico-sdk/lib/tinyusb/src/portable/raspberrypi/rp2040/rp2040_usb.c.obj
                0x100082b8                hw_endpoint_xfer_continue
 .text.tud_mounted
                0x10008494       0x10 CMakeFiles/mbot_classic_v1.1.0_enc48.dir/lib/pico-sdk/lib/tinyusb/src/device/usbd.c.obj
                0x10008494                tud_mounted
 .text.tud_suspended
                0x100084a4       0x10 CMakeFiles/mbot_classic_v1.1.0_enc48.dir/lib/pico-sdk/lib/tinyusb/src/device/usbd.c.obj
                0x100084a4                tud_suspended
 .text.tud_inited
                0x100084b4        0xc CMakeFiles/mbot_classic_v1.1.0_enc48.dir/lib/pico-sdk/lib/tinyusb/src/device/usbd.c.obj
                0x100084b4                tud_inited
 .text.tud_init
                0x100084c0       0xe0 CMakeFiles/mbot_classic_v1.1.0_enc48.dir/lib/pico-sdk/lib/tinyusb/src/device/usbd.c.obj
                0x100084c0                tud_init
 .text.tud_task
                0x100085a0      0x8f0 CMakeFiles/mbot_classic_v1.1.0_enc48.dir/lib/pico-sdk/lib/tinyusb/src/device/usbd.c.obj
                0x100085a0                tud_task
 .text.dcd_event_bus_signal
                0x10008e90      0x124 CMakeFiles/mbot_classic_v1.1.0_enc48.dir/lib/pico-sdk/lib/tinyusb/src/device/usbd.c.obj
                0x10008e90                dcd_event_bus_signal
 .text.dcd_event_bus_reset
                0x10008fb4       0x58 CMakeFiles/mbot_classic_v1.1.0_enc48.dir/lib/pico-sdk/lib/tinyusb/src/device/usbd.c.obj
                0x10008fb4                dcd_event_bus_reset
 .text.dcd_event_setup_received
                0x1000900c       0x50 CMakeFiles/mbot_classic_v1.1.0_enc48.dir/lib/pico-sdk/lib/tinyusb/src/device/usbd.c.obj
                0x1000900c                dcd_event_setup_received
 .text.dcd_event_xfer_complete
                0x1000905c       0x68 CMakeFiles/mbot_classic_v1.1.0_enc48.dir/lib/pico-sdk/lib/tinyusb/src/device/usbd.c.obj
                0x1000905c                dcd_event_xfer_complete
 .text.usbd_open_edpt_pair
                0x100090c4       0x94 CMakeFiles/mbot_classic_v1.1.0_enc48.dir/lib/pico-sdk/lib/tinyusb/src/device/usbd.c.obj
                0x100090c4                usbd_open_edpt_pair
 .text.usbd_edpt_open
                0x10009158       0x30 CMakeFiles/mbot_classic_v1.1.0_enc48.dir/lib/pico-sdk/lib/tinyusb/src/device/usbd.c.obj
                0x10009158                usbd_edpt_open
 .text.usbd_edpt_claim
                0x10009188       0x64 CMakeFiles/mbot_classic_v1.1.0_enc48.dir/lib/pico-sdk/lib/tinyusb/src/device/usbd.c.obj
                0x10009188                usbd_edpt_claim
 .text.usbd_edpt_release
                0x100091ec       0x4c CMakeFiles/mbot_classic_v1.1.0_enc48.dir/lib/pico-sdk/lib/tinyusb/src/device/usbd.c.obj
                0x100091ec                usbd_edpt_release
 .text.usbd_edpt_xfer
                0x10009238       0x44 CMakeFiles/mbot_classic_v1.1.0_enc48.dir/lib/pico-sdk/lib/tinyusb/src/device/usbd.c.obj
                0x10009238                usbd_edpt_xfer
 .text.tud_control_status
                0x1000927c       0x2c CMakeFiles/mbot_classic_v1.1.0_enc48.dir/lib/pico-sdk/lib/tinyusb/src/device/usbd_control.c.obj
                0x1000927c                tud_control_status
 .text.tud_control_xfer
                0x100092a8       0xac CMakeFiles/mbot_classic_v1.1.0_enc48.dir/lib/pico-sdk/lib/tinyusb/src/device/usbd_control.c.obj
                0x100092a8                tud_control_xfer
 .text.usbd_control_reset
                0x10009354       0x14 CMakeFiles/mbot_classic_v1.1.0_enc48.dir/lib/pico-sdk/lib/tinyusb/src/device/usbd_control.c.obj
                0x10009354                usbd_control_reset
 .text.usbd_control_set_complete_callback
                0x10009368        0xc CMakeFiles/mbot_classic_v1.1.0_enc48.dir/lib/pico-sdk/lib/tinyusb/src/device/usbd_control.c.obj
                0x10009368                usbd_control_set_complete_callback
 .text.usbd_control_set_request
                0x10009374       0x1c CMakeFiles/mbot_classic_v1.1.0_enc48.dir/lib/pico-sdk/lib/tinyusb/src/device/usbd_control.c.obj
                0x10009374                usbd_control_set_request
 .text.usbd_control_xfer_cb
                0x10009390       0xf4 CMakeFiles/mbot_classic_v1.1.0_enc48.dir/lib/pico-sdk/lib/tinyusb/src/device/usbd_control.c.obj
                0x10009390                usbd_control_xfer_cb
 .text.tud_cdc_n_connected
                0x10009484       0x30 CMakeFiles/mbot_classic_v1.1.0_enc48.dir/lib/pico-sdk/lib/tinyusb/src/class/cdc/cdc_device.c.obj
                0x10009484                tud_cdc_n_connected
 .text.tud_cdc_n_available
                0x100094b4       0x18 CMakeFiles/mbot_classic_v1.1.0_enc48.dir/lib/pico-sdk/lib/tinyusb/src/class/cdc/cdc_device.c.obj
                0x100094b4                tud_cdc_n_available
 .text.tud_cdc_n_read
                0x100094cc       0x7c CMakeFiles/mbot_classic_v1.1.0_enc48.dir/lib/pico-sdk/lib/tinyusb/src/class/cdc/cdc_device.c.obj
                0x100094cc                tud_cdc_n_read
 .text.tud_cdc_n_write_flush
                0x10009548       0x7c CMakeFiles/mbot_classic_v1.1.0_enc48.dir/lib/pico-sdk/lib/tinyusb/src/class/cdc/cdc_device.c.obj
                0x10009548                tud_cdc_n_write_flush
 .text.tud_cdc_n_write
                0x100095c4       0x34 CMakeFiles/mbot_classic_v1.1.0_enc48.dir/lib/pico-sdk/lib/tinyusb/src/class/cdc/cdc_device.c.obj
                0x100095c4                tud_cdc_n_write
 .text.tud_cdc_n_write_available
                0x100095f8       0x18 CMakeFiles/mbot_classic_v1.1.0_enc48.dir/lib/pico-sdk/lib/tinyusb/src/class/cdc/cdc_device.c.obj
                0x100095f8                tud_cdc_n_write_available
 .text.cdcd_init
                0x10009610      0x12c CMakeFiles/mbot_classic_v1.1.0_enc48.dir/lib/pico-sdk/lib/tinyusb/src/class/cdc/cdc_device.c.obj
                0x10009610                cdcd_init
 .text.cdcd_reset
                0x1000973c       0x64 CMakeFiles/mbot_classic_v1.1.0_enc48.dir/lib/pico-sdk/lib/tinyusb/src/class/cdc/cdc_device.c.obj
                0x1000973c                cdcd_reset
 .text.cdcd_open
                0x100097a0      0x144 CMakeFiles/mbot_classic_v1.1.0_enc48.dir/lib/pico-sdk/lib/tinyusb/src/class/cdc/cdc_device.c.obj
                0x100097a0                cdcd_open
 .text.cdcd_control_xfer_cb
                0x100098e4       0xfc CMakeFiles/mbot_classic_v1.1.0_enc48.dir/lib/pico-sdk/lib/tinyusb/src/class/cdc/cdc_device.c.obj
                0x100098e4                cdcd_control_xfer_cb
 .text.cdcd_xfer_cb
                0x100099e0      0x184 CMakeFiles/mbot_classic_v1.1.0_enc48.dir/lib/pico-sdk/lib/tinyusb/src/class/cdc/cdc_device.c.obj
                0x100099e0                cdcd_xfer_cb
 .text.tusb_init
                0x10009b64        0xc CMakeFiles/mbot_classic_v1.1.0_enc48.dir/lib/pico-sdk/lib/tinyusb/src/tusb.c.obj
                0x10009b64                tusb_init
 .text.tusb_inited
                0x10009b70        0x8 CMakeFiles/mbot_classic_v1.1.0_enc48.dir/lib/pico-sdk/lib/tinyusb/src/tusb.c.obj
                0x10009b70                tusb_inited
 .text.tu_edpt_validate
                0x10009b78       0x80 CMakeFiles/mbot_classic_v1.1.0_enc48.dir/lib/pico-sdk/lib/tinyusb/src/tusb.c.obj
                0x10009b78                tu_edpt_validate
 .text.tu_edpt_bind_driver
                0x10009bf8       0x2c CMakeFiles/mbot_classic_v1.1.0_enc48.dir/lib/pico-sdk/lib/tinyusb/src/tusb.c.obj
                0x10009bf8                tu_edpt_bind_driver
 .text.tu_fifo_config
                0x10009c24       0x74 CMakeFiles/mbot_classic_v1.1.0_enc48.dir/lib/pico-sdk/lib/tinyusb/src/common/tusb_fifo.c.obj
                0x10009c24                tu_fifo_config
 .text.tu_fifo_count
                0x10009c98       0x20 CMakeFiles/mbot_classic_v1.1.0_enc48.dir/lib/pico-sdk/lib/tinyusb/src/common/tusb_fifo.c.obj
                0x10009c98                tu_fifo_count
 .text.tu_fifo_empty
                0x10009cb8       0x10 CMakeFiles/mbot_classic_v1.1.0_enc48.dir/lib/pico-sdk/lib/tinyusb/src/common/tusb_fifo.c.obj
                0x10009cb8                tu_fifo_empty
 .text.tu_fifo_remaining
                0x10009cc8       0x1c CMakeFiles/mbot_classic_v1.1.0_enc48.dir/lib/pico-sdk/lib/tinyusb/src/common/tusb_fifo.c.obj
                0x10009cc8                tu_fifo_remaining
 .text.tu_fifo_read
                0x10009ce4       0xa4 CMakeFiles/mbot_classic_v1.1.0_enc48.dir/lib/pico-sdk/lib/tinyusb/src/common/tusb_fifo.c.obj
                0x10009ce4                tu_fifo_read
 .text.tu_fifo_read_n
                0x10009d88      0x100 CMakeFiles/mbot_classic_v1.1.0_enc48.dir/lib/pico-sdk/lib/tinyusb/src/common/tusb_fifo.c.obj
                0x10009d88                tu_fifo_read_n
 .text.tu_fifo_write
                0x10009e88       0x78 CMakeFiles/mbot_classic_v1.1.0_enc48.dir/lib/pico-sdk/lib/tinyusb/src/common/tusb_fifo.c.obj
                0x10009e88                tu_fifo_write
 .text.tu_fifo_write_n
                0x10009f00      0x100 CMakeFiles/mbot_classic_v1.1.0_enc48.dir/lib/pico-sdk/lib/tinyusb/src/common/tusb_fifo.c.obj
                0x10009f00                tu_fifo_write_n
 .text.tu_fifo_clear
                0x1000a000       0x4c CMakeFiles/mbot_classic_v1.1.0_enc48.dir/lib/pico-sdk/lib/tinyusb/src/common/tusb_fifo.c.obj
                0x1000a000                tu_fifo_clear
 .text.tu_fifo_set_overwritable
                0x1000a04c       0x3c CMakeFiles/mbot_classic_v1.1.0_enc48.dir/lib/pico-sdk/lib/tinyusb/src/common/tusb_fifo.c.obj
                0x1000a04c                tu_fifo_set_overwritable
 .text.startup._retrieve_unique_id_on_boot
                0x1000a088       0x10 CMakeFiles/mbot_classic_v1.1.0_enc48.dir/lib/pico-sdk/src/rp2_common/pico_unique_id/unique_id.c.obj
 .text.pico_get_unique_board_id_string
                0x1000a098      0x1a8 CMakeFiles/mbot_classic_v1.1.0_enc48.dir/lib/pico-sdk/src/rp2_common/pico_unique_id/unique_id.c.obj
                0x1000a098                pico_get_unique_board_id_string
 .text.flash_get_unique_id
                0x1000a240       0x40 CMakeFiles/mbot_classic_v1.1.0_enc48.dir/lib/pico-sdk/src/rp2_common/hardware_flash/flash.c.obj
                0x1000a240                flash_get_unique_id
 .text.core1_trampoline
                0x1000a280        0x4 CMakeFiles/mbot_classic_v1.1.0_enc48.dir/lib/pico-sdk/src/rp2_common/pico_multicore/multicore.c.obj
 .text.core1_wrapper
                0x1000a284        0xc CMakeFiles/mbot_classic_v1.1.0_enc48.dir/lib/pico-sdk/src/rp2_common/pico_multicore/multicore.c.obj
                0x1000a284                core1_wrapper
 .text.multicore_launch_core1_raw
                0x1000a290       0x84 CMakeFiles/mbot_classic_v1.1.0_enc48.dir/lib/pico-sdk/src/rp2_common/pico_multicore/multicore.c.obj
                0x1000a290                multicore_launch_core1_raw
 .text.multicore_launch_core1
                0x1000a314       0x58 CMakeFiles/mbot_classic_v1.1.0_enc48.dir/lib/pico-sdk/src/rp2_common/pico_multicore/multicore.c.obj
                0x1000a314                multicore_launch_core1
 .text.i2c_set_baudrate
                0x1000a36c       0xc4 CMakeFiles/mbot_classic_v1.1.0_enc48.dir/lib/pico-sdk/src/rp2_common/hardware_i2c/i2c.c.obj
                0x1000a36c                i2c_set_baudrate
 .text.i2c_init
                0x1000a430       0x54 CMakeFiles/mbot_classic_v1.1.0_enc48.dir/lib/pico-sdk/src/rp2_common/hardware_i2c/i2c.c.obj
                0x1000a430                i2c_init
 .text.i2c_write_blocking
                0x1000a484       0xd0 CMakeFiles/mbot_classic_v1.1.0_enc48.dir/lib/pico-sdk/src/rp2_common/hardware_i2c/i2c.c.obj
                0x1000a484                i2c_write_blocking
 .text.i2c_read_blocking
                0x1000a554       0x90 CMakeFiles/mbot_classic_v1.1.0_enc48.dir/lib/pico-sdk/src/rp2_common/hardware_i2c/i2c.c.obj
                0x1000a554                i2c_read_blocking
 .text.pio_claim_unused_sm
                0x1000a5e4       0x3c CMakeFiles/mbot_classic_v1.1.0_enc48.dir/lib/pico-sdk/src/rp2_common/hardware_pio/pio.c.obj
                0x1000a5e4                pio_claim_unused_sm
 .text.pio_sm_is_claimed
                0x1000a620       0x20 CMakeFiles/mbot_classic_v1.1.0_enc48.dir/lib/pico-sdk/src/rp2_common/hardware_pio/pio.c.obj
                0x1000a620                pio_sm_is_claimed
 .text.pio_add_program
                0x1000a640       0xf0 CMakeFiles/mbot_classic_v1.1.0_enc48.dir/lib/pico-sdk/src/rp2_common/hardware_pio/pio.c.obj
                0x1000a640                pio_add_program
 .text.pio_sm_set_consecutive_pindirs
                0x1000a730       0x84 CMakeFiles/mbot_classic_v1.1.0_enc48.dir/lib/pico-sdk/src/rp2_common/hardware_pio/pio.c.obj
                0x1000a730                pio_sm_set_consecutive_pindirs
 .text.pio_sm_init
                0x1000a7b4       0x9c CMakeFiles/mbot_classic_v1.1.0_enc48.dir/lib/pico-sdk/src/rp2_common/hardware_pio/pio.c.obj
                0x1000a7b4                pio_sm_init
 .text.mbot_motor_init
                0x1000a850       0xb8 mbot/libmbotlib.a(motor.c.obj)
                0x1000a850                mbot_motor_init
 .text.mbot_motor_set_duty
                0x1000a908      0x15c mbot/libmbotlib.a(motor.c.obj)
                0x1000a908                mbot_motor_set_duty
 .text.mbot_encoder_init
                0x1000aa64      0x33c mbot/libmbotlib.a(encoder.c.obj)
                0x1000aa64                mbot_encoder_init
 .text.mbot_encoder_read_delta
                0x1000ada0       0xb0 mbot/libmbotlib.a(encoder.c.obj)
                0x1000ada0                mbot_encoder_read_delta
 .text.mbot_encoder_read_count
                0x1000ae50       0x60 mbot/libmbotlib.a(encoder.c.obj)
                0x1000ae50                mbot_encoder_read_count
 .text.mbot_encoder_write
                0x1000aeb0       0x68 mbot/libmbotlib.a(encoder.c.obj)
                0x1000aeb0                mbot_encoder_write
 .text.mbot_init_fram
                0x1000af18       0x84 mbot/libmbotlib.a(fram.c.obj)
                0x1000af18                mbot_init_fram
 .text.mbot_read_fram
                0x1000af9c       0x60 mbot/libmbotlib.a(fram.c.obj)
                0x1000af9c                mbot_read_fram
 .text._sensors_callback_quaternion
                0x1000affc       0x78 mbot/libmbotlib.a(imu.c.obj)
 .text._sensors_callback_orientation
                0x1000b074       0x5c mbot/libmbotlib.a(imu.c.obj)
 .text._sensors_callback_accel
                0x1000b0d0       0x50 mbot/libmbotlib.a(imu.c.obj)
 .text._sensors_callback_gyro
                0x1000b120       0x50 mbot/libmbotlib.a(imu.c.obj)
 .text._sensors_callback_mag
                0x1000b170       0x50 mbot/libmbotlib.a(imu.c.obj)
 .text._imu_callback
                0x1000b1c0       0xdc mbot/libmbotlib.a(imu.c.obj)
                0x1000b1c0                _imu_callback
 .text.mbot_imu_default_config
                0x1000b29c       0x1c mbot/libmbotlib.a(imu.c.obj)
                0x1000b29c                mbot_imu_default_config
 .text._bhy_dump_status
                0x1000b2b8       0x94 mbot/libmbotlib.a(imu.c.obj)
                0x1000b2b8                _bhy_dump_status
 .text.mbot_imu_init
                0x1000b34c      0x270 mbot/libmbotlib.a(imu.c.obj)
                0x1000b34c                mbot_imu_init
 .text.sensor_i2c_write
                0x1000b5bc       0x60 mbot/libmbotlib.a(imu.c.obj)
                0x1000b5bc                sensor_i2c_write
 .text.sensor_i2c_read
                0x1000b61c       0x4c mbot/libmbotlib.a(imu.c.obj)
                0x1000b61c                sensor_i2c_read
 .text.mbot_init_i2c
                0x1000b668       0x4c mbot/libmbotlib.a(utils.c.obj)
                0x1000b668                mbot_init_i2c
 .text.validate_mbot_classic_FRAM_data
                0x1000b6b4      0x11c mbot/libmbotlib.a(utils.c.obj)
                0x1000b6b4                validate_mbot_classic_FRAM_data
 .text.bhy_write_parameter_page.constprop.0
                0x1000b7d0       0x94 mbot/libmbotlib.a(bhy_uc_driver.c.obj)
 .text.bhy_driver_init
                0x1000b864       0x34 mbot/libmbotlib.a(bhy_uc_driver.c.obj)
                0x1000b864                bhy_driver_init
 .text.bhy_enable_virtual_sensor
                0x1000b898       0x98 mbot/libmbotlib.a(bhy_uc_driver.c.obj)
                0x1000b898                bhy_enable_virtual_sensor
 .text.bhy_read_fifo
                0x1000b930       0xa8 mbot/libmbotlib.a(bhy_uc_driver.c.obj)
                0x1000b930                bhy_read_fifo
 .text.bhy_parse_next_fifo_packet
                0x1000b9d8      0x374 mbot/libmbotlib.a(bhy_uc_driver.c.obj)
                0x1000b9d8                bhy_parse_next_fifo_packet
 .text.bhy_write_parameter_page
                0x1000bd4c       0xb8 mbot/libmbotlib.a(bhy_uc_driver.c.obj)
                0x1000bd4c                bhy_write_parameter_page
 .text.bhy_mapping_matrix_set
                0x1000be04      0x160 mbot/libmbotlib.a(bhy_uc_driver.c.obj)
                0x1000be04                bhy_mapping_matrix_set
 .text.bhy_set_sic_matrix
                0x1000bf64       0x54 mbot/libmbotlib.a(bhy_uc_driver.c.obj)
                0x1000bf64                bhy_set_sic_matrix
 .text.bhy_install_sensor_callback
                0x1000bfb8       0x34 mbot/libmbotlib.a(bhy_uc_driver.c.obj)
                0x1000bfb8                bhy_install_sensor_callback
 .text.bhy_init
                0x1000bfec       0x30 mbot/libmbotlib.a(bhy.c.obj)
                0x1000bfec                bhy_init
 .text.bhy_write_reg
                0x1000c01c       0x24 mbot/libmbotlib.a(bhy.c.obj)
                0x1000c01c                bhy_write_reg
 .text.bhy_read_reg
                0x1000c040       0x24 mbot/libmbotlib.a(bhy.c.obj)
                0x1000c040                bhy_read_reg
 .text.bhy_set_fifo_flush
                0x1000c064       0x44 mbot/libmbotlib.a(bhy.c.obj)
                0x1000c064                bhy_set_fifo_flush
 .text.bhy_get_chip_control
                0x1000c0a8       0x34 mbot/libmbotlib.a(bhy.c.obj)
                0x1000c0a8                bhy_get_chip_control
 .text.bhy_read_bytes_remaining
                0x1000c0dc       0x34 mbot/libmbotlib.a(bhy.c.obj)
                0x1000c0dc                bhy_read_bytes_remaining
 .text.bhy_get_parameter_acknowledge
                0x1000c110       0x34 mbot/libmbotlib.a(bhy.c.obj)
                0x1000c110                bhy_get_parameter_acknowledge
 .text.bhy_set_parameter_request
                0x1000c144       0x28 mbot/libmbotlib.a(bhy.c.obj)
                0x1000c144                bhy_set_parameter_request
 .text.bhy_get_rom_version
                0x1000c16c       0x34 mbot/libmbotlib.a(bhy.c.obj)
                0x1000c16c                bhy_get_rom_version
 .text.bhy_get_ram_version
                0x1000c1a0       0x34 mbot/libmbotlib.a(bhy.c.obj)
                0x1000c1a0                bhy_get_ram_version
 .text.bhy_get_product_id
                0x1000c1d4       0x34 mbot/libmbotlib.a(bhy.c.obj)
                0x1000c1d4                bhy_get_product_id
 .text.bhy_get_revision_id
                0x1000c208       0x34 mbot/libmbotlib.a(bhy.c.obj)
                0x1000c208                bhy_get_revision_id
 .text.bhy_get_crc_host
                0x1000c23c       0x30 mbot/libmbotlib.a(bhy.c.obj)
                0x1000c23c                bhy_get_crc_host
 .text.bhy_set_reset_request
                0x1000c26c       0x28 mbot/libmbotlib.a(bhy.c.obj)
                0x1000c26c                bhy_set_reset_request
 .text.bhy_initialize_from_rom
                0x1000c294      0x3a4 mbot/libmbotlib.a(bhy.c.obj)
                0x1000c294                bhy_initialize_from_rom
 .text.bhy_write_parameter_bytes
                0x1000c638       0xfc mbot/libmbotlib.a(bhy.c.obj)
                0x1000c638                bhy_write_parameter_bytes
 .text.bhy_set_non_wakeup_sensor_configuration
                0x1000c734       0x24 mbot/libmbotlib.a(bhy.c.obj)
                0x1000c734                bhy_set_non_wakeup_sensor_configuration
 .text.bhy_set_wakeup_sensor_configuration
                0x1000c758       0x24 mbot/libmbotlib.a(bhy.c.obj)
                0x1000c758                bhy_set_wakeup_sensor_configuration
 .text.bhy_delay_msec
                0x1000c77c        0x8 mbot/libmbotlib.a(bhy_support.c.obj)
                0x1000c77c                bhy_delay_msec
 .text.bhy_initialize_support
                0x1000c784       0x58 mbot/libmbotlib.a(bhy_support.c.obj)
                0x1000c784                bhy_initialize_support
 .text.rc_filter_empty
                0x1000c7dc       0x1c rc/librclib.a(filter.c.obj)
                0x1000c7dc                rc_filter_empty
 .text.rc_filter_free
                0x1000c7f8       0x70 rc/librclib.a(filter.c.obj)
                0x1000c7f8                rc_filter_free
 .text.rc_filter_alloc
                0x1000c868      0x19c rc/librclib.a(filter.c.obj)
                0x1000c868                rc_filter_alloc
 .text.rc_filter_march
                0x1000ca04      0x2d0 rc/librclib.a(filter.c.obj)
                0x1000ca04                rc_filter_march
 .text.rc_filter_pid
                0x1000ccd4      0x3d4 rc/librclib.a(filter.c.obj)
                0x1000ccd4                rc_filter_pid
 .text.rc_ringbuf_alloc
                0x1000d0a8       0x94 rc/librclib.a(ring_buffer.c.obj)
                0x1000d0a8                rc_ringbuf_alloc
 .text.rc_ringbuf_free
                0x1000d13c       0x54 rc/librclib.a(ring_buffer.c.obj)
                0x1000d13c                rc_ringbuf_free
 .text.rc_ringbuf_insert
                0x1000d190       0x64 rc/librclib.a(ring_buffer.c.obj)
                0x1000d190                rc_ringbuf_insert
 .text.rc_ringbuf_get_value
                0x1000d1f4       0x7c rc/librclib.a(ring_buffer.c.obj)
                0x1000d1f4                rc_ringbuf_get_value
 .text.rc_vector_alloc
                0x1000d270       0x84 rc/librclib.a(vector.c.obj)
                0x1000d270                rc_vector_alloc
 .text.rc_vector_free
                0x1000d2f4       0x40 rc/librclib.a(vector.c.obj)
                0x1000d2f4                rc_vector_free
 .text.rc_vector_duplicate
                0x1000d334       0xcc rc/librclib.a(vector.c.obj)
                0x1000d334                rc_vector_duplicate
 .text.comms_init_protocol
                0x1000d400       0x18 comms/libcomms.a(protocol.c.obj)
                0x1000d400                comms_init_protocol
 .text.comms_get_topic_serializers
                0x1000d418       0xe0 comms/libcomms.a(protocol.c.obj)
                0x1000d418                comms_get_topic_serializers
 .text.comms_register_topic
                0x1000d4f8       0x88 comms/libcomms.a(protocol.c.obj)
                0x1000d4f8                comms_register_topic
 .text.comms_generate_packet
                0x1000d580      0x148 comms/libcomms.a(protocol.c.obj)
                0x1000d580                comms_generate_packet
 .text.comms_write_topic
                0x1000d6c8       0x2c comms/libcomms.a(protocol.c.obj)
                0x1000d6c8                comms_write_topic
 .text.comms_listener_loop
                0x1000d6f4      0x124 comms/libcomms.a(listener.c.obj)
                0x1000d6f4                comms_listener_loop
 .text.comms_init_topic_data
                0x1000d818       0x18 comms/libcomms.a(topic_data.c.obj)
                0x1000d818                comms_init_topic_data
 .text.comms_set_topic_data
                0x1000d830       0xa4 comms/libcomms.a(topic_data.c.obj)
                0x1000d830                comms_set_topic_data
 .text.checksum
                0x1000d8d4       0x1c comms/libcomms.a(common.c.obj)
                0x1000d8d4                checksum
 .text.encode_msg
                0x1000d8f0      0x140 comms/libcomms.a(common.c.obj)
                0x1000d8f0                encode_msg
 .text          0x1000da30       0x18 /usr/lib/gcc/arm-none-eabi/12.2.1/../../../arm-none-eabi/lib/thumb/v6-m/nofp/libc.a(lib_a-calloc.o)
                0x1000da30                calloc
 .text          0x1000da48       0x5c /usr/lib/gcc/arm-none-eabi/12.2.1/../../../arm-none-eabi/lib/thumb/v6-m/nofp/libc.a(lib_a-callocr.o)
                0x1000da48                _calloc_r
 .text          0x1000daa4       0xfc /usr/lib/gcc/arm-none-eabi/12.2.1/../../../arm-none-eabi/lib/thumb/v6-m/nofp/libc.a(lib_a-fwrite.o)
                0x1000daa4                _fwrite_r
                0x1000db20                fwrite
 .text          0x1000dba0       0x28 /usr/lib/gcc/arm-none-eabi/12.2.1/../../../arm-none-eabi/lib/thumb/v6-m/nofp/libc.a(lib_a-malloc.o)
                0x1000dba0                malloc
                0x1000dbb4                free
 .text          0x1000dbc8      0x548 /usr/lib/gcc/arm-none-eabi/12.2.1/../../../arm-none-eabi/lib/thumb/v6-m/nofp/libc.a(lib_a-mallocr.o)
                0x1000dbc8                _malloc_r
 .text          0x1000e110        0x8 /usr/lib/gcc/arm-none-eabi/12.2.1/../../../arm-none-eabi/lib/thumb/v6-m/nofp/libc.a(lib_a-mlock.o)
                0x1000e110                __malloc_lock
                0x1000e114                __malloc_unlock
 .text          0x1000e118      0x3c8 /usr/lib/gcc/arm-none-eabi/12.2.1/../../../arm-none-eabi/lib/thumb/v6-m/nofp/libc.a(lib_a-reallocr.o)
                0x1000e118                _realloc_r
 .text          0x1000e4e0       0x24 /usr/lib/gcc/arm-none-eabi/12.2.1/../../../arm-none-eabi/lib/thumb/v6-m/nofp/libc.a(lib_a-sbrkr.o)
                0x1000e4e0                _sbrk_r
 .text          0x1000e504       0x5c /usr/lib/gcc/arm-none-eabi/12.2.1/../../../arm-none-eabi/lib/thumb/v6-m/nofp/libc.a(lib_a-strlen-stub.o)
                0x1000e504                strlen
 .text          0x1000e560       0x28 /usr/lib/gcc/arm-none-eabi/12.2.1/../../../arm-none-eabi/lib/thumb/v6-m/nofp/libc.a(lib_a-writer.o)
                0x1000e560                _write_r
 .text          0x1000e588       0xd0 /usr/lib/gcc/arm-none-eabi/12.2.1/../../../arm-none-eabi/lib/thumb/v6-m/nofp/libc.a(lib_a-wsetup.o)
                0x1000e588                __swsetup_r
 .text          0x1000e658      0x1c8 /usr/lib/gcc/arm-none-eabi/12.2.1/../../../arm-none-eabi/lib/thumb/v6-m/nofp/libc.a(lib_a-fflush.o)
                0x1000e658                __sflush_r
                0x1000e7a0                _fflush_r
                0x1000e7cc                fflush
 .text          0x1000e820      0x23c /usr/lib/gcc/arm-none-eabi/12.2.1/../../../arm-none-eabi/lib/thumb/v6-m/nofp/libc.a(lib_a-findfp.o)
                0x1000e824                _cleanup_r
                0x1000e920                __sfmoreglue
                0x1000e950                __sfp
                0x1000e9f4                _cleanup
                0x1000ea0c                __sinit
                0x1000ea1c                __sfp_lock_acquire
                0x1000ea20                __sfp_lock_release
                0x1000ea24                __sinit_lock_acquire
                0x1000ea28                __sinit_lock_release
                0x1000ea2c                __fp_lock_all
                0x1000ea44                __fp_unlock_all
 .text          0x1000ea5c      0x268 /usr/lib/gcc/arm-none-eabi/12.2.1/../../../arm-none-eabi/lib/thumb/v6-m/nofp/libc.a(lib_a-freer.o)
                0x1000ea5c                _malloc_trim_r
                0x1000eb04                _free_r
 .text          0x1000ecc4      0x2ec /usr/lib/gcc/arm-none-eabi/12.2.1/../../../arm-none-eabi/lib/thumb/v6-m/nofp/libc.a(lib_a-fvwrite.o)
                0x1000ecc4                __sfvwrite_r
 .text          0x1000efb0       0x88 /usr/lib/gcc/arm-none-eabi/12.2.1/../../../arm-none-eabi/lib/thumb/v6-m/nofp/libc.a(lib_a-fwalk.o)
                0x1000efb0                _fwalk
                0x1000eff0                _fwalk_reent
 .text          0x1000f038      0x140 /usr/lib/gcc/arm-none-eabi/12.2.1/../../../arm-none-eabi/lib/thumb/v6-m/nofp/libc.a(lib_a-makebuf.o)
                0x1000f038                __smakebuf_r
                0x1000f120                __swhatbuf_r
 .text          0x1000f178       0xa8 /usr/lib/gcc/arm-none-eabi/12.2.1/../../../arm-none-eabi/lib/thumb/v6-m/nofp/libc.a(lib_a-stdio.o)
                0x1000f178                __sread
                0x1000f1a0                __seofread
                0x1000f1a4                __swrite
                0x1000f1e4                __sseek
                0x1000f214                __sclose
 .text          0x1000f220       0x24 /usr/lib/gcc/arm-none-eabi/12.2.1/../../../arm-none-eabi/lib/thumb/v6-m/nofp/libc.a(lib_a-closer.o)
                0x1000f220                _close_r
 .text          0x1000f244       0xac /usr/lib/gcc/arm-none-eabi/12.2.1/../../../arm-none-eabi/lib/thumb/v6-m/nofp/libc.a(lib_a-fclose.o)
                0x1000f244                _fclose_r
                0x1000f2dc                fclose
 .text          0x1000f2f0       0x28 /usr/lib/gcc/arm-none-eabi/12.2.1/../../../arm-none-eabi/lib/thumb/v6-m/nofp/libc.a(lib_a-fstatr.o)
                0x1000f2f0                _fstat_r
 .text          0x1000f318       0x24 /usr/lib/gcc/arm-none-eabi/12.2.1/../../../arm-none-eabi/lib/thumb/v6-m/nofp/libc.a(lib_a-isattyr.o)
                0x1000f318                _isatty_r
 .text          0x1000f33c       0x28 /usr/lib/gcc/arm-none-eabi/12.2.1/../../../arm-none-eabi/lib/thumb/v6-m/nofp/libc.a(lib_a-lseekr.o)
                0x1000f33c                _lseek_r
 .text          0x1000f364       0x28 /usr/lib/gcc/arm-none-eabi/12.2.1/../../../arm-none-eabi/lib/thumb/v6-m/nofp/libc.a(lib_a-readr.o)
                0x1000f364                _read_r
 .text          0x1000f38c       0x10 /usr/lib/gcc/arm-none-eabi/12.2.1/../../../arm-none-eabi/lib/thumb/v6-m/nofp/libnosys.a(close.o)
                0x1000f38c                _close
 .text          0x1000f39c       0x10 /usr/lib/gcc/arm-none-eabi/12.2.1/../../../arm-none-eabi/lib/thumb/v6-m/nofp/libnosys.a(fstat.o)
                0x1000f39c                _fstat
 .text          0x1000f3ac       0x10 /usr/lib/gcc/arm-none-eabi/12.2.1/../../../arm-none-eabi/lib/thumb/v6-m/nofp/libnosys.a(isatty.o)
                0x1000f3ac                _isatty
 .text          0x1000f3bc       0x10 /usr/lib/gcc/arm-none-eabi/12.2.1/../../../arm-none-eabi/lib/thumb/v6-m/nofp/libnosys.a(lseek.o)
                0x1000f3bc                _lseek
 *(.fini)
 .fini          0x1000f3cc        0x4 /usr/lib/gcc/arm-none-eabi/12.2.1/thumb/v6-m/nofp/crti.o
                0x1000f3cc                _fini
 .fini.__stub   0x1000f3d0       0x90 linker stubs
 *crtbegin.o(.ctors)
 *crtbegin?.o(.ctors)
 *(EXCLUDE_FILE(*crtend.o *crtend?.o) .ctors)
 *(SORT_BY_NAME(.ctors.*))
 *(.ctors)
 *crtbegin.o(.dtors)
 *crtbegin?.o(.dtors)
 *(EXCLUDE_FILE(*crtend.o *crtend?.o) .dtors)
 *(SORT_BY_NAME(.dtors.*))
 *(.dtors)
 *(.eh_frame*)
 .eh_frame      0x1000f460        0x0 /usr/lib/gcc/arm-none-eabi/12.2.1/thumb/v6-m/nofp/crtbegin.o
                0x1000f460                        . = ALIGN (0x4)

.glue_7         0x1000f460        0x0
 .glue_7        0x1000f460        0x0 linker stubs

.glue_7t        0x1000f460        0x0
 .glue_7t       0x1000f460        0x0 linker stubs

.vfp11_veneer   0x1000f460        0x0
 .vfp11_veneer  0x1000f460        0x0 linker stubs

.v4_bx          0x1000f460        0x0
 .v4_bx         0x1000f460        0x0 linker stubs

.iplt           0x1000f460        0x0
 .iplt          0x1000f460        0x0 /usr/lib/gcc/arm-none-eabi/12.2.1/thumb/v6-m/nofp/crtbegin.o

.rodata         0x1000f460     0x6998
 *(EXCLUDE_FILE(*libm.a: *libc.a:*lib_a-mem*.o *libgcc.a:) .rodata*)
 .rodata.generateTableFloat.constprop.0.str1.4
                0x1000f460       0x4a CMakeFiles/mbot_classic_v1.1.0_enc48.dir/src/mbot_print.c.obj
                                 0x52 (size before relaxing)
 *fill*         0x1000f4aa        0x2 
 .rodata.generateTableInt.str1.4
                0x1000f4ac        0x7 CMakeFiles/mbot_classic_v1.1.0_enc48.dir/src/mbot_print.c.obj
 *fill*         0x1000f4b3        0x1 
 .rodata.mbot_print_state.str1.4
                0x1000f4b4       0x89 CMakeFiles/mbot_classic_v1.1.0_enc48.dir/src/mbot_print.c.obj
 *fill*         0x1000f53d        0x3 
 .rodata.str1.4
                0x1000f540       0x54 CMakeFiles/mbot_classic_v1.1.0_enc48.dir/src/mbot_print.c.obj
 .rodata        0x1000f594       0x30 CMakeFiles/mbot_classic_v1.1.0_enc48.dir/src/mbot_print.c.obj
 .rodata.mbot_init_comms.str1.4
                0x1000f5c4       0x49 CMakeFiles/mbot_classic_v1.1.0_enc48.dir/src/mbot_comms.c.obj
 *fill*         0x1000f60d        0x3 
 .rodata.mbot_init_pico.str1.4
                0x1000f610       0x46 CMakeFiles/mbot_classic_v1.1.0_enc48.dir/src/mbot_classic.c.obj
 *fill*         0x1000f656        0x2 
 .rodata.mbot_init_hardware.str1.4
                0x1000f658       0x68 CMakeFiles/mbot_classic_v1.1.0_enc48.dir/src/mbot_classic.c.obj
 .rodata.print_mbot_params.str1.4
                0x1000f6c0       0xae CMakeFiles/mbot_classic_v1.1.0_enc48.dir/src/mbot_classic.c.obj
 *fill*         0x1000f76e        0x2 
 .rodata.main.str1.4
                0x1000f770       0xa5 CMakeFiles/mbot_classic_v1.1.0_enc48.dir/src/mbot_classic.c.obj
 *fill*         0x1000f815        0x3 
 .rodata.str1.4
                0x1000f818       0x2a CMakeFiles/mbot_classic_v1.1.0_enc48.dir/src/mbot_classic.c.obj
 *fill*         0x1000f842        0x2 
 .rodata.__bi_215.0
                0x1000f844        0xc CMakeFiles/mbot_classic_v1.1.0_enc48.dir/src/mbot_classic.c.obj
 .rodata.spin_lock_claim_unused.str1.4
                0x1000f850       0x1b CMakeFiles/mbot_classic_v1.1.0_enc48.dir/lib/pico-sdk/src/rp2_common/hardware_sync/sync.c.obj
 *fill*         0x1000f86b        0x1 
 .rodata.user_irq_claim_unused.str1.4
                0x1000f86c       0x1b CMakeFiles/mbot_classic_v1.1.0_enc48.dir/lib/pico-sdk/src/rp2_common/hardware_irq/irq.c.obj
 *fill*         0x1000f887        0x1 
 .rodata.at_the_end_of_time
                0x1000f888        0x8 CMakeFiles/mbot_classic_v1.1.0_enc48.dir/lib/pico-sdk/src/common/pico_time/time.c.obj
                0x1000f888                at_the_end_of_time
 .rodata.hardware_alarm_claim.str1.4
                0x1000f890       0x22 CMakeFiles/mbot_classic_v1.1.0_enc48.dir/lib/pico-sdk/src/rp2_common/hardware_timer/timer.c.obj
 *fill*         0x1000f8b2        0x2 
 .rodata.panic.str1.4
                0x1000f8b4       0x10 CMakeFiles/mbot_classic_v1.1.0_enc48.dir/lib/pico-sdk/src/rp2_common/pico_runtime/runtime.c.obj
                                 0x12 (size before relaxing)
 .rodata.hard_assertion_failure.str1.4
                0x1000f8c4        0xc CMakeFiles/mbot_classic_v1.1.0_enc48.dir/lib/pico-sdk/src/rp2_common/pico_runtime/runtime.c.obj
 .rodata._ftoa.str1.4
                0x1000f8d0       0x15 CMakeFiles/mbot_classic_v1.1.0_enc48.dir/lib/pico-sdk/src/rp2_common/pico_printf/printf.c.obj
 *fill*         0x1000f8e5        0x3 
 .rodata._vsnprintf
                0x1000f8e8      0x19c CMakeFiles/mbot_classic_v1.1.0_enc48.dir/lib/pico-sdk/src/rp2_common/pico_printf/printf.c.obj
 *fill*         0x1000fa84        0x4 
 .rodata.pow10.0
                0x1000fa88       0x50 CMakeFiles/mbot_classic_v1.1.0_enc48.dir/lib/pico-sdk/src/rp2_common/pico_printf/printf.c.obj
 .rodata.__wrap_malloc.str1.4
                0x1000fad8        0xe CMakeFiles/mbot_classic_v1.1.0_enc48.dir/lib/pico-sdk/src/rp2_common/pico_malloc/pico_malloc.c.obj
 *fill*         0x1000fae6        0x2 
 .rodata.str1.4
                0x1000fae8       0x50 CMakeFiles/mbot_classic_v1.1.0_enc48.dir/lib/pico-sdk/src/rp2_common/pico_standard_link/binary_info.c.obj
 .rodata.__bi_81
                0x1000fb38        0xc CMakeFiles/mbot_classic_v1.1.0_enc48.dir/lib/pico-sdk/src/rp2_common/pico_standard_link/binary_info.c.obj
 .rodata.__bi_75
                0x1000fb44        0xc CMakeFiles/mbot_classic_v1.1.0_enc48.dir/lib/pico-sdk/src/rp2_common/pico_standard_link/binary_info.c.obj
 .rodata.__bi_44
                0x1000fb50        0xc CMakeFiles/mbot_classic_v1.1.0_enc48.dir/lib/pico-sdk/src/rp2_common/pico_standard_link/binary_info.c.obj
 .rodata.crlf_str.0
                0x1000fb5c        0x2 CMakeFiles/mbot_classic_v1.1.0_enc48.dir/lib/pico-sdk/src/rp2_common/pico_stdio/stdio.c.obj
 *fill*         0x1000fb5e        0x2 
 .rodata._resetd_driver
                0x1000fb60       0x18 CMakeFiles/mbot_classic_v1.1.0_enc48.dir/lib/pico-sdk/src/rp2_common/pico_stdio_usb/reset_interface.c.obj
 .rodata.str1.4
                0x1000fb78       0x13 CMakeFiles/mbot_classic_v1.1.0_enc48.dir/lib/pico-sdk/src/rp2_common/pico_stdio_usb/stdio_usb.c.obj
 *fill*         0x1000fb8b        0x1 
 .rodata.__bi_167.0
                0x1000fb8c        0xc CMakeFiles/mbot_classic_v1.1.0_enc48.dir/lib/pico-sdk/src/rp2_common/pico_stdio_usb/stdio_usb.c.obj
 .rodata.str1.4
                0x1000fb98       0x2e CMakeFiles/mbot_classic_v1.1.0_enc48.dir/lib/pico-sdk/src/rp2_common/pico_stdio_usb/stdio_usb_descriptors.c.obj
 *fill*         0x1000fbc6        0x2 
 .rodata.usbd_desc_str
                0x1000fbc8       0x18 CMakeFiles/mbot_classic_v1.1.0_enc48.dir/lib/pico-sdk/src/rp2_common/pico_stdio_usb/stdio_usb_descriptors.c.obj
 .rodata.usbd_desc_cfg
                0x1000fbe0       0x96 CMakeFiles/mbot_classic_v1.1.0_enc48.dir/lib/pico-sdk/src/rp2_common/pico_stdio_usb/stdio_usb_descriptors.c.obj
 *fill*         0x1000fc76        0x2 
 .rodata.usbd_desc_device
                0x1000fc78       0x12 CMakeFiles/mbot_classic_v1.1.0_enc48.dir/lib/pico-sdk/src/rp2_common/pico_stdio_usb/stdio_usb_descriptors.c.obj
 *fill*         0x1000fc8a        0x2 
 .rodata.dcd_rp2040_irq.str1.4
                0x1000fc8c       0x14 CMakeFiles/mbot_classic_v1.1.0_enc48.dir/lib/pico-sdk/lib/tinyusb/src/portable/raspberrypi/rp2040/dcd_rp2040.c.obj
 .rodata._hw_endpoint_buffer_control_update32.part.0.isra.0.str1.4
                0x1000fca0       0x1f CMakeFiles/mbot_classic_v1.1.0_enc48.dir/lib/pico-sdk/lib/tinyusb/src/portable/raspberrypi/rp2040/rp2040_usb.c.obj
 *fill*         0x1000fcbf        0x1 
 .rodata.hw_endpoint_xfer_continue.str1.4
                0x1000fcc0       0x29 CMakeFiles/mbot_classic_v1.1.0_enc48.dir/lib/pico-sdk/lib/tinyusb/src/portable/raspberrypi/rp2040/rp2040_usb.c.obj
 *fill*         0x1000fce9        0x3 
 .rodata.str1.4
                0x1000fcec        0x7 CMakeFiles/mbot_classic_v1.1.0_enc48.dir/lib/pico-sdk/lib/tinyusb/src/portable/raspberrypi/rp2040/rp2040_usb.c.obj
 *fill*         0x1000fcf3        0x1 
 .rodata.tud_task
                0x1000fcf4       0x8c CMakeFiles/mbot_classic_v1.1.0_enc48.dir/lib/pico-sdk/lib/tinyusb/src/device/usbd.c.obj
 .rodata._usbd_driver
                0x1000fd80       0x18 CMakeFiles/mbot_classic_v1.1.0_enc48.dir/lib/pico-sdk/lib/tinyusb/src/device/usbd.c.obj
 .rodata.pio_claim_unused_sm.str1.4
                0x1000fd98       0x24 CMakeFiles/mbot_classic_v1.1.0_enc48.dir/lib/pico-sdk/src/rp2_common/hardware_pio/pio.c.obj
 .rodata.pio_add_program.str1.4
                0x1000fdbc       0x11 CMakeFiles/mbot_classic_v1.1.0_enc48.dir/lib/pico-sdk/src/rp2_common/hardware_pio/pio.c.obj
 *fill*         0x1000fdcd        0x3 
 .rodata.mbot_motor_init_freq.str1.4
                0x1000fdd0       0x4d mbot/libmbotlib.a(motor.c.obj)
 *fill*         0x1000fe1d        0x3 
 .rodata.mbot_motor_set_duty.str1.4
                0x1000fe20       0x2a mbot/libmbotlib.a(motor.c.obj)
 *fill*         0x1000fe4a        0x2 
 .rodata.motor_ph
                0x1000fe4c        0x8 mbot/libmbotlib.a(motor.c.obj)
 .rodata.motor_en
                0x1000fe54        0x8 mbot/libmbotlib.a(motor.c.obj)
 .rodata.mbot_encoder_read_delta.str1.4
                0x1000fe5c       0x12 mbot/libmbotlib.a(encoder.c.obj)
 *fill*         0x1000fe6e        0x2 
 .rodata.quadrature_encoder_program
                0x1000fe70        0x6 mbot/libmbotlib.a(encoder.c.obj)
 *fill*         0x1000fe76        0x2 
 .rodata.quadrature_encoder_program_instructions
                0x1000fe78       0x3c mbot/libmbotlib.a(encoder.c.obj)
 .rodata.mbot_init_fram.str1.4
                0x1000feb4       0x70 mbot/libmbotlib.a(fram.c.obj)
 .rodata._bhy_dump_status.str1.4
                0x1000ff24       0x5e mbot/libmbotlib.a(imu.c.obj)
 *fill*         0x1000ff82        0x2 
 .rodata.mbot_imu_init.str1.4
                0x1000ff84       0xae mbot/libmbotlib.a(imu.c.obj)
 *fill*         0x10010032        0x2 
 .rodata.sensor_i2c_write.str1.4
                0x10010034       0x25 mbot/libmbotlib.a(imu.c.obj)
 *fill*         0x10010059        0x3 
 .rodata.bhy1_fw
                0x1001005c     0x5348 mbot/libmbotlib.a(imu.c.obj)
                0x1001005c                bhy1_fw
 .rodata        0x100153a4       0x3c mbot/libmbotlib.a(imu.c.obj)
 .rodata.bhy_parse_next_fifo_packet
                0x100153e0      0x3fc mbot/libmbotlib.a(bhy_uc_driver.c.obj)
 .rodata.CSWTCH.92
                0x100157dc        0xc mbot/libmbotlib.a(bhy_uc_driver.c.obj)
 .rodata.bhy_initialize_from_rom.str1.4
                0x100157e8       0x15 mbot/libmbotlib.a(bhy.c.obj)
 *fill*         0x100157fd        0x3 
 .rodata.rc_filter_free.str1.4
                0x10015800       0x30 rc/librclib.a(filter.c.obj)
 .rodata.rc_filter_alloc.str1.4
                0x10015830      0x18a rc/librclib.a(filter.c.obj)