Archive member included to satisfy reference by file (symbol)

mbot/libmbotlib.a(motor.c.obj)
                              CMakeFiles/mbot_calibrate_classic_v1.1.0_enc48.dir/tests/mbot_calibrate_classic.c.obj (mbot_motor_init)
mbot/libmbotlib.a(encoder.c.obj)
                              CMakeFiles/mbot_calibrate_classic_v1.1.0_enc48.dir/tests/mbot_calibrate_classic.c.obj (mbot_encoder_init)
mbot/libmbotlib.a(fram.c.obj)
                              CMakeFiles/mbot_calibrate_classic_v1.1.0_enc48.dir/tests/mbot_calibrate_classic.c.obj (mbot_init_fram)
mbot/libmbotlib.a(imu.c.obj)  CMakeFiles/mbot_calibrate_classic_v1.1.0_enc48.dir/tests/mbot_calibrate_classic.c.obj (mbot_imu_default_config)
mbot/libmbotlib.a(utils.c.obj)
                              mbot/libmbotlib.a(fram.c.obj) (mbot_init_i2c)
mbot/libmbotlib.a(bhy_uc_driver.c.obj)
                              mbot/libmbotlib.a(imu.c.obj) (bhy_driver_init)
mbot/libmbotlib.a(bhy.c.obj)  mbot/libmbotlib.a(bhy_uc_driver.c.obj) (bhy_write_reg)
mbot/libmbotlib.a(bhy_support.c.obj)
                              mbot/libmbotlib.a(bhy_uc_driver.c.obj) (bhy_delay_msec)
/usr/lib/gcc/arm-none-eabi/12.2.1/thumb/v6-m/nofp/libgcc.a(_dvmd_tls.o)
                              CMakeFiles/mbot_calibrate_classic_v1.1.0_enc48.dir/lib/pico-sdk/src/rp2_common/pico_divider/divider.S.obj (__aeabi_idiv0)
/usr/lib/gcc/arm-none-eabi/12.2.1/../../../arm-none-eabi/lib/thumb/v6-m/nofp/libc.a(lib_a-atexit.o)
                              /usr/lib/gcc/arm-none-eabi/12.2.1/../../../arm-none-eabi/lib/thumb/v6-m/nofp/crt0.o (atexit)
/usr/lib/gcc/arm-none-eabi/12.2.1/../../../arm-none-eabi/lib/thumb/v6-m/nofp/libc.a(lib_a-calloc.o)
                              CMakeFiles/mbot_calibrate_classic_v1.1.0_enc48.dir/lib/pico-sdk/src/rp2_common/pico_malloc/pico_malloc.c.obj (calloc)
/usr/lib/gcc/arm-none-eabi/12.2.1/../../../arm-none-eabi/lib/thumb/v6-m/nofp/libc.a(lib_a-callocr.o)
                              /usr/lib/gcc/arm-none-eabi/12.2.1/../../../arm-none-eabi/lib/thumb/v6-m/nofp/libc.a(lib_a-calloc.o) (_calloc_r)
/usr/lib/gcc/arm-none-eabi/12.2.1/../../../arm-none-eabi/lib/thumb/v6-m/nofp/libc.a(lib_a-fflush.o)
                              CMakeFiles/mbot_calibrate_classic_v1.1.0_enc48.dir/tests/mbot_calibrate_classic.c.obj (fflush)
/usr/lib/gcc/arm-none-eabi/12.2.1/../../../arm-none-eabi/lib/thumb/v6-m/nofp/libc.a(lib_a-findfp.o)
                              /usr/lib/gcc/arm-none-eabi/12.2.1/../../../arm-none-eabi/lib/thumb/v6-m/nofp/libc.a(lib_a-fflush.o) (__sinit)
/usr/lib/gcc/arm-none-eabi/12.2.1/../../../arm-none-eabi/lib/thumb/v6-m/nofp/libc.a(lib_a-fini.o)
                              /usr/lib/gcc/arm-none-eabi/12.2.1/../../../arm-none-eabi/lib/thumb/v6-m/nofp/crt0.o (__libc_fini_array)
/usr/lib/gcc/arm-none-eabi/12.2.1/../../../arm-none-eabi/lib/thumb/v6-m/nofp/libc.a(lib_a-freer.o)
                              /usr/lib/gcc/arm-none-eabi/12.2.1/../../../arm-none-eabi/lib/thumb/v6-m/nofp/libc.a(lib_a-fflush.o) (_free_r)
/usr/lib/gcc/arm-none-eabi/12.2.1/../../../arm-none-eabi/lib/thumb/v6-m/nofp/libc.a(lib_a-fwalk.o)
                              /usr/lib/gcc/arm-none-eabi/12.2.1/../../../arm-none-eabi/lib/thumb/v6-m/nofp/libc.a(lib_a-findfp.o) (_fwalk)
/usr/lib/gcc/arm-none-eabi/12.2.1/../../../arm-none-eabi/lib/thumb/v6-m/nofp/libc.a(lib_a-fwrite.o)
                              mbot/libmbotlib.a(motor.c.obj) (fwrite)
/usr/lib/gcc/arm-none-eabi/12.2.1/../../../arm-none-eabi/lib/thumb/v6-m/nofp/libc.a(lib_a-impure.o)
                              /usr/lib/gcc/arm-none-eabi/12.2.1/../../../arm-none-eabi/lib/thumb/v6-m/nofp/libc.a(lib_a-fflush.o) (_global_impure_ptr)
/usr/lib/gcc/arm-none-eabi/12.2.1/../../../arm-none-eabi/lib/thumb/v6-m/nofp/libc.a(lib_a-init.o)
                              /usr/lib/gcc/arm-none-eabi/12.2.1/../../../arm-none-eabi/lib/thumb/v6-m/nofp/crt0.o (__libc_init_array)
/usr/lib/gcc/arm-none-eabi/12.2.1/../../../arm-none-eabi/lib/thumb/v6-m/nofp/libc.a(lib_a-malloc.o)
                              CMakeFiles/mbot_calibrate_classic_v1.1.0_enc48.dir/lib/pico-sdk/src/rp2_common/pico_malloc/pico_malloc.c.obj (malloc)
/usr/lib/gcc/arm-none-eabi/12.2.1/../../../arm-none-eabi/lib/thumb/v6-m/nofp/libc.a(lib_a-mallocr.o)
                              /usr/lib/gcc/arm-none-eabi/12.2.1/../../../arm-none-eabi/lib/thumb/v6-m/nofp/libc.a(lib_a-callocr.o) (_malloc_r)
/usr/lib/gcc/arm-none-eabi/12.2.1/../../../arm-none-eabi/lib/thumb/v6-m/nofp/libc.a(lib_a-mlock.o)
                              /usr/lib/gcc/arm-none-eabi/12.2.1/../../../arm-none-eabi/lib/thumb/v6-m/nofp/libc.a(lib_a-freer.o) (__malloc_lock)
/usr/lib/gcc/arm-none-eabi/12.2.1/../../../arm-none-eabi/lib/thumb/v6-m/nofp/libc.a(lib_a-realloc.o)
                              CMakeFiles/mbot_calibrate_classic_v1.1.0_enc48.dir/lib/pico-sdk/src/rp2_common/pico_malloc/pico_malloc.c.obj (realloc)
/usr/lib/gcc/arm-none-eabi/12.2.1/../../../arm-none-eabi/lib/thumb/v6-m/nofp/libc.a(lib_a-reallocr.o)
[...]
Memory Configuration

Name             Origin             Length             Attributes
FLASH            0x10000000         0x00200000         xr
RAM              0x20000000         0x00040000         xrw
SCRATCH_X        0x20040000         0x00001000         xrw
SCRATCH_Y        0x20041000         0x00001000         xrw
*default*        0x00000000         0xffffffff

Linker script and memory map

LOAD /usr/lib/gcc/arm-none-eabi/12.2.1/thumb/v6-m/nofp/crti.o
LOAD /usr/lib/gcc/arm-none-eabi/12.2.1/thumb/v6-m/nofp/crtbegin.o
LOAD /usr/lib/gcc/arm-none-eabi/12.2.1/../../../arm-none-eabi/lib/thumb/v6-m/nofp/crt0.o

.flash_begin    0x10000000        0x0
                0x10000000                        __flash_binary_start = .

.boot2          0x10000000      0x100
                0x10000000                        __boot2_start__ = .
 *(.boot2)
 .boot2         0x10000000      0x100 /tmp/cc3Am22P.o
                0x10000100                        __boot2_end__ = .
                0x00000001                        ASSERT (((__boot2_end__ - __boot2_start__) == 0x100), ERROR: Pico second stage bootloader must be 256 bytes in size)

.text           0x10000100     0xc050
                0x10000100                        __logical_binary_start = .
 *(.vectors)
 .vectors       0x10000100       0xd4 CMakeFiles/mbot_calibrate_classic_v1.1.0_enc48.dir/lib/pico-sdk/src/rp2_common/pico_standard_link/crt0.S.obj
                0x10000100                __vectors
                0x10000100                __VECTOR_TABLE
                0x100001c0                isr_invalid
                0x100001c0                __default_isrs_start
                0x100001c2                isr_nmi
                0x100001c4                isr_hardfault
                0x100001c6                isr_svcall
                0x100001c8                isr_pendsv
                0x100001ca                isr_systick
                0x100001cc                isr_irq30
                0x100001cc                __unhandled_user_irq
                0x100001cc                isr_irq13
                0x100001cc                isr_irq27
                0x100001cc                isr_irq31
                0x100001cc                isr_irq5
                0x100001cc                isr_irq11
                0x100001cc                isr_irq23
                0x100001cc                isr_irq18
                0x100001cc                isr_irq28
                0x100001cc                isr_irq19
                0x100001cc                isr_irq0
                0x100001cc                isr_irq6
                0x100001cc                isr_irq22
                0x100001cc                isr_irq17
                0x100001cc                isr_irq14
                0x100001cc                isr_irq2
                0x100001cc                isr_irq10
                0x100001cc                isr_irq8
                0x100001cc                isr_irq24
                0x100001cc                isr_irq1
                0x100001cc                isr_irq7
                0x100001cc                isr_irq21
                0x100001cc                isr_irq20
                0x100001cc                isr_irq15
                0x100001cc                isr_irq25
                0x100001cc                isr_irq4
                0x100001cc                isr_irq16
                0x100001cc                isr_irq29
                0x100001cc                isr_irq26
                0x100001cc                __default_isrs_end
                0x100001cc                isr_irq3
                0x100001cc                isr_irq12
                0x100001cc                isr_irq9
                0x100001d2                unhandled_user_irq_num_in_r0
 *(.binary_info_header)
 .binary_info_header
                0x100001d4       0x14 CMakeFiles/mbot_calibrate_classic_v1.1.0_enc48.dir/lib/pico-sdk/src/rp2_common/pico_standard_link/crt0.S.obj
                0x100001e8                        __binary_info_header_end = .
 *(.reset)
 .reset         0x100001e8       0xa8 CMakeFiles/mbot_calibrate_classic_v1.1.0_enc48.dir/lib/pico-sdk/src/rp2_common/pico_standard_link/crt0.S.obj
                0x100001e8                _entry_point
                0x10000266                __get_current_exception
 .reset         0x10000290       0x30 CMakeFiles/mbot_calibrate_classic_v1.1.0_enc48.dir/lib/pico-sdk/src/rp2_common/pico_standard_link/binary_info.c.obj
 *(.init)
 .init          0x100002c0        0x4 /usr/lib/gcc/arm-none-eabi/12.2.1/thumb/v6-m/nofp/crti.o
                0x100002c0                _init
 *(EXCLUDE_FILE(*libm.a: *libc.a:*lib_a-mem*.o *libgcc.a:) .text*)
 .text          0x100002c4       0x98 /usr/lib/gcc/arm-none-eabi/12.2.1/thumb/v6-m/nofp/crtbegin.o
 .text.least_squares_fit
                0x1000035c      0x104 CMakeFiles/mbot_calibrate_classic_v1.1.0_enc48.dir/tests/mbot_calibrate_classic.c.obj
                0x1000035c                least_squares_fit
 .text.print_mbot_params_dd
                0x10000460       0xb8 CMakeFiles/mbot_calibrate_classic_v1.1.0_enc48.dir/tests/mbot_calibrate_classic.c.obj
                0x10000460                print_mbot_params_dd
 .text.startup.main
                0x10000518      0x9e4 CMakeFiles/mbot_calibrate_classic_v1.1.0_enc48.dir/tests/mbot_calibrate_classic.c.obj
                0x10000518                main
 .text.gpio_default_irq_handler
                0x10000efc      0x204 CMakeFiles/mbot_calibrate_classic_v1.1.0_enc48.dir/lib/pico-sdk/src/rp2_common/hardware_gpio/gpio.c.obj
 .text.gpio_set_function
                0x10001100       0x30 CMakeFiles/mbot_calibrate_classic_v1.1.0_enc48.dir/lib/pico-sdk/src/rp2_common/hardware_gpio/gpio.c.obj
                0x10001100                gpio_set_function
 .text.gpio_get_function
                0x10001130       0x14 CMakeFiles/mbot_calibrate_classic_v1.1.0_enc48.dir/lib/pico-sdk/src/rp2_common/hardware_gpio/gpio.c.obj
                0x10001130                gpio_get_function
 .text.gpio_set_pulls
                0x10001144       0x24 CMakeFiles/mbot_calibrate_classic_v1.1.0_enc48.dir/lib/pico-sdk/src/rp2_common/hardware_gpio/gpio.c.obj
                0x10001144                gpio_set_pulls
 .text.gpio_set_irq_enabled_with_callback
                0x10001168       0xc4 CMakeFiles/mbot_calibrate_classic_v1.1.0_enc48.dir/lib/pico-sdk/src/rp2_common/hardware_gpio/gpio.c.obj
                0x10001168                gpio_set_irq_enabled_with_callback
 .text.gpio_init
                0x1000122c       0x3c CMakeFiles/mbot_calibrate_classic_v1.1.0_enc48.dir/lib/pico-sdk/src/rp2_common/hardware_gpio/gpio.c.obj
                0x1000122c                gpio_init
 .text.hw_claim_lock
                0x10001268       0x18 CMakeFiles/mbot_calibrate_classic_v1.1.0_enc48.dir/lib/pico-sdk/src/rp2_common/hardware_claim/claim.c.obj
                0x10001268                hw_claim_lock
 .text.hw_claim_unlock
                0x10001280       0x14 CMakeFiles/mbot_calibrate_classic_v1.1.0_enc48.dir/lib/pico-sdk/src/rp2_common/hardware_claim/claim.c.obj
                0x10001280                hw_claim_unlock
 .text.hw_is_claimed
                0x10001294       0x18 CMakeFiles/mbot_calibrate_classic_v1.1.0_enc48.dir/lib/pico-sdk/src/rp2_common/hardware_claim/claim.c.obj
                0x10001294                hw_is_claimed
 .text.hw_claim_or_assert
                0x100012ac       0x44 CMakeFiles/mbot_calibrate_classic_v1.1.0_enc48.dir/lib/pico-sdk/src/rp2_common/hardware_claim/claim.c.obj
                0x100012ac                hw_claim_or_assert
 .text.hw_claim_unused_from_range
                0x100012f0       0x9c CMakeFiles/mbot_calibrate_classic_v1.1.0_enc48.dir/lib/pico-sdk/src/rp2_common/hardware_claim/claim.c.obj
                0x100012f0                hw_claim_unused_from_range
 .text.running_on_fpga
                0x1000138c       0x10 CMakeFiles/mbot_calibrate_classic_v1.1.0_enc48.dir/lib/pico-sdk/src/rp2_common/pico_platform/platform.c.obj
                0x1000138c                running_on_fpga
 .text.spin_locks_reset
                0x1000139c       0x1c CMakeFiles/mbot_calibrate_classic_v1.1.0_enc48.dir/lib/pico-sdk/src/rp2_common/hardware_sync/sync.c.obj
                0x1000139c                spin_locks_reset
 .text.next_striped_spin_lock_num
                0x100013b8       0x18 CMakeFiles/mbot_calibrate_classic_v1.1.0_enc48.dir/lib/pico-sdk/src/rp2_common/hardware_sync/sync.c.obj
                0x100013b8                next_striped_spin_lock_num
 .text.spin_lock_claim_unused
                0x100013d0       0x24 CMakeFiles/mbot_calibrate_classic_v1.1.0_enc48.dir/lib/pico-sdk/src/rp2_common/hardware_sync/sync.c.obj
                0x100013d0                spin_lock_claim_unused
 .text.irq_set_enabled
                0x100013f4       0x24 CMakeFiles/mbot_calibrate_classic_v1.1.0_enc48.dir/lib/pico-sdk/src/rp2_common/hardware_irq/irq.c.obj
                0x100013f4                irq_set_enabled
 .text.irq_set_pending
                0x10001418       0x10 CMakeFiles/mbot_calibrate_classic_v1.1.0_enc48.dir/lib/pico-sdk/src/rp2_common/hardware_irq/irq.c.obj
                0x10001418                irq_set_pending
 .text.irq_has_shared_handler
                0x10001428       0x2c CMakeFiles/mbot_calibrate_classic_v1.1.0_enc48.dir/lib/pico-sdk/src/rp2_common/hardware_irq/irq.c.obj
                0x10001428                irq_has_shared_handler
 .text.irq_get_vtable_handler
                0x10001454       0x10 CMakeFiles/mbot_calibrate_classic_v1.1.0_enc48.dir/lib/pico-sdk/src/rp2_common/hardware_irq/irq.c.obj
                0x10001454                irq_get_vtable_handler
 .text.irq_set_exclusive_handler
                0x10001464       0x54 CMakeFiles/mbot_calibrate_classic_v1.1.0_enc48.dir/lib/pico-sdk/src/rp2_common/hardware_irq/irq.c.obj
                0x10001464                irq_set_exclusive_handler
 .text.irq_add_shared_handler
                0x100014b8      0x1f4 CMakeFiles/mbot_calibrate_classic_v1.1.0_enc48.dir/lib/pico-sdk/src/rp2_common/hardware_irq/irq.c.obj
                0x100014b8                irq_add_shared_handler
 .text.irq_remove_handler
                0x100016ac      0x1cc CMakeFiles/mbot_calibrate_classic_v1.1.0_enc48.dir/lib/pico-sdk/src/rp2_common/hardware_irq/irq.c.obj
                0x100016ac                irq_remove_handler
 .text.irq_add_tail_to_free_list
                0x10001878       0xb4 CMakeFiles/mbot_calibrate_classic_v1.1.0_enc48.dir/lib/pico-sdk/src/rp2_common/hardware_irq/irq.c.obj
                0x10001878                irq_add_tail_to_free_list
 .text.irq_init_priorities
                0x1000192c       0x24 CMakeFiles/mbot_calibrate_classic_v1.1.0_enc48.dir/lib/pico-sdk/src/rp2_common/hardware_irq/irq.c.obj
                0x1000192c                irq_init_priorities
 .text.user_irq_claim_unused
                0x10001950       0x30 CMakeFiles/mbot_calibrate_classic_v1.1.0_enc48.dir/lib/pico-sdk/src/rp2_common/hardware_irq/irq.c.obj
                0x10001950                user_irq_claim_unused
 .text.lock_init
                0x10001980       0x10 CMakeFiles/mbot_calibrate_classic_v1.1.0_enc48.dir/lib/pico-sdk/src/common/pico_sync/lock_core.c.obj
                0x10001980                lock_init
 .text.timer_pool_entry_comparator
                0x10001990       0x34 CMakeFiles/mbot_calibrate_classic_v1.1.0_enc48.dir/lib/pico-sdk/src/common/pico_time/time.c.obj
                0x10001990                timer_pool_entry_comparator
 .text.sleep_until_callback
                0x100019c4       0x30 CMakeFiles/mbot_calibrate_classic_v1.1.0_enc48.dir/lib/pico-sdk/src/common/pico_time/time.c.obj
 .text.add_alarm_under_lock.isra.0
                0x100019f4      0x100 CMakeFiles/mbot_calibrate_classic_v1.1.0_enc48.dir/lib/pico-sdk/src/common/pico_time/time.c.obj
 .text.alarm_pool_alarm_callback
                0x10001af4      0x1c4 CMakeFiles/mbot_calibrate_classic_v1.1.0_enc48.dir/lib/pico-sdk/src/common/pico_time/time.c.obj
 .text.alarm_pool_add_alarm_at.constprop.0
                0x10001cb8      0x11c CMakeFiles/mbot_calibrate_classic_v1.1.0_enc48.dir/lib/pico-sdk/src/common/pico_time/time.c.obj
 .text.alarm_pool_init_default
                0x10001dd4       0x64 CMakeFiles/mbot_calibrate_classic_v1.1.0_enc48.dir/lib/pico-sdk/src/common/pico_time/time.c.obj
                0x10001dd4                alarm_pool_init_default
 .text.alarm_pool_get_default
                0x10001e38        0x8 CMakeFiles/mbot_calibrate_classic_v1.1.0_enc48.dir/lib/pico-sdk/src/common/pico_time/time.c.obj
                0x10001e38                alarm_pool_get_default
 .text.alarm_pool_add_alarm_at
                0x10001e40      0x19c CMakeFiles/mbot_calibrate_classic_v1.1.0_enc48.dir/lib/pico-sdk/src/common/pico_time/time.c.obj
                0x10001e40                alarm_pool_add_alarm_at
 .text.sleep_until
                0x10001fdc       0xac CMakeFiles/mbot_calibrate_classic_v1.1.0_enc48.dir/lib/pico-sdk/src/common/pico_time/time.c.obj
                0x10001fdc                sleep_until
 .text.sleep_ms
                0x10002088       0x38 CMakeFiles/mbot_calibrate_classic_v1.1.0_enc48.dir/lib/pico-sdk/src/common/pico_time/time.c.obj
                0x10002088                sleep_ms
 .text.best_effort_wfe_or_timeout
                0x100020c0       0xd0 CMakeFiles/mbot_calibrate_classic_v1.1.0_enc48.dir/lib/pico-sdk/src/common/pico_time/time.c.obj
                0x100020c0                best_effort_wfe_or_timeout
 .text.hardware_alarm_irq_handler
                0x10002190       0xb8 CMakeFiles/mbot_calibrate_classic_v1.1.0_enc48.dir/lib/pico-sdk/src/rp2_common/hardware_timer/timer.c.obj
 .text.hardware_alarm_claim
                0x10002248       0x18 CMakeFiles/mbot_calibrate_classic_v1.1.0_enc48.dir/lib/pico-sdk/src/rp2_common/hardware_timer/timer.c.obj
                0x10002248                hardware_alarm_claim
 .text.time_us_64
                0x10002260       0x14 CMakeFiles/mbot_calibrate_classic_v1.1.0_enc48.dir/lib/pico-sdk/src/rp2_common/hardware_timer/timer.c.obj
                0x10002260                time_us_64
 .text.busy_wait_us
                0x10002274       0x68 CMakeFiles/mbot_calibrate_classic_v1.1.0_enc48.dir/lib/pico-sdk/src/rp2_common/hardware_timer/timer.c.obj
                0x10002274                busy_wait_us
 .text.busy_wait_until
                0x100022dc       0x20 CMakeFiles/mbot_calibrate_classic_v1.1.0_enc48.dir/lib/pico-sdk/src/rp2_common/hardware_timer/timer.c.obj
                0x100022dc                busy_wait_until
 .text.hardware_alarm_set_callback
                0x100022fc       0x8c CMakeFiles/mbot_calibrate_classic_v1.1.0_enc48.dir/lib/pico-sdk/src/rp2_common/hardware_timer/timer.c.obj
                0x100022fc                hardware_alarm_set_callback
 .text.hardware_alarm_set_target
                0x10002388       0xdc CMakeFiles/mbot_calibrate_classic_v1.1.0_enc48.dir/lib/pico-sdk/src/rp2_common/hardware_timer/timer.c.obj
                0x10002388                hardware_alarm_set_target
 .text.hardware_alarm_cancel
                0x10002464       0x3c CMakeFiles/mbot_calibrate_classic_v1.1.0_enc48.dir/lib/pico-sdk/src/rp2_common/hardware_timer/timer.c.obj
                0x10002464                hardware_alarm_cancel
 .text.ph_merge_nodes
                0x100024a0       0x64 CMakeFiles/mbot_calibrate_classic_v1.1.0_enc48.dir/lib/pico-sdk/src/common/pico_util/pheap.c.obj
 .text.ph_post_alloc_init
                0x10002504       0x3c CMakeFiles/mbot_calibrate_classic_v1.1.0_enc48.dir/lib/pico-sdk/src/common/pico_util/pheap.c.obj
                0x10002504                ph_post_alloc_init
 .text.ph_merge_two_pass
                0x10002540       0x98 CMakeFiles/mbot_calibrate_classic_v1.1.0_enc48.dir/lib/pico-sdk/src/common/pico_util/pheap.c.obj
                0x10002540                ph_merge_two_pass
 .text.ph_remove_any_head
                0x100025d8      0x12c CMakeFiles/mbot_calibrate_classic_v1.1.0_enc48.dir/lib/pico-sdk/src/common/pico_util/pheap.c.obj
 .text.ph_remove_head
                0x10002704      0x130 CMakeFiles/mbot_calibrate_classic_v1.1.0_enc48.dir/lib/pico-sdk/src/common/pico_util/pheap.c.obj
                0x10002704                ph_remove_head
 .text.ph_remove_and_free_node
                0x10002834       0x78 CMakeFiles/mbot_calibrate_classic_v1.1.0_enc48.dir/lib/pico-sdk/src/common/pico_util/pheap.c.obj
                0x10002834                ph_remove_and_free_node
 .text.mutex_init
                0x100028ac       0x1c CMakeFiles/mbot_calibrate_classic_v1.1.0_enc48.dir/lib/pico-sdk/src/common/pico_sync/mutex.c.obj
                0x100028ac                mutex_init
 .text.recursive_mutex_init
                0x100028c8       0x1c CMakeFiles/mbot_calibrate_classic_v1.1.0_enc48.dir/lib/pico-sdk/src/common/pico_sync/mutex.c.obj
                0x100028c8                recursive_mutex_init
 .text.critical_section_init
                0x100028e4       0x1c CMakeFiles/mbot_calibrate_classic_v1.1.0_enc48.dir/lib/pico-sdk/src/common/pico_sync/critical_section.c.obj
                0x100028e4                critical_section_init
 .text.runtime_init
                0x10002900       0xf0 CMakeFiles/mbot_calibrate_classic_v1.1.0_enc48.dir/lib/pico-sdk/src/rp2_common/pico_runtime/runtime.c.obj
                0x10002900                runtime_init
 .text._sbrk    0x100029f0       0x34 CMakeFiles/mbot_calibrate_classic_v1.1.0_enc48.dir/lib/pico-sdk/src/rp2_common/pico_runtime/runtime.c.obj
                0x100029f0                _sbrk
 .text.exit     0x10002a24        0x4 CMakeFiles/mbot_calibrate_classic_v1.1.0_enc48.dir/lib/pico-sdk/src/rp2_common/pico_runtime/runtime.c.obj
                0x10002a24                exit
 .text.panic    0x10002a28       0x30 CMakeFiles/mbot_calibrate_classic_v1.1.0_enc48.dir/lib/pico-sdk/src/rp2_common/pico_runtime/runtime.c.obj
                0x10002a28                panic
 .text.hard_assertion_failure
                0x10002a58        0xc CMakeFiles/mbot_calibrate_classic_v1.1.0_enc48.dir/lib/pico-sdk/src/rp2_common/pico_runtime/runtime.c.obj
                0x10002a58                hard_assertion_failure
 .text.clocks_init
                0x10002a64      0x2b4 CMakeFiles/mbot_calibrate_classic_v1.1.0_enc48.dir/lib/pico-sdk/src/rp2_common/hardware_clocks/clocks.c.obj
                0x10002a64                clocks_init
 .text.clock_get_hz
                0x10002d18        0xc CMakeFiles/mbot_calibrate_classic_v1.1.0_enc48.dir/lib/pico-sdk/src/rp2_common/hardware_clocks/clocks.c.obj
                0x10002d18                clock_get_hz
 .text.pll_init
                0x10002d24       0xa8 CMakeFiles/mbot_calibrate_classic_v1.1.0_enc48.dir/lib/pico-sdk/src/rp2_common/hardware_pll/pll.c.obj
                0x10002d24                pll_init
 .text.watchdog_start_tick
                0x10002dcc       0x10 CMakeFiles/mbot_calibrate_classic_v1.1.0_enc48.dir/lib/pico-sdk/src/rp2_common/hardware_watchdog/watchdog.c.obj
                0x10002dcc                watchdog_start_tick
 .text.watchdog_reboot
                0x10002ddc       0x9c CMakeFiles/mbot_calibrate_classic_v1.1.0_enc48.dir/lib/pico-sdk/src/rp2_common/hardware_watchdog/watchdog.c.obj
                0x10002ddc                watchdog_reboot
 .text.xosc_init
                0x10002e78       0x28 CMakeFiles/mbot_calibrate_classic_v1.1.0_enc48.dir/lib/pico-sdk/src/rp2_common/hardware_xosc/xosc.c.obj
                0x10002e78                xosc_init
 .text._out_null
                0x10002ea0        0x4 CMakeFiles/mbot_calibrate_classic_v1.1.0_enc48.dir/lib/pico-sdk/src/rp2_common/pico_printf/printf.c.obj
 .text._out_rev
                0x10002ea4       0x90 CMakeFiles/mbot_calibrate_classic_v1.1.0_enc48.dir/lib/pico-sdk/src/rp2_common/pico_printf/printf.c.obj
 .text._ntoa_format
                0x10002f34      0x1f4 CMakeFiles/mbot_calibrate_classic_v1.1.0_enc48.dir/lib/pico-sdk/src/rp2_common/pico_printf/printf.c.obj
 .text._out_char
                0x10003128       0x10 CMakeFiles/mbot_calibrate_classic_v1.1.0_enc48.dir/lib/pico-sdk/src/rp2_common/pico_printf/printf.c.obj
 .text._out_fct
                0x10003138       0x10 CMakeFiles/mbot_calibrate_classic_v1.1.0_enc48.dir/lib/pico-sdk/src/rp2_common/pico_printf/printf.c.obj
 .text._etoa    0x10003148      0x454 CMakeFiles/mbot_calibrate_classic_v1.1.0_enc48.dir/lib/pico-sdk/src/rp2_common/pico_printf/printf.c.obj
 .text._ftoa    0x1000359c      0x3c4 CMakeFiles/mbot_calibrate_classic_v1.1.0_enc48.dir/lib/pico-sdk/src/rp2_common/pico_printf/printf.c.obj
 .text._vsnprintf
                0x10003960      0xb24 CMakeFiles/mbot_calibrate_classic_v1.1.0_enc48.dir/lib/pico-sdk/src/rp2_common/pico_printf/printf.c.obj
 .text.vfctprintf
                0x10004484       0x20 CMakeFiles/mbot_calibrate_classic_v1.1.0_enc48.dir/lib/pico-sdk/src/rp2_common/pico_printf/printf.c.obj
                0x10004484                vfctprintf
 .text.weak_raw_vprintf
                0x100044a4       0x30 CMakeFiles/mbot_calibrate_classic_v1.1.0_enc48.dir/lib/pico-sdk/src/rp2_common/pico_printf/printf.c.obj
                0x100044a4                weak_raw_vprintf
 .text          0x100044d4       0x10 CMakeFiles/mbot_calibrate_classic_v1.1.0_enc48.dir/lib/pico-sdk/src/rp2_common/pico_bit_ops/bit_ops_aeabi.S.obj
 .text.rom_func_lookup
                0x100044e4       0x10 CMakeFiles/mbot_calibrate_classic_v1.1.0_enc48.dir/lib/pico-sdk/src/rp2_common/pico_bootrom/bootrom.c.obj
                0x100044e4                rom_func_lookup
 .text.rom_data_lookup
                0x100044f4       0x10 CMakeFiles/mbot_calibrate_classic_v1.1.0_enc48.dir/lib/pico-sdk/src/rp2_common/pico_bootrom/bootrom.c.obj
                0x100044f4                rom_data_lookup
 .text.rom_funcs_lookup
                0x10004504       0x44 CMakeFiles/mbot_calibrate_classic_v1.1.0_enc48.dir/lib/pico-sdk/src/rp2_common/pico_bootrom/bootrom.c.obj
                0x10004504                rom_funcs_lookup
 .text.__wrap___aeabi_idiv
                0x10004548       0x50 CMakeFiles/mbot_calibrate_classic_v1.1.0_enc48.dir/lib/pico-sdk/src/rp2_common/pico_divider/divider.S.obj
                0x10004548                __wrap___aeabi_idivmod
                0x10004548                divmod_s32s32
                0x10004548                div_s32s32
                0x10004548                __wrap___aeabi_idiv
                0x10004550                divmod_s32s32_unsafe
                0x1000457c                divmod_s32s32_savestate
 .text.__wrap___aeabi_uidiv
                0x10004598       0x4c CMakeFiles/mbot_calibrate_classic_v1.1.0_enc48.dir/lib/pico-sdk/src/rp2_common/pico_divider/divider.S.obj
                0x10004598                __wrap___aeabi_uidiv
                0x10004598                __wrap___aeabi_uidivmod
                0x10004598                div_u32u32
                0x10004598                divmod_u32u32
                0x100045a0                divmod_u32u32_unsafe
                0x100045c8                divmod_u32u32_savestate
 .text.__wrap___aeabi_ldiv
                0x100045e4      0x434 CMakeFiles/mbot_calibrate_classic_v1.1.0_enc48.dir/lib/pico-sdk/src/rp2_common/pico_divider/divider.S.obj
                0x100045e4                div_s64s64
                0x100045e4                divmod_s64s64
                0x100045e4                __wrap___aeabi_ldivmod
                0x1000461c                div_u64u64
                0x1000461c                divmod_u64u64
                0x1000461c                __wrap___aeabi_uldivmod
                0x1000462c                divmod_u64u64_savestate
                0x10004654                divmod_s64s64_unsafe
                0x100046dc                divmod_u64u64_unsafe
 .text.__wrap___aeabi_darithmetic
                0x10004a18       0x80 CMakeFiles/mbot_calibrate_classic_v1.1.0_enc48.dir/lib/pico-sdk/src/rp2_common/pico_double/double_aeabi.S.obj
                0x10004a18                __wrap___aeabi_drsub
                0x10004a1e                __wrap___aeabi_dsub
                0x10004a30                __wrap___aeabi_dadd
                0x10004a42                __wrap___aeabi_ddiv
                0x10004a7e                __wrap___aeabi_dmul
 .text.__wrap___aeabi_cdcmple
                0x10004a98       0x6c CMakeFiles/mbot_calibrate_classic_v1.1.0_enc48.dir/lib/pico-sdk/src/rp2_common/pico_double/double_aeabi.S.obj
                0x10004a98                __wrap___aeabi_cdrcmple
                0x10004aa8                __wrap___aeabi_cdcmple
                0x10004aa8                __wrap___aeabi_cdcmpeq
 .text.__wrap___aeabi_dcmplt
                0x10004b04        0xc CMakeFiles/mbot_calibrate_classic_v1.1.0_enc48.dir/lib/pico-sdk/src/rp2_common/pico_double/double_aeabi.S.obj
                0x10004b04                __wrap___aeabi_dcmplt
 .text.__wrap___aeabi_dcmple
                0x10004b10       0x10 CMakeFiles/mbot_calibrate_classic_v1.1.0_enc48.dir/lib/pico-sdk/src/rp2_common/pico_double/double_aeabi.S.obj
                0x10004b10                __wrap___aeabi_dcmple
 .text.__wrap___aeabi_dcmpge
                0x10004b20       0x10 CMakeFiles/mbot_calibrate_classic_v1.1.0_enc48.dir/lib/pico-sdk/src/rp2_common/pico_double/double_aeabi.S.obj
                0x10004b20                __wrap___aeabi_dcmpge
 .text.__wrap___aeabi_dcmpgt
                0x10004b30        0xa CMakeFiles/mbot_calibrate_classic_v1.1.0_enc48.dir/lib/pico-sdk/src/rp2_common/pico_double/double_aeabi.S.obj
                0x10004b30                __wrap___aeabi_dcmpgt
 .text.__wrap___aeabi_dcmpun
                0x10004b3a       0x1c CMakeFiles/mbot_calibrate_classic_v1.1.0_enc48.dir/lib/pico-sdk/src/rp2_common/pico_double/double_aeabi.S.obj
                0x10004b3a                __wrap___aeabi_dcmpun
 *fill*         0x10004b56        0x2 
 .text.__wrap___aeabi_i2d
                0x10004b58       0x38 CMakeFiles/mbot_calibrate_classic_v1.1.0_enc48.dir/lib/pico-sdk/src/rp2_common/pico_double/double_aeabi.S.obj
                0x10004b58                __wrap___aeabi_ui2d
                0x10004b60                __wrap___aeabi_i2d
 .text.__wrap___aeabi_d2iz
                0x10004b90       0x48 CMakeFiles/mbot_calibrate_classic_v1.1.0_enc48.dir/lib/pico-sdk/src/rp2_common/pico_double/double_aeabi.S.obj
                0x10004b90                __wrap___aeabi_d2iz
                0x10004b90                double2int_z
 .text.__wrap___aeabi_d2uiz
                0x10004bd8       0x18 CMakeFiles/mbot_calibrate_classic_v1.1.0_enc48.dir/lib/pico-sdk/src/rp2_common/pico_double/double_aeabi.S.obj
                0x10004bd8                double2uint
                0x10004bd8                __wrap___aeabi_d2uiz
 .text.__wrap___aeabi_d2f
                0x10004bf0       0x18 CMakeFiles/mbot_calibrate_classic_v1.1.0_enc48.dir/lib/pico-sdk/src/rp2_common/pico_double/double_aeabi.S.obj
                0x10004bf0                __wrap___aeabi_d2f
 .text.__aeabi_double_init
                0x10004c08       0x98 CMakeFiles/mbot_calibrate_classic_v1.1.0_enc48.dir/lib/pico-sdk/src/rp2_common/pico_double/double_init_rom.c.obj
                0x10004c08                __aeabi_double_init
 .text.double_table_shim_on_use_helper
                0x10004ca0       0x2c CMakeFiles/mbot_calibrate_classic_v1.1.0_enc48.dir/lib/pico-sdk/src/rp2_common/pico_double/double_v1_rom_shim.S.obj
                0x10004ca0                double_table_shim_on_use_helper
 .text.__wrap___aeabi_dsub
                0x10004ccc       0x10 CMakeFiles/mbot_calibrate_classic_v1.1.0_enc48.dir/lib/pico-sdk/src/rp2_common/pico_double/double_v1_rom_shim.S.obj
                0x10004ccc                drsub_shim
                0x10004cd2                dsub_shim
 .text.dadd_shim
                0x10004cdc      0x15c CMakeFiles/mbot_calibrate_classic_v1.1.0_enc48.dir/lib/pico-sdk/src/rp2_common/pico_double/double_v1_rom_shim.S.obj
                0x10004cdc                dadd_shim
 .text.dmul_shim
                0x10004e38      0x15c CMakeFiles/mbot_calibrate_classic_v1.1.0_enc48.dir/lib/pico-sdk/src/rp2_common/pico_double/double_v1_rom_shim.S.obj
                0x10004e38                dmul_shim
 .text.ddiv_shim
                0x10004f94      0x1b0 CMakeFiles/mbot_calibrate_classic_v1.1.0_enc48.dir/lib/pico-sdk/src/rp2_common/pico_double/double_v1_rom_shim.S.obj
                0x10004f94                ddiv_shim
 .text.double2uint_shim
                0x10005144        0xe CMakeFiles/mbot_calibrate_classic_v1.1.0_enc48.dir/lib/pico-sdk/src/rp2_common/pico_double/double_v1_rom_shim.S.obj
                0x10005144                double2uint_shim
                0x10005146                double2ufix_shim
 *fill*         0x10005152        0x2 
 .text.double2uint64_shim
                0x10005154       0x70 CMakeFiles/mbot_calibrate_classic_v1.1.0_enc48.dir/lib/pico-sdk/src/rp2_common/pico_double/double_v1_rom_shim.S.obj
                0x10005154                double2uint64_shim
                0x10005156                double2ufix64_shim
                0x10005176                d2fix_a
 .text.double2float_shim
                0x100051c4       0x5c CMakeFiles/mbot_calibrate_classic_v1.1.0_enc48.dir/lib/pico-sdk/src/rp2_common/pico_double/double_v1_rom_shim.S.obj
                0x100051c4                double2float_shim
 .text.dunpacks
                0x10005220       0x3c CMakeFiles/mbot_calibrate_classic_v1.1.0_enc48.dir/lib/pico-sdk/src/rp2_common/pico_double/double_v1_rom_shim.S.obj
                0x10005220                dunpacks
 .text.__aeabi_lmul
                0x1000525c       0x32 CMakeFiles/mbot_calibrate_classic_v1.1.0_enc48.dir/lib/pico-sdk/src/rp2_common/pico_int64_ops/pico_int64_ops_aeabi.S.obj
                0x1000525c                __wrap___aeabi_lmul
 *fill*         0x1000528e        0x2 
 .text.__wrap___aeabi_farithmetic
                0x10005290       0x48 CMakeFiles/mbot_calibrate_classic_v1.1.0_enc48.dir/lib/pico-sdk/src/rp2_common/pico_float/float_aeabi.S.obj
                0x10005290                __wrap___aeabi_frsub
                0x10005296                __wrap___aeabi_fsub
                0x1000529c                __wrap___aeabi_fadd
                0x100052a2                __wrap___aeabi_fdiv
                0x100052ca                __wrap___aeabi_fmul
 .text.__wrap___aeabi_cfcmple
                0x100052d8       0x50 CMakeFiles/mbot_calibrate_classic_v1.1.0_enc48.dir/lib/pico-sdk/src/rp2_common/pico_float/float_aeabi.S.obj
                0x100052d8                __wrap___aeabi_cfrcmple
                0x100052e4                __wrap___aeabi_cfcmpeq
                0x100052e4                __wrap___aeabi_cfcmple
 .text.__wrap___aeabi_fcmpeq
                0x10005328       0x10 CMakeFiles/mbot_calibrate_classic_v1.1.0_enc48.dir/lib/pico-sdk/src/rp2_common/pico_float/float_aeabi.S.obj
                0x10005328                __wrap___aeabi_fcmpeq
 .text.__wrap___aeabi_fcmplt
                0x10005338        0xc CMakeFiles/mbot_calibrate_classic_v1.1.0_enc48.dir/lib/pico-sdk/src/rp2_common/pico_float/float_aeabi.S.obj
                0x10005338                __wrap___aeabi_fcmplt
 .text.__wrap___aeabi_fcmpge
                0x10005344       0x10 CMakeFiles/mbot_calibrate_classic_v1.1.0_enc48.dir/lib/pico-sdk/src/rp2_common/pico_float/float_aeabi.S.obj
                0x10005344                __wrap___aeabi_fcmpge
 .text.__wrap___aeabi_fcmpgt
                0x10005354        0xa CMakeFiles/mbot_calibrate_classic_v1.1.0_enc48.dir/lib/pico-sdk/src/rp2_common/pico_float/float_aeabi.S.obj
                0x10005354                __wrap___aeabi_fcmpgt
 *fill*         0x1000535e        0x2 
 .text.__wrap___aeabi_i2f
                0x10005360       0x44 CMakeFiles/mbot_calibrate_classic_v1.1.0_enc48.dir/lib/pico-sdk/src/rp2_common/pico_float/float_aeabi.S.obj
                0x10005360                __wrap___aeabi_i2f
 .text.__wrap___aeabi_f2uiz
                0x100053a4        0xc CMakeFiles/mbot_calibrate_classic_v1.1.0_enc48.dir/lib/pico-sdk/src/rp2_common/pico_float/float_aeabi.S.obj
                0x100053a4                __wrap___aeabi_f2uiz
 .text.__wrap___aeabi_f2d
                0x100053b0       0x14 CMakeFiles/mbot_calibrate_classic_v1.1.0_enc48.dir/lib/pico-sdk/src/rp2_common/pico_float/float_aeabi.S.obj
                0x100053b0                __wrap___aeabi_f2d
 .text.__aeabi_float_init
                0x100053c4       0x64 CMakeFiles/mbot_calibrate_classic_v1.1.0_enc48.dir/lib/pico-sdk/src/rp2_common/pico_float/float_init_rom.c.obj
                0x100053c4                __aeabi_float_init
 .text.float_table_shim_on_use_helper
                0x10005428       0x2c CMakeFiles/mbot_calibrate_classic_v1.1.0_enc48.dir/lib/pico-sdk/src/rp2_common/pico_float/float_v1_rom_shim.S.obj
                0x10005428                float_table_shim_on_use_helper
 .text.float2double_shim
                0x10005454       0x30 CMakeFiles/mbot_calibrate_classic_v1.1.0_enc48.dir/lib/pico-sdk/src/rp2_common/pico_float/float_v1_rom_shim.S.obj
                0x10005454                float2double_shim
 .text          0x10005484       0x10 CMakeFiles/mbot_calibrate_classic_v1.1.0_enc48.dir/lib/pico-sdk/src/rp2_common/pico_mem_ops/mem_ops_aeabi.S.obj
                0x10005484                __aeabi_mem_init
 .text.memset   0x10005494        0xc CMakeFiles/mbot_calibrate_classic_v1.1.0_enc48.dir/lib/pico-sdk/src/rp2_common/pico_mem_ops/mem_ops_aeabi.S.obj
                0x10005494                __wrap_memset
 .text.memcpy   0x100054a0        0xc CMakeFiles/mbot_calibrate_classic_v1.1.0_enc48.dir/lib/pico-sdk/src/rp2_common/pico_mem_ops/mem_ops_aeabi.S.obj
                0x100054a0                __wrap___aeabi_memcpy
                0x100054a0                __wrap_memcpy
 .text.stdio_out_chars_crlf
                0x100054ac       0xbc CMakeFiles/mbot_calibrate_classic_v1.1.0_enc48.dir/lib/pico-sdk/src/rp2_common/pico_stdio/stdio.c.obj
 .text.stdio_buffered_printer
                0x10005568       0x64 CMakeFiles/mbot_calibrate_classic_v1.1.0_enc48.dir/lib/pico-sdk/src/rp2_common/pico_stdio/stdio.c.obj
 .text.__wrap_putchar
                0x100055cc       0xa4 CMakeFiles/mbot_calibrate_classic_v1.1.0_enc48.dir/lib/pico-sdk/src/rp2_common/pico_stdio/stdio.c.obj
                0x100055cc                __wrap_putchar
 .text.__wrap_puts
                0x10005670       0xe8 CMakeFiles/mbot_calibrate_classic_v1.1.0_enc48.dir/lib/pico-sdk/src/rp2_common/pico_stdio/stdio.c.obj
                0x10005670                __wrap_puts
 .text._read    0x10005758       0x94 CMakeFiles/mbot_calibrate_classic_v1.1.0_enc48.dir/lib/pico-sdk/src/rp2_common/pico_stdio/stdio.c.obj
                0x10005758                _read
 .text._write   0x100057ec       0xec CMakeFiles/mbot_calibrate_classic_v1.1.0_enc48.dir/lib/pico-sdk/src/rp2_common/pico_stdio/stdio.c.obj
                0x100057ec                _write
 .text.stdio_set_driver_enabled
                0x100058d8       0x30 CMakeFiles/mbot_calibrate_classic_v1.1.0_enc48.dir/lib/pico-sdk/src/rp2_common/pico_stdio/stdio.c.obj
                0x100058d8                stdio_set_driver_enabled
 .text.__wrap_vprintf
                0x10005908       0xd4 CMakeFiles/mbot_calibrate_classic_v1.1.0_enc48.dir/lib/pico-sdk/src/rp2_common/pico_stdio/stdio.c.obj
                0x10005908                __wrap_vprintf
 .text.__wrap_printf
                0x100059dc       0x18 CMakeFiles/mbot_calibrate_classic_v1.1.0_enc48.dir/lib/pico-sdk/src/rp2_common/pico_stdio/stdio.c.obj
                0x100059dc                __wrap_printf
 .text.stdio_init_all
                0x100059f4        0x8 CMakeFiles/mbot_calibrate_classic_v1.1.0_enc48.dir/lib/pico-sdk/src/rp2_common/pico_stdio/stdio.c.obj
                0x100059f4                stdio_init_all
 .text.resetd_init
                0x100059fc        0x4 CMakeFiles/mbot_calibrate_classic_v1.1.0_enc48.dir/lib/pico-sdk/src/rp2_common/pico_stdio_usb/reset_interface.c.obj
 .text.resetd_reset
                0x10005a00        0xc CMakeFiles/mbot_calibrate_classic_v1.1.0_enc48.dir/lib/pico-sdk/src/rp2_common/pico_stdio_usb/reset_interface.c.obj
 .text.resetd_open
                0x10005a0c       0x28 CMakeFiles/mbot_calibrate_classic_v1.1.0_enc48.dir/lib/pico-sdk/src/rp2_common/pico_stdio_usb/reset_interface.c.obj
 .text.resetd_xfer_cb
                0x10005a34        0x4 CMakeFiles/mbot_calibrate_classic_v1.1.0_enc48.dir/lib/pico-sdk/src/rp2_common/pico_stdio_usb/reset_interface.c.obj
 .text.resetd_control_xfer_cb
                0x10005a38       0x60 CMakeFiles/mbot_calibrate_classic_v1.1.0_enc48.dir/lib/pico-sdk/src/rp2_common/pico_stdio_usb/reset_interface.c.obj
 .text.usbd_app_driver_get_cb
                0x10005a98        0xc CMakeFiles/mbot_calibrate_classic_v1.1.0_enc48.dir/lib/pico-sdk/src/rp2_common/pico_stdio_usb/reset_interface.c.obj
                0x10005a98                usbd_app_driver_get_cb
 .text.tud_cdc_line_coding_cb
                0x10005aa4       0x34 CMakeFiles/mbot_calibrate_classic_v1.1.0_enc48.dir/lib/pico-sdk/src/rp2_common/pico_stdio_usb/reset_interface.c.obj
                0x10005aa4                tud_cdc_line_coding_cb
 .text.stdio_usb_in_chars
                0x10005ad8       0x68 CMakeFiles/mbot_calibrate_classic_v1.1.0_enc48.dir/lib/pico-sdk/src/rp2_common/pico_stdio_usb/stdio_usb.c.obj
                0x10005ad8                stdio_usb_in_chars
 .text.stdio_usb_out_chars
                0x10005b40       0xe8 CMakeFiles/mbot_calibrate_classic_v1.1.0_enc48.dir/lib/pico-sdk/src/rp2_common/pico_stdio_usb/stdio_usb.c.obj
 .text.timer_task
                0x10005c28       0x18 CMakeFiles/mbot_calibrate_classic_v1.1.0_enc48.dir/lib/pico-sdk/src/rp2_common/pico_stdio_usb/stdio_usb.c.obj
 .text.usb_irq  0x10005c40       0x10 CMakeFiles/mbot_calibrate_classic_v1.1.0_enc48.dir/lib/pico-sdk/src/rp2_common/pico_stdio_usb/stdio_usb.c.obj
 .text.low_priority_worker_irq
                0x10005c50       0x24 CMakeFiles/mbot_calibrate_classic_v1.1.0_enc48.dir/lib/pico-sdk/src/rp2_common/pico_stdio_usb/stdio_usb.c.obj
 .text.stdio_usb_init
                0x10005c74       0xb0 CMakeFiles/mbot_calibrate_classic_v1.1.0_enc48.dir/lib/pico-sdk/src/rp2_common/pico_stdio_usb/stdio_usb.c.obj
                0x10005c74                stdio_usb_init
 .text.tud_descriptor_device_cb
                0x10005d24        0x8 CMakeFiles/mbot_calibrate_classic_v1.1.0_enc48.dir/lib/pico-sdk/src/rp2_common/pico_stdio_usb/stdio_usb_descriptors.c.obj
                0x10005d24                tud_descriptor_device_cb
 .text.tud_descriptor_configuration_cb
                0x10005d2c        0x8 CMakeFiles/mbot_calibrate_classic_v1.1.0_enc48.dir/lib/pico-sdk/src/rp2_common/pico_stdio_usb/stdio_usb_descriptors.c.obj
                0x10005d2c                tud_descriptor_configuration_cb
 .text.tud_descriptor_string_cb
                0x10005d34       0x78 CMakeFiles/mbot_calibrate_classic_v1.1.0_enc48.dir/lib/pico-sdk/src/rp2_common/pico_stdio_usb/stdio_usb_descriptors.c.obj
                0x10005d34                tud_descriptor_string_cb
 .text.dcd_rp2040_irq
                0x10005dac      0x1d0 CMakeFiles/mbot_calibrate_classic_v1.1.0_enc48.dir/lib/pico-sdk/lib/tinyusb/src/portable/raspberrypi/rp2040/dcd_rp2040.c.obj
 .text.dcd_int_enable
                0x10005f7c        0xc CMakeFiles/mbot_calibrate_classic_v1.1.0_enc48.dir/lib/pico-sdk/lib/tinyusb/src/portable/raspberrypi/rp2040/dcd_rp2040.c.obj
                0x10005f7c                dcd_int_enable
 .text.dcd_set_address
                0x10005f88       0x14 CMakeFiles/mbot_calibrate_classic_v1.1.0_enc48.dir/lib/pico-sdk/lib/tinyusb/src/portable/raspberrypi/rp2040/dcd_rp2040.c.obj
                0x10005f88                dcd_set_address
 .text.dcd_connect
                0x10005f9c       0x10 CMakeFiles/mbot_calibrate_classic_v1.1.0_enc48.dir/lib/pico-sdk/lib/tinyusb/src/portable/raspberrypi/rp2040/dcd_rp2040.c.obj
                0x10005f9c                dcd_connect
 .text.dcd_init
                0x10005fac       0xf0 CMakeFiles/mbot_calibrate_classic_v1.1.0_enc48.dir/lib/pico-sdk/lib/tinyusb/src/portable/raspberrypi/rp2040/dcd_rp2040.c.obj
                0x10005fac                dcd_init
 .text.dcd_edpt0_status_complete
                0x1000609c       0x1c CMakeFiles/mbot_calibrate_classic_v1.1.0_enc48.dir/lib/pico-sdk/lib/tinyusb/src/portable/raspberrypi/rp2040/dcd_rp2040.c.obj
                0x1000609c                dcd_edpt0_status_complete
 .text.dcd_edpt_open
                0x100060b8       0xf0 CMakeFiles/mbot_calibrate_classic_v1.1.0_enc48.dir/lib/pico-sdk/lib/tinyusb/src/portable/raspberrypi/rp2040/dcd_rp2040.c.obj
                0x100060b8                dcd_edpt_open
 .text.dcd_edpt_close_all
                0x100061a8       0x68 CMakeFiles/mbot_calibrate_classic_v1.1.0_enc48.dir/lib/pico-sdk/lib/tinyusb/src/portable/raspberrypi/rp2040/dcd_rp2040.c.obj
                0x100061a8                dcd_edpt_close_all
 .text.dcd_edpt_xfer
                0x10006210       0x24 CMakeFiles/mbot_calibrate_classic_v1.1.0_enc48.dir/lib/pico-sdk/lib/tinyusb/src/portable/raspberrypi/rp2040/dcd_rp2040.c.obj
                0x10006210                dcd_edpt_xfer
 .text.dcd_edpt_stall
                0x10006234       0x38 CMakeFiles/mbot_calibrate_classic_v1.1.0_enc48.dir/lib/pico-sdk/lib/tinyusb/src/portable/raspberrypi/rp2040/dcd_rp2040.c.obj
                0x10006234                dcd_edpt_stall
 .text.dcd_edpt_clear_stall
                0x1000626c       0x30 CMakeFiles/mbot_calibrate_classic_v1.1.0_enc48.dir/lib/pico-sdk/lib/tinyusb/src/portable/raspberrypi/rp2040/dcd_rp2040.c.obj
                0x1000626c                dcd_edpt_clear_stall
 .text._hw_endpoint_buffer_control_update32.part.0.isra.0
                0x1000629c       0x1c CMakeFiles/mbot_calibrate_classic_v1.1.0_enc48.dir/lib/pico-sdk/lib/tinyusb/src/portable/raspberrypi/rp2040/rp2040_usb.c.obj
 .text.rp2040_usb_init
                0x100062b8       0x4c CMakeFiles/mbot_calibrate_classic_v1.1.0_enc48.dir/lib/pico-sdk/lib/tinyusb/src/portable/raspberrypi/rp2040/rp2040_usb.c.obj
                0x100062b8                rp2040_usb_init
 .text.hw_endpoint_reset_transfer
                0x10006304        0xc CMakeFiles/mbot_calibrate_classic_v1.1.0_enc48.dir/lib/pico-sdk/lib/tinyusb/src/portable/raspberrypi/rp2040/rp2040_usb.c.obj
                0x10006304                hw_endpoint_reset_transfer
 .text._hw_endpoint_buffer_control_update32
                0x10006310       0x44 CMakeFiles/mbot_calibrate_classic_v1.1.0_enc48.dir/lib/pico-sdk/lib/tinyusb/src/portable/raspberrypi/rp2040/rp2040_usb.c.obj
                0x10006310                _hw_endpoint_buffer_control_update32
 .text.hw_endpoint_xfer_start
                0x10006354      0x138 CMakeFiles/mbot_calibrate_classic_v1.1.0_enc48.dir/lib/pico-sdk/lib/tinyusb/src/portable/raspberrypi/rp2040/rp2040_usb.c.obj
                0x10006354                hw_endpoint_xfer_start
 .text.hw_endpoint_xfer_continue
                0x1000648c      0x1dc CMakeFiles/mbot_calibrate_classic_v1.1.0_enc48.dir/lib/pico-sdk/lib/tinyusb/src/portable/raspberrypi/rp2040/rp2040_usb.c.obj
                0x1000648c                hw_endpoint_xfer_continue
 .text.tud_mounted
                0x10006668       0x10 CMakeFiles/mbot_calibrate_classic_v1.1.0_enc48.dir/lib/pico-sdk/lib/tinyusb/src/device/usbd.c.obj
                0x10006668                tud_mounted
 .text.tud_suspended
                0x10006678       0x10 CMakeFiles/mbot_calibrate_classic_v1.1.0_enc48.dir/lib/pico-sdk/lib/tinyusb/src/device/usbd.c.obj
                0x10006678                tud_suspended
 .text.tud_inited
                0x10006688        0xc CMakeFiles/mbot_calibrate_classic_v1.1.0_enc48.dir/lib/pico-sdk/lib/tinyusb/src/device/usbd.c.obj
                0x10006688                tud_inited
 .text.tud_init
                0x10006694       0xe0 CMakeFiles/mbot_calibrate_classic_v1.1.0_enc48.dir/lib/pico-sdk/lib/tinyusb/src/device/usbd.c.obj
                0x10006694                tud_init
 .text.tud_task
                0x10006774      0x8f0 CMakeFiles/mbot_calibrate_classic_v1.1.0_enc48.dir/lib/pico-sdk/lib/tinyusb/src/device/usbd.c.obj
                0x10006774                tud_task
 .text.dcd_event_bus_signal
                0x10007064      0x124 CMakeFiles/mbot_calibrate_classic_v1.1.0_enc48.dir/lib/pico-sdk/lib/tinyusb/src/device/usbd.c.obj
                0x10007064                dcd_event_bus_signal
 .text.dcd_event_bus_reset
                0x10007188       0x58 CMakeFiles/mbot_calibrate_classic_v1.1.0_enc48.dir/lib/pico-sdk/lib/tinyusb/src/device/usbd.c.obj
                0x10007188                dcd_event_bus_reset
 .text.dcd_event_setup_received
                0x100071e0       0x50 CMakeFiles/mbot_calibrate_classic_v1.1.0_enc48.dir/lib/pico-sdk/lib/tinyusb/src/device/usbd.c.obj
                0x100071e0                dcd_event_setup_received
 .text.dcd_event_xfer_complete
                0x10007230       0x68 CMakeFiles/mbot_calibrate_classic_v1.1.0_enc48.dir/lib/pico-sdk/lib/tinyusb/src/device/usbd.c.obj
                0x10007230                dcd_event_xfer_complete
 .text.usbd_open_edpt_pair
                0x10007298       0x94 CMakeFiles/mbot_calibrate_classic_v1.1.0_enc48.dir/lib/pico-sdk/lib/tinyusb/src/device/usbd.c.obj
                0x10007298                usbd_open_edpt_pair
 .text.usbd_edpt_open
                0x1000732c       0x30 CMakeFiles/mbot_calibrate_classic_v1.1.0_enc48.dir/lib/pico-sdk/lib/tinyusb/src/device/usbd.c.obj
                0x1000732c                usbd_edpt_open
 .text.usbd_edpt_claim
                0x1000735c       0x64 CMakeFiles/mbot_calibrate_classic_v1.1.0_enc48.dir/lib/pico-sdk/lib/tinyusb/src/device/usbd.c.obj
                0x1000735c                usbd_edpt_claim
 .text.usbd_edpt_release
                0x100073c0       0x4c CMakeFiles/mbot_calibrate_classic_v1.1.0_enc48.dir/lib/pico-sdk/lib/tinyusb/src/device/usbd.c.obj
                0x100073c0                usbd_edpt_release
 .text.usbd_edpt_xfer
                0x1000740c       0x44 CMakeFiles/mbot_calibrate_classic_v1.1.0_enc48.dir/lib/pico-sdk/lib/tinyusb/src/device/usbd.c.obj
                0x1000740c                usbd_edpt_xfer
 .text.tud_control_status
                0x10007450       0x2c CMakeFiles/mbot_calibrate_classic_v1.1.0_enc48.dir/lib/pico-sdk/lib/tinyusb/src/device/usbd_control.c.obj
                0x10007450                tud_control_status
 .text.tud_control_xfer
                0x1000747c       0xac CMakeFiles/mbot_calibrate_classic_v1.1.0_enc48.dir/lib/pico-sdk/lib/tinyusb/src/device/usbd_control.c.obj
                0x1000747c                tud_control_xfer
 .text.usbd_control_reset
                0x10007528       0x14 CMakeFiles/mbot_calibrate_classic_v1.1.0_enc48.dir/lib/pico-sdk/lib/tinyusb/src/device/usbd_control.c.obj
                0x10007528                usbd_control_reset
 .text.usbd_control_set_complete_callback
                0x1000753c        0xc CMakeFiles/mbot_calibrate_classic_v1.1.0_enc48.dir/lib/pico-sdk/lib/tinyusb/src/device/usbd_control.c.obj
                0x1000753c                usbd_control_set_complete_callback
 .text.usbd_control_set_request
                0x10007548       0x1c CMakeFiles/mbot_calibrate_classic_v1.1.0_enc48.dir/lib/pico-sdk/lib/tinyusb/src/device/usbd_control.c.obj
                0x10007548                usbd_control_set_request
 .text.usbd_control_xfer_cb
                0x10007564       0xf4 CMakeFiles/mbot_calibrate_classic_v1.1.0_enc48.dir/lib/pico-sdk/lib/tinyusb/src/device/usbd_control.c.obj
                0x10007564                usbd_control_xfer_cb
 .text.tud_cdc_n_connected
                0x10007658       0x30 CMakeFiles/mbot_calibrate_classic_v1.1.0_enc48.dir/lib/pico-sdk/lib/tinyusb/src/class/cdc/cdc_device.c.obj
                0x10007658                tud_cdc_n_connected
 .text.tud_cdc_n_available
                0x10007688       0x18 CMakeFiles/mbot_calibrate_classic_v1.1.0_enc48.dir/lib/pico-sdk/lib/tinyusb/src/class/cdc/cdc_device.c.obj
                0x10007688                tud_cdc_n_available
 .text.tud_cdc_n_read
                0x100076a0       0x7c CMakeFiles/mbot_calibrate_classic_v1.1.0_enc48.dir/lib/pico-sdk/lib/tinyusb/src/class/cdc/cdc_device.c.obj
                0x100076a0                tud_cdc_n_read
 .text.tud_cdc_n_write_flush
                0x1000771c       0x7c CMakeFiles/mbot_calibrate_classic_v1.1.0_enc48.dir/lib/pico-sdk/lib/tinyusb/src/class/cdc/cdc_device.c.obj
                0x1000771c                tud_cdc_n_write_flush
 .text.tud_cdc_n_write
                0x10007798       0x34 CMakeFiles/mbot_calibrate_classic_v1.1.0_enc48.dir/lib/pico-sdk/lib/tinyusb/src/class/cdc/cdc_device.c.obj
                0x10007798                tud_cdc_n_write
 .text.tud_cdc_n_write_available
                0x100077cc       0x18 CMakeFiles/mbot_calibrate_classic_v1.1.0_enc48.dir/lib/pico-sdk/lib/tinyusb/src/class/cdc/cdc_device.c.obj
                0x100077cc                tud_cdc_n_write_available
 .text.cdcd_init
                0x100077e4      0x12c CMakeFiles/mbot_calibrate_classic_v1.1.0_enc48.dir/lib/pico-sdk/lib/tinyusb/src/class/cdc/cdc_device.c.obj
                0x100077e4                cdcd_init
 .text.cdcd_reset
                0x10007910       0x64 CMakeFiles/mbot_calibrate_classic_v1.1.0_enc48.dir/lib/pico-sdk/lib/tinyusb/src/class/cdc/cdc_device.c.obj
                0x10007910                cdcd_reset
 .text.cdcd_open
                0x10007974      0x144 CMakeFiles/mbot_calibrate_classic_v1.1.0_enc48.dir/lib/pico-sdk/lib/tinyusb/src/class/cdc/cdc_device.c.obj
                0x10007974                cdcd_open
 .text.cdcd_control_xfer_cb
                0x10007ab8       0xfc CMakeFiles/mbot_calibrate_classic_v1.1.0_enc48.dir/lib/pico-sdk/lib/tinyusb/src/class/cdc/cdc_device.c.obj
                0x10007ab8                cdcd_control_xfer_cb
 .text.cdcd_xfer_cb
                0x10007bb4      0x184 CMakeFiles/mbot_calibrate_classic_v1.1.0_enc48.dir/lib/pico-sdk/lib/tinyusb/src/class/cdc/cdc_device.c.obj
                0x10007bb4                cdcd_xfer_cb
 .text.tusb_init
                0x10007d38        0xc CMakeFiles/mbot_calibrate_classic_v1.1.0_enc48.dir/lib/pico-sdk/lib/tinyusb/src/tusb.c.obj
                0x10007d38                tusb_init
 .text.tusb_inited
                0x10007d44        0x8 CMakeFiles/mbot_calibrate_classic_v1.1.0_enc48.dir/lib/pico-sdk/lib/tinyusb/src/tusb.c.obj
                0x10007d44                tusb_inited
 .text.tu_edpt_validate
                0x10007d4c       0x80 CMakeFiles/mbot_calibrate_classic_v1.1.0_enc48.dir/lib/pico-sdk/lib/tinyusb/src/tusb.c.obj
                0x10007d4c                tu_edpt_validate
 .text.tu_edpt_bind_driver
                0x10007dcc       0x2c CMakeFiles/mbot_calibrate_classic_v1.1.0_enc48.dir/lib/pico-sdk/lib/tinyusb/src/tusb.c.obj
                0x10007dcc                tu_edpt_bind_driver
 .text.tu_fifo_config
                0x10007df8       0x74 CMakeFiles/mbot_calibrate_classic_v1.1.0_enc48.dir/lib/pico-sdk/lib/tinyusb/src/common/tusb_fifo.c.obj
                0x10007df8                tu_fifo_config
 .text.tu_fifo_count
                0x10007e6c       0x20 CMakeFiles/mbot_calibrate_classic_v1.1.0_enc48.dir/lib/pico-sdk/lib/tinyusb/src/common/tusb_fifo.c.obj
                0x10007e6c                tu_fifo_count
 .text.tu_fifo_empty
                0x10007e8c       0x10 CMakeFiles/mbot_calibrate_classic_v1.1.0_enc48.dir/lib/pico-sdk/lib/tinyusb/src/common/tusb_fifo.c.obj
                0x10007e8c                tu_fifo_empty
 .text.tu_fifo_remaining
                0x10007e9c       0x1c CMakeFiles/mbot_calibrate_classic_v1.1.0_enc48.dir/lib/pico-sdk/lib/tinyusb/src/common/tusb_fifo.c.obj
                0x10007e9c                tu_fifo_remaining
 .text.tu_fifo_read
                0x10007eb8       0xa4 CMakeFiles/mbot_calibrate_classic_v1.1.0_enc48.dir/lib/pico-sdk/lib/tinyusb/src/common/tusb_fifo.c.obj
                0x10007eb8                tu_fifo_read
 .text.tu_fifo_read_n
                0x10007f5c      0x100 CMakeFiles/mbot_calibrate_classic_v1.1.0_enc48.dir/lib/pico-sdk/lib/tinyusb/src/common/tusb_fifo.c.obj
                0x10007f5c                tu_fifo_read_n
 .text.tu_fifo_write
                0x1000805c       0x78 CMakeFiles/mbot_calibrate_classic_v1.1.0_enc48.dir/lib/pico-sdk/lib/tinyusb/src/common/tusb_fifo.c.obj
                0x1000805c                tu_fifo_write
 .text.tu_fifo_write_n
                0x100080d4      0x100 CMakeFiles/mbot_calibrate_classic_v1.1.0_enc48.dir/lib/pico-sdk/lib/tinyusb/src/common/tusb_fifo.c.obj
                0x100080d4                tu_fifo_write_n
 .text.tu_fifo_clear
                0x100081d4       0x4c CMakeFiles/mbot_calibrate_classic_v1.1.0_enc48.dir/lib/pico-sdk/lib/tinyusb/src/common/tusb_fifo.c.obj
                0x100081d4                tu_fifo_clear
 .text.tu_fifo_set_overwritable
                0x10008220       0x3c CMakeFiles/mbot_calibrate_classic_v1.1.0_enc48.dir/lib/pico-sdk/lib/tinyusb/src/common/tusb_fifo.c.obj
                0x10008220                tu_fifo_set_overwritable
 .text.startup._retrieve_unique_id_on_boot
                0x1000825c       0x10 CMakeFiles/mbot_calibrate_classic_v1.1.0_enc48.dir/lib/pico-sdk/src/rp2_common/pico_unique_id/unique_id.c.obj
 .text.pico_get_unique_board_id_string
                0x1000826c      0x1a8 CMakeFiles/mbot_calibrate_classic_v1.1.0_enc48.dir/lib/pico-sdk/src/rp2_common/pico_unique_id/unique_id.c.obj
                0x1000826c                pico_get_unique_board_id_string
 .text.flash_get_unique_id
                0x10008414       0x40 CMakeFiles/mbot_calibrate_classic_v1.1.0_enc48.dir/lib/pico-sdk/src/rp2_common/hardware_flash/flash.c.obj
                0x10008414                flash_get_unique_id
 .text.i2c_set_baudrate
                0x10008454       0xc4 CMakeFiles/mbot_calibrate_classic_v1.1.0_enc48.dir/lib/pico-sdk/src/rp2_common/hardware_i2c/i2c.c.obj
                0x10008454                i2c_set_baudrate
 .text.i2c_init
                0x10008518       0x54 CMakeFiles/mbot_calibrate_classic_v1.1.0_enc48.dir/lib/pico-sdk/src/rp2_common/hardware_i2c/i2c.c.obj
                0x10008518                i2c_init
 .text.i2c_write_blocking
                0x1000856c       0xd0 CMakeFiles/mbot_calibrate_classic_v1.1.0_enc48.dir/lib/pico-sdk/src/rp2_common/hardware_i2c/i2c.c.obj
                0x1000856c                i2c_write_blocking
 .text.i2c_read_blocking
                0x1000863c       0x90 CMakeFiles/mbot_calibrate_classic_v1.1.0_enc48.dir/lib/pico-sdk/src/rp2_common/hardware_i2c/i2c.c.obj
                0x1000863c                i2c_read_blocking
 .text.pio_claim_unused_sm
                0x100086cc       0x3c CMakeFiles/mbot_calibrate_classic_v1.1.0_enc48.dir/lib/pico-sdk/src/rp2_common/hardware_pio/pio.c.obj
                0x100086cc                pio_claim_unused_sm
 .text.pio_sm_is_claimed
                0x10008708       0x20 CMakeFiles/mbot_calibrate_classic_v1.1.0_enc48.dir/lib/pico-sdk/src/rp2_common/hardware_pio/pio.c.obj
                0x10008708                pio_sm_is_claimed
 .text.pio_add_program
                0x10008728       0xf0 CMakeFiles/mbot_calibrate_classic_v1.1.0_enc48.dir/lib/pico-sdk/src/rp2_common/hardware_pio/pio.c.obj
                0x10008728                pio_add_program
 .text.pio_sm_set_consecutive_pindirs
                0x10008818       0x84 CMakeFiles/mbot_calibrate_classic_v1.1.0_enc48.dir/lib/pico-sdk/src/rp2_common/hardware_pio/pio.c.obj
                0x10008818                pio_sm_set_consecutive_pindirs
 .text.pio_sm_init
                0x1000889c       0x9c CMakeFiles/mbot_calibrate_classic_v1.1.0_enc48.dir/lib/pico-sdk/src/rp2_common/hardware_pio/pio.c.obj
                0x1000889c                pio_sm_init
 .text.mbot_motor_init
                0x10008938       0xb8 mbot/libmbotlib.a(motor.c.obj)
                0x10008938                mbot_motor_init
 .text.mbot_motor_set_duty
                0x100089f0      0x15c mbot/libmbotlib.a(motor.c.obj)
                0x100089f0                mbot_motor_set_duty
 .text.mbot_encoder_init
                0x10008b4c      0x33c mbot/libmbotlib.a(encoder.c.obj)
                0x10008b4c                mbot_encoder_init
 .text.mbot_encoder_read_delta
                0x10008e88       0xb0 mbot/libmbotlib.a(encoder.c.obj)
                0x10008e88                mbot_encoder_read_delta
 .text.mbot_encoder_read_count
                0x10008f38       0x60 mbot/libmbotlib.a(encoder.c.obj)
                0x10008f38                mbot_encoder_read_count
 .text.mbot_init_fram
                0x10008f98       0x84 mbot/libmbotlib.a(fram.c.obj)
                0x10008f98                mbot_init_fram
 .text.mbot_read_fram
                0x1000901c       0x60 mbot/libmbotlib.a(fram.c.obj)
                0x1000901c                mbot_read_fram
 .text.mbot_write_fram
                0x1000907c       0x78 mbot/libmbotlib.a(fram.c.obj)
                0x1000907c                mbot_write_fram
 .text._sensors_callback_quaternion
                0x100090f4       0x78 mbot/libmbotlib.a(imu.c.obj)
 .text._sensors_callback_orientation
                0x1000916c       0x5c mbot/libmbotlib.a(imu.c.obj)
 .text._sensors_callback_accel
                0x100091c8       0x50 mbot/libmbotlib.a(imu.c.obj)
 .text._sensors_callback_gyro
                0x10009218       0x50 mbot/libmbotlib.a(imu.c.obj)
 .text._sensors_callback_mag
                0x10009268       0x50 mbot/libmbotlib.a(imu.c.obj)
 .text._imu_callback
                0x100092b8       0xdc mbot/libmbotlib.a(imu.c.obj)
                0x100092b8                _imu_callback
 .text.mbot_imu_default_config
                0x10009394       0x1c mbot/libmbotlib.a(imu.c.obj)
                0x10009394                mbot_imu_default_config
 .text._bhy_dump_status
                0x100093b0       0x94 mbot/libmbotlib.a(imu.c.obj)
                0x100093b0                _bhy_dump_status
 .text.mbot_imu_init
                0x10009444      0x270 mbot/libmbotlib.a(imu.c.obj)
                0x10009444                mbot_imu_init
 .text.sensor_i2c_write
                0x100096b4       0x60 mbot/libmbotlib.a(imu.c.obj)
                0x100096b4                sensor_i2c_write
 .text.sensor_i2c_read
                0x10009714       0x4c mbot/libmbotlib.a(imu.c.obj)
                0x10009714                sensor_i2c_read
 .text.mbot_init_i2c
                0x10009760       0x4c mbot/libmbotlib.a(utils.c.obj)
                0x10009760                mbot_init_i2c
 .text.bhy_write_parameter_page.constprop.0
                0x100097ac       0x94 mbot/libmbotlib.a(bhy_uc_driver.c.obj)
 .text.bhy_driver_init
                0x10009840       0x34 mbot/libmbotlib.a(bhy_uc_driver.c.obj)
                0x10009840                bhy_driver_init
 .text.bhy_enable_virtual_sensor
                0x10009874       0x98 mbot/libmbotlib.a(bhy_uc_driver.c.obj)
                0x10009874                bhy_enable_virtual_sensor
 .text.bhy_read_fifo
                0x1000990c       0xa8 mbot/libmbotlib.a(bhy_uc_driver.c.obj)
                0x1000990c                bhy_read_fifo
 .text.bhy_parse_next_fifo_packet
                0x100099b4      0x374 mbot/libmbotlib.a(bhy_uc_driver.c.obj)
                0x100099b4                bhy_parse_next_fifo_packet
 .text.bhy_write_parameter_page
                0x10009d28       0xb8 mbot/libmbotlib.a(bhy_uc_driver.c.obj)
                0x10009d28                bhy_write_parameter_page
 .text.bhy_mapping_matrix_set
                0x10009de0      0x160 mbot/libmbotlib.a(bhy_uc_driver.c.obj)
                0x10009de0                bhy_mapping_matrix_set
 .text.bhy_set_sic_matrix
                0x10009f40       0x54 mbot/libmbotlib.a(bhy_uc_driver.c.obj)
                0x10009f40                bhy_set_sic_matrix
 .text.bhy_install_sensor_callback
                0x10009f94       0x34 mbot/libmbotlib.a(bhy_uc_driver.c.obj)
                0x10009f94                bhy_install_sensor_callback
 .text.bhy_init
                0x10009fc8       0x30 mbot/libmbotlib.a(bhy.c.obj)
                0x10009fc8                bhy_init
 .text.bhy_write_reg
                0x10009ff8       0x24 mbot/libmbotlib.a(bhy.c.obj)
                0x10009ff8                bhy_write_reg
 .text.bhy_read_reg
                0x1000a01c       0x24 mbot/libmbotlib.a(bhy.c.obj)
                0x1000a01c                bhy_read_reg
 .text.bhy_set_fifo_flush
                0x1000a040       0x44 mbot/libmbotlib.a(bhy.c.obj)
                0x1000a040                bhy_set_fifo_flush
 .text.bhy_get_chip_control
                0x1000a084       0x34 mbot/libmbotlib.a(bhy.c.obj)
                0x1000a084                bhy_get_chip_control
 .text.bhy_read_bytes_remaining
                0x1000a0b8       0x34 mbot/libmbotlib.a(bhy.c.obj)
                0x1000a0b8                bhy_read_bytes_remaining
 .text.bhy_get_parameter_acknowledge
                0x1000a0ec       0x34 mbot/libmbotlib.a(bhy.c.obj)
                0x1000a0ec                bhy_get_parameter_acknowledge
 .text.bhy_set_parameter_request
                0x1000a120       0x28 mbot/libmbotlib.a(bhy.c.obj)
                0x1000a120                bhy_set_parameter_request
 .text.bhy_get_rom_version
                0x1000a148       0x34 mbot/libmbotlib.a(bhy.c.obj)
                0x1000a148                bhy_get_rom_version
 .text.bhy_get_ram_version
                0x1000a17c       0x34 mbot/libmbotlib.a(bhy.c.obj)
                0x1000a17c                bhy_get_ram_version
 .text.bhy_get_product_id
                0x1000a1b0       0x34 mbot/libmbotlib.a(bhy.c.obj)
                0x1000a1b0                bhy_get_product_id
 .text.bhy_get_revision_id
                0x1000a1e4       0x34 mbot/libmbotlib.a(bhy.c.obj)
                0x1000a1e4                bhy_get_revision_id
 .text.bhy_get_crc_host
                0x1000a218       0x30 mbot/libmbotlib.a(bhy.c.obj)
                0x1000a218                bhy_get_crc_host
 .text.bhy_set_reset_request
                0x1000a248       0x28 mbot/libmbotlib.a(bhy.c.obj)
                0x1000a248                bhy_set_reset_request
 .text.bhy_initialize_from_rom
                0x1000a270      0x3a4 mbot/libmbotlib.a(bhy.c.obj)
                0x1000a270                bhy_initialize_from_rom
 .text.bhy_write_parameter_bytes
                0x1000a614       0xfc mbot/libmbotlib.a(bhy.c.obj)
                0x1000a614                bhy_write_parameter_bytes
 .text.bhy_set_non_wakeup_sensor_configuration
                0x1000a710       0x24 mbot/libmbotlib.a(bhy.c.obj)
                0x1000a710                bhy_set_non_wakeup_sensor_configuration
 .text.bhy_set_wakeup_sensor_configuration
                0x1000a734       0x24 mbot/libmbotlib.a(bhy.c.obj)
                0x1000a734                bhy_set_wakeup_sensor_configuration
 .text.bhy_delay_msec
                0x1000a758        0x8 mbot/libmbotlib.a(bhy_support.c.obj)
                0x1000a758                bhy_delay_msec
 .text.bhy_initialize_support
                0x1000a760       0x58 mbot/libmbotlib.a(bhy_support.c.obj)
                0x1000a760                bhy_initialize_support
 .text          0x1000a7b8      0x1c8 /usr/lib/gcc/arm-none-eabi/12.2.1/../../../arm-none-eabi/lib/thumb/v6-m/nofp/libc.a(lib_a-fflush.o)
                0x1000a7b8                __sflush_r
                0x1000a900                _fflush_r
                0x1000a92c                fflush
 .text          0x1000a980      0x23c /usr/lib/gcc/arm-none-eabi/12.2.1/../../../arm-none-eabi/lib/thumb/v6-m/nofp/libc.a(lib_a-findfp.o)
                0x1000a984                _cleanup_r
                0x1000aa80                __sfmoreglue
                0x1000aab0                __sfp
                0x1000ab54                _cleanup
                0x1000ab6c                __sinit
                0x1000ab7c                __sfp_lock_acquire
                0x1000ab80                __sfp_lock_release
                0x1000ab84                __sinit_lock_acquire
                0x1000ab88                __sinit_lock_release
                0x1000ab8c                __fp_lock_all
                0x1000aba4                __fp_unlock_all
 .text          0x1000abbc      0x268 /usr/lib/gcc/arm-none-eabi/12.2.1/../../../arm-none-eabi/lib/thumb/v6-m/nofp/libc.a(lib_a-freer.o)
                0x1000abbc                _malloc_trim_r
                0x1000ac64                _free_r
 .text          0x1000ae24       0x88 /usr/lib/gcc/arm-none-eabi/12.2.1/../../../arm-none-eabi/lib/thumb/v6-m/nofp/libc.a(lib_a-fwalk.o)
                0x1000ae24                _fwalk
                0x1000ae64                _fwalk_reent
 .text          0x1000aeac       0xfc /usr/lib/gcc/arm-none-eabi/12.2.1/../../../arm-none-eabi/lib/thumb/v6-m/nofp/libc.a(lib_a-fwrite.o)
                0x1000aeac                _fwrite_r
                0x1000af28                fwrite
 .text          0x1000afa8      0x548 /usr/lib/gcc/arm-none-eabi/12.2.1/../../../arm-none-eabi/lib/thumb/v6-m/nofp/libc.a(lib_a-mallocr.o)
                0x1000afa8                _malloc_r
 .text          0x1000b4f0        0x8 /usr/lib/gcc/arm-none-eabi/12.2.1/../../../arm-none-eabi/lib/thumb/v6-m/nofp/libc.a(lib_a-mlock.o)
                0x1000b4f0                __malloc_lock
                0x1000b4f4                __malloc_unlock
 .text          0x1000b4f8      0x3c8 /usr/lib/gcc/arm-none-eabi/12.2.1/../../../arm-none-eabi/lib/thumb/v6-m/nofp/libc.a(lib_a-reallocr.o)
                0x1000b4f8                _realloc_r
 .text          0x1000b8c0       0x24 /usr/lib/gcc/arm-none-eabi/12.2.1/../../../arm-none-eabi/lib/thumb/v6-m/nofp/libc.a(lib_a-sbrkr.o)
                0x1000b8c0                _sbrk_r
 .text          0x1000b8e4       0xa8 /usr/lib/gcc/arm-none-eabi/12.2.1/../../../arm-none-eabi/lib/thumb/v6-m/nofp/libc.a(lib_a-stdio.o)
                0x1000b8e4                __sread
                0x1000b90c                __seofread
                0x1000b910                __swrite
                0x1000b950                __sseek
                0x1000b980                __sclose
 .text          0x1000b98c       0x5c /usr/lib/gcc/arm-none-eabi/12.2.1/../../../arm-none-eabi/lib/thumb/v6-m/nofp/libc.a(lib_a-strlen-stub.o)
                0x1000b98c                strlen
 .text          0x1000b9e8       0x28 /usr/lib/gcc/arm-none-eabi/12.2.1/../../../arm-none-eabi/lib/thumb/v6-m/nofp/libc.a(lib_a-writer.o)
                0x1000b9e8                _write_r
 .text          0x1000ba10       0x24 /usr/lib/gcc/arm-none-eabi/12.2.1/../../../arm-none-eabi/lib/thumb/v6-m/nofp/libc.a(lib_a-closer.o)
                0x1000ba10                _close_r
 .text          0x1000ba34       0xac /usr/lib/gcc/arm-none-eabi/12.2.1/../../../arm-none-eabi/lib/thumb/v6-m/nofp/libc.a(lib_a-fclose.o)
                0x1000ba34                _fclose_r
                0x1000bacc                fclose
 .text          0x1000bae0      0x2ec /usr/lib/gcc/arm-none-eabi/12.2.1/../../../arm-none-eabi/lib/thumb/v6-m/nofp/libc.a(lib_a-fvwrite.o)
                0x1000bae0                __sfvwrite_r
 .text          0x1000bdcc       0x28 /usr/lib/gcc/arm-none-eabi/12.2.1/../../../arm-none-eabi/lib/thumb/v6-m/nofp/libc.a(lib_a-lseekr.o)
                0x1000bdcc                _lseek_r
 .text          0x1000bdf4       0x28 /usr/lib/gcc/arm-none-eabi/12.2.1/../../../arm-none-eabi/lib/thumb/v6-m/nofp/libc.a(lib_a-readr.o)
                0x1000bdf4                _read_r
 .text          0x1000be1c       0xd0 /usr/lib/gcc/arm-none-eabi/12.2.1/../../../arm-none-eabi/lib/thumb/v6-m/nofp/libc.a(lib_a-wsetup.o)
                0x1000be1c                __swsetup_r
 .text          0x1000beec      0x140 /usr/lib/gcc/arm-none-eabi/12.2.1/../../../arm-none-eabi/lib/thumb/v6-m/nofp/libc.a(lib_a-makebuf.o)
                0x1000beec                __smakebuf_r
                0x1000bfd4                __swhatbuf_r
 .text          0x1000c02c       0x28 /usr/lib/gcc/arm-none-eabi/12.2.1/../../../arm-none-eabi/lib/thumb/v6-m/nofp/libc.a(lib_a-fstatr.o)
                0x1000c02c                _fstat_r
 .text          0x1000c054       0x24 /usr/lib/gcc/arm-none-eabi/12.2.1/../../../arm-none-eabi/lib/thumb/v6-m/nofp/libc.a(lib_a-isattyr.o)
                0x1000c054                _isatty_r
 .text          0x1000c078       0x10 /usr/lib/gcc/arm-none-eabi/12.2.1/../../../arm-none-eabi/lib/thumb/v6-m/nofp/libnosys.a(close.o)
                0x1000c078                _close
 .text          0x1000c088       0x10 /usr/lib/gcc/arm-none-eabi/12.2.1/../../../arm-none-eabi/lib/thumb/v6-m/nofp/libnosys.a(fstat.o)
                0x1000c088                _fstat
 .text          0x1000c098       0x10 /usr/lib/gcc/arm-none-eabi/12.2.1/../../../arm-none-eabi/lib/thumb/v6-m/nofp/libnosys.a(isatty.o)
                0x1000c098                _isatty
 .text          0x1000c0a8       0x10 /usr/lib/gcc/arm-none-eabi/12.2.1/../../../arm-none-eabi/lib/thumb/v6-m/nofp/libnosys.a(lseek.o)
                0x1000c0a8                _lseek
 *(.fini)
 .fini          0x1000c0b8        0x4 /usr/lib/gcc/arm-none-eabi/12.2.1/thumb/v6-m/nofp/crti.o
                0x1000c0b8                _fini
 *fill*         0x1000c0bc        0x4 
 .fini.__stub   0x1000c0c0       0x90 linker stubs
 *crtbegin.o(.ctors)
 *crtbegin?.o(.ctors)
 *(EXCLUDE_FILE(*crtend.o *crtend?.o) .ctors)
 *(SORT_BY_NAME(.ctors.*))
 *(.ctors)
 *crtbegin.o(.dtors)
 *crtbegin?.o(.dtors)
 *(EXCLUDE_FILE(*crtend.o *crtend?.o) .dtors)
 *(SORT_BY_NAME(.dtors.*))
 *(.dtors)
 *(.eh_frame*)
 .eh_frame      0x1000c150        0x0 /usr/lib/gcc/arm-none-eabi/12.2.1/thumb/v6-m/nofp/crtbegin.o
                0x1000c150                        . = ALIGN (0x4)

.glue_7         0x1000c150        0x0
 .glue_7        0x1000c150        0x0 linker stubs

.glue_7t        0x1000c150        0x0
 .glue_7t       0x1000c150        0x0 linker stubs

.vfp11_veneer   0x1000c150        0x0
 .vfp11_veneer  0x1000c150        0x0 linker stubs

.v4_bx          0x1000c150        0x0
 .v4_bx         0x1000c150        0x0 linker stubs

.iplt           0x1000c150        0x0
 .iplt          0x1000c150        0x0 /usr/lib/gcc/arm-none-eabi/12.2.1/thumb/v6-m/nofp/crtbegin.o

.rodata         0x1000c150     0x637c
 *(EXCLUDE_FILE(*libm.a: *libc.a:*lib_a-mem*.o *libgcc.a:) .rodata*)
 .rodata.print_mbot_params_dd.str1.4
                0x1000c150       0x9b CMakeFiles/mbot_calibrate_classic_v1.1.0_enc48.dir/tests/mbot_calibrate_classic.c.obj
 *fill*         0x1000c1eb        0x1 
 .rodata.main.str1.4
                0x1000c1ec      0x2eb CMakeFiles/mbot_calibrate_classic_v1.1.0_enc48.dir/tests/mbot_calibrate_classic.c.obj
                                0x2ef (size before relaxing)
 *fill*         0x1000c4d7        0x1 
 .rodata.str1.4
                0x1000c4d8       0x3a CMakeFiles/mbot_calibrate_classic_v1.1.0_enc48.dir/tests/mbot_calibrate_classic.c.obj
 *fill*         0x1000c512        0x2 
 .rodata.__bi_83.0
                0x1000c514        0xc CMakeFiles/mbot_calibrate_classic_v1.1.0_enc48.dir/tests/mbot_calibrate_classic.c.obj
 .rodata.spin_lock_claim_unused.str1.4
                0x1000c520       0x1b CMakeFiles/mbot_calibrate_classic_v1.1.0_enc48.dir/lib/pico-sdk/src/rp2_common/hardware_sync/sync.c.obj
 *fill*         0x1000c53b        0x1 
 .rodata.user_irq_claim_unused.str1.4
                0x1000c53c       0x1b CMakeFiles/mbot_calibrate_classic_v1.1.0_enc48.dir/lib/pico-sdk/src/rp2_common/hardware_irq/irq.c.obj
 *fill*         0x1000c557        0x1 
 .rodata.at_the_end_of_time
                0x1000c558        0x8 CMakeFiles/mbot_calibrate_classic_v1.1.0_enc48.dir/lib/pico-sdk/src/common/pico_time/time.c.obj
                0x1000c558                at_the_end_of_time
 .rodata.hardware_alarm_claim.str1.4
                0x1000c560       0x22 CMakeFiles/mbot_calibrate_classic_v1.1.0_enc48.dir/lib/pico-sdk/src/rp2_common/hardware_timer/timer.c.obj
 *fill*         0x1000c582        0x2 
 .rodata.panic.str1.4
                0x1000c584       0x10 CMakeFiles/mbot_calibrate_classic_v1.1.0_enc48.dir/lib/pico-sdk/src/rp2_common/pico_runtime/runtime.c.obj
                                 0x12 (size before relaxing)
 .rodata.hard_assertion_failure.str1.4
                0x1000c594        0xc CMakeFiles/mbot_calibrate_classic_v1.1.0_enc48.dir/lib/pico-sdk/src/rp2_common/pico_runtime/runtime.c.obj
 .rodata._ftoa.str1.4
                0x1000c5a0       0x15 CMakeFiles/mbot_calibrate_classic_v1.1.0_enc48.dir/lib/pico-sdk/src/rp2_common/pico_printf/printf.c.obj
 *fill*         0x1000c5b5        0x3 
 .rodata._vsnprintf
                0x1000c5b8      0x19c CMakeFiles/mbot_calibrate_classic_v1.1.0_enc48.dir/lib/pico-sdk/src/rp2_common/pico_printf/printf.c.obj
 *fill*         0x1000c754        0x4 
 .rodata.pow10.0
                0x1000c758       0x50 CMakeFiles/mbot_calibrate_classic_v1.1.0_enc48.dir/lib/pico-sdk/src/rp2_common/pico_printf/printf.c.obj
 .rodata.str1.4
                0x1000c7a8       0x58 CMakeFiles/mbot_calibrate_classic_v1.1.0_enc48.dir/lib/pico-sdk/src/rp2_common/pico_standard_link/binary_info.c.obj
 .rodata.__bi_81
                0x1000c800        0xc CMakeFiles/mbot_calibrate_classic_v1.1.0_enc48.dir/lib/pico-sdk/src/rp2_common/pico_standard_link/binary_info.c.obj
 .rodata.__bi_75
                0x1000c80c        0xc CMakeFiles/mbot_calibrate_classic_v1.1.0_enc48.dir/lib/pico-sdk/src/rp2_common/pico_standard_link/binary_info.c.obj
 .rodata.__bi_44
                0x1000c818        0xc CMakeFiles/mbot_calibrate_classic_v1.1.0_enc48.dir/lib/pico-sdk/src/rp2_common/pico_standard_link/binary_info.c.obj
 .rodata.crlf_str.0
                0x1000c824        0x2 CMakeFiles/mbot_calibrate_classic_v1.1.0_enc48.dir/lib/pico-sdk/src/rp2_common/pico_stdio/stdio.c.obj
 *fill*         0x1000c826        0x2 
 .rodata._resetd_driver
                0x1000c828       0x18 CMakeFiles/mbot_calibrate_classic_v1.1.0_enc48.dir/lib/pico-sdk/src/rp2_common/pico_stdio_usb/reset_interface.c.obj
 .rodata.str1.4
                0x1000c840       0x13 CMakeFiles/mbot_calibrate_classic_v1.1.0_enc48.dir/lib/pico-sdk/src/rp2_common/pico_stdio_usb/stdio_usb.c.obj
 *fill*         0x1000c853        0x1 
 .rodata.__bi_167.0
                0x1000c854        0xc CMakeFiles/mbot_calibrate_classic_v1.1.0_enc48.dir/lib/pico-sdk/src/rp2_common/pico_stdio_usb/stdio_usb.c.obj
 .rodata.str1.4
                0x1000c860       0x2e CMakeFiles/mbot_calibrate_classic_v1.1.0_enc48.dir/lib/pico-sdk/src/rp2_common/pico_stdio_usb/stdio_usb_descriptors.c.obj
 *fill*         0x1000c88e        0x2 
 .rodata.usbd_desc_str
                0x1000c890       0x18 CMakeFiles/mbot_calibrate_classic_v1.1.0_enc48.dir/lib/pico-sdk/src/rp2_common/pico_stdio_usb/stdio_usb_descriptors.c.obj
 .rodata.usbd_desc_cfg
                0x1000c8a8       0x96 CMakeFiles/mbot_calibrate_classic_v1.1.0_enc48.dir/lib/pico-sdk/src/rp2_common/pico_stdio_usb/stdio_usb_descriptors.c.obj
 *fill*         0x1000c93e        0x2 
 .rodata.usbd_desc_device
                0x1000c940       0x12 CMakeFiles/mbot_calibrate_classic_v1.1.0_enc48.dir/lib/pico-sdk/src/rp2_common/pico_stdio_usb/stdio_usb_descriptors.c.obj
 *fill*         0x1000c952        0x2 
 .rodata.dcd_rp2040_irq.str1.4
                0x1000c954       0x14 CMakeFiles/mbot_calibrate_classic_v1.1.0_enc48.dir/lib/pico-sdk/lib/tinyusb/src/portable/raspberrypi/rp2040/dcd_rp2040.c.obj
 .rodata._hw_endpoint_buffer_control_update32.part.0.isra.0.str1.4
                0x1000c968       0x1f CMakeFiles/mbot_calibrate_classic_v1.1.0_enc48.dir/lib/pico-sdk/lib/tinyusb/src/portable/raspberrypi/rp2040/rp2040_usb.c.obj
 *fill*         0x1000c987        0x1 
 .rodata.hw_endpoint_xfer_continue.str1.4
                0x1000c988       0x29 CMakeFiles/mbot_calibrate_classic_v1.1.0_enc48.dir/lib/pico-sdk/lib/tinyusb/src/portable/raspberrypi/rp2040/rp2040_usb.c.obj
 *fill*         0x1000c9b1        0x3 
 .rodata.str1.4
                0x1000c9b4        0x7 CMakeFiles/mbot_calibrate_classic_v1.1.0_enc48.dir/lib/pico-sdk/lib/tinyusb/src/portable/raspberrypi/rp2040/rp2040_usb.c.obj
 *fill*         0x1000c9bb        0x1 
 .rodata.tud_task
                0x1000c9bc       0x8c CMakeFiles/mbot_calibrate_classic_v1.1.0_enc48.dir/lib/pico-sdk/lib/tinyusb/src/device/usbd.c.obj
 .rodata._usbd_driver
                0x1000ca48       0x18 CMakeFiles/mbot_calibrate_classic_v1.1.0_enc48.dir/lib/pico-sdk/lib/tinyusb/src/device/usbd.c.obj
 .rodata.pio_claim_unused_sm.str1.4
                0x1000ca60       0x24 CMakeFiles/mbot_calibrate_classic_v1.1.0_enc48.dir/lib/pico-sdk/src/rp2_common/hardware_pio/pio.c.obj
 .rodata.pio_add_program.str1.4
                0x1000ca84       0x11 CMakeFiles/mbot_calibrate_classic_v1.1.0_enc48.dir/lib/pico-sdk/src/rp2_common/hardware_pio/pio.c.obj
 *fill*         0x1000ca95        0x3 
 .rodata.mbot_motor_init_freq.str1.4
                0x1000ca98       0x4d mbot/libmbotlib.a(motor.c.obj)
 *fill*         0x1000cae5        0x3 
 .rodata.mbot_motor_set_duty.str1.4
                0x1000cae8       0x2a mbot/libmbotlib.a(motor.c.obj)
 *fill*         0x1000cb12        0x2 
 .rodata.motor_ph
                0x1000cb14        0x8 mbot/libmbotlib.a(motor.c.obj)
 .rodata.motor_en
                0x1000cb1c        0x8 mbot/libmbotlib.a(motor.c.obj)
 .rodata.mbot_encoder_read_delta.str1.4
                0x1000cb24       0x12 mbot/libmbotlib.a(encoder.c.obj)
 *fill*         0x1000cb36        0x2 
 .rodata.quadrature_encoder_program
                0x1000cb38        0x6 mbot/libmbotlib.a(encoder.c.obj)
 *fill*         0x1000cb3e        0x2 
 .rodata.quadrature_encoder_program_instructions
                0x1000cb40       0x3c mbot/libmbotlib.a(encoder.c.obj)
 .rodata.mbot_init_fram.str1.4
                0x1000cb7c       0x70 mbot/libmbotlib.a(fram.c.obj)
 .rodata._bhy_dump_status.str1.4
                0x1000cbec       0x5e mbot/libmbotlib.a(imu.c.obj)
 *fill*         0x1000cc4a        0x2 
 .rodata.mbot_imu_init.str1.4
                0x1000cc4c       0xae mbot/libmbotlib.a(imu.c.obj)
 *fill*         0x1000ccfa        0x2 
 .rodata.sensor_i2c_write.str1.4
                0x1000ccfc       0x25 mbot/libmbotlib.a(imu.c.obj)
 *fill*         0x1000cd21        0x3 
 .rodata.bhy1_fw
                0x1000cd24     0x5348 mbot/libmbotlib.a(imu.c.obj)
                0x1000cd24                bhy1_fw
 .rodata        0x1001206c       0x3c mbot/libmbotlib.a(imu.c.obj)
 .rodata.bhy_parse_next_fifo_packet
                0x100120a8      0x3fc mbot/libmbotlib.a(bhy_uc_driver.c.obj)
 .rodata.CSWTCH.92
                0x100124a4        0xc mbot/libmbotlib.a(bhy_uc_driver.c.obj)
 .rodata.bhy_initialize_from_rom.str1.4
                0x100124b0       0x15 mbot/libmbotlib.a(bhy.c.obj)
 *fill*         0x100124c5        0x3 
 .rodata        0x100124c8        0x4 /usr/lib/gcc/arm-none-eabi/12.2.1/../../../arm-none-eabi/lib/thumb/v6-m/nofp/libc.a(lib_a-impure.o)
                0x100124c8                _global_impure_ptr
                0x100124cc                        . = ALIGN (0x4)
 *(SORT_BY_ALIGNMENT(SORT_BY_NAME(.flashdata*)))
                0x100124cc                        . = ALIGN (0x4)

.rel.dyn        0x100124cc        0x0
 .rel.iplt      0x100124cc        0x0 /usr/lib/gcc/arm-none-eabi/12.2.1/thumb/v6-m/nofp/crtbegin.o

.ARM.extab
 *(.ARM.extab* .gnu.linkonce.armextab.*)
                0x100124cc                        __exidx_start = .

.ARM.exidx
 *(.ARM.exidx* .gnu.linkonce.armexidx.*)
                0x100124cc                        __exidx_end = .
                0x100124cc                        . = ALIGN (0x4)
                0x100124cc                        __binary_info_start = .

.binary_info    0x100124cc       0x24
 *(.binary_info.keep.*)
 .binary_info.keep.__bi_ptr83
                0x100124cc        0x4 CMakeFiles/mbot_calibrate_classic_v1.1.0_enc48.dir/tests/mbot_calibrate_classic.c.obj
 .binary_info.keep.__bi_ptr81
                0x100124d0        0x4 CMakeFiles/mbot_calibrate_classic_v1.1.0_enc48.dir/lib/pico-sdk/src/rp2_common/pico_standard_link/binary_info.c.obj
 .binary_info.keep.__bi_ptr75
                0x100124d4        0x4 CMakeFiles/mbot_calibrate_classic_v1.1.0_enc48.dir/lib/pico-sdk/src/rp2_common/pico_standard_link/binary_info.c.obj
 .binary_info.keep.__bi_ptr50
                0x100124d8        0x4 CMakeFiles/mbot_calibrate_classic_v1.1.0_enc48.dir/lib/pico-sdk/src/rp2_common/pico_standard_link/binary_info.c.obj
 .binary_info.keep.__bi_ptr44
                0x100124dc        0x4 CMakeFiles/mbot_calibrate_classic_v1.1.0_enc48.dir/lib/pico-sdk/src/rp2_common/pico_standard_link/binary_info.c.obj
 .binary_info.keep.__bi_ptr38
                0x100124e0        0x4 CMakeFiles/mbot_calibrate_classic_v1.1.0_enc48.dir/lib/pico-sdk/src/rp2_common/pico_standard_link/binary_info.c.obj
 .binary_info.keep.__bi_ptr30
                0x100124e4        0x4 CMakeFiles/mbot_calibrate_classic_v1.1.0_enc48.dir/lib/pico-sdk/src/rp2_common/pico_standard_link/binary_info.c.obj
 .binary_info.keep.__bi_ptr22
                0x100124e8        0x4 CMakeFiles/mbot_calibrate_classic_v1.1.0_enc48.dir/lib/pico-sdk/src/rp2_common/pico_standard_link/binary_info.c.obj
 *(.binary_info.*)
 .binary_info.__bi_ptr167
                0x100124ec        0x4 CMakeFiles/mbot_calibrate_classic_v1.1.0_enc48.dir/lib/pico-sdk/src/rp2_common/pico_stdio_usb/stdio_usb.c.obj
                0x100124f0                        __binary_info_end = .
                0x100124f0                        . = ALIGN (0x4)
                0x100124f0                        __etext = .

.ram_vector_table
                0x20000000       0xc0
 *(.ram_vector_table)
 .ram_vector_table
                0x20000000       0xc0 CMakeFiles/mbot_calibrate_classic_v1.1.0_enc48.dir/lib/pico-sdk/src/rp2_common/pico_runtime/runtime.c.obj
                0x20000000                ram_vector_table

.data           0x200000c0      0xd48 load address 0x100124f0
                0x200000c0                        __data_start__ = .
 *(vtable)
 *(.time_critical*)
 .time_critical.mutex_enter_blocking
                0x200000c0       0x48 CMakeFiles/mbot_calibrate_classic_v1.1.0_enc48.dir/lib/pico-sdk/src/common/pico_sync/mutex.c.obj
                0x200000c0                mutex_enter_blocking
 .time_critical.mutex_try_enter
                0x20000108       0x40 CMakeFiles/mbot_calibrate_classic_v1.1.0_enc48.dir/lib/pico-sdk/src/common/pico_sync/mutex.c.obj
                0x20000108                mutex_try_enter
 .time_critical.mutex_enter_timeout_ms
                0x20000148       0xa0 CMakeFiles/mbot_calibrate_classic_v1.1.0_enc48.dir/lib/pico-sdk/src/common/pico_sync/mutex.c.obj
                0x20000148                mutex_enter_timeout_ms
 .time_critical.mutex_exit
                0x200001e8       0x28 CMakeFiles/mbot_calibrate_classic_v1.1.0_enc48.dir/lib/pico-sdk/src/common/pico_sync/mutex.c.obj
                0x200001e8                mutex_exit
 .time_critical.flash_init_boot2_copyout
                0x20000210       0x30 CMakeFiles/mbot_calibrate_classic_v1.1.0_enc48.dir/lib/pico-sdk/src/rp2_common/hardware_flash/flash.c.obj
 .time_critical.flash_enable_xip_via_boot2
                0x20000240        0xc CMakeFiles/mbot_calibrate_classic_v1.1.0_enc48.dir/lib/pico-sdk/src/rp2_common/hardware_flash/flash.c.obj
 .time_critical.flash_cs_force
                0x2000024c       0x38 CMakeFiles/mbot_calibrate_classic_v1.1.0_enc48.dir/lib/pico-sdk/src/rp2_common/hardware_flash/flash.c.obj
 .time_critical.flash_do_cmd
                0x20000284       0xc0 CMakeFiles/mbot_calibrate_classic_v1.1.0_enc48.dir/lib/pico-sdk/src/rp2_common/hardware_flash/flash.c.obj
                0x20000284                flash_do_cmd
 *(.text*)
 .text          0x20000344        0x4 /usr/lib/gcc/arm-none-eabi/12.2.1/thumb/v6-m/nofp/libgcc.a(_dvmd_tls.o)
                0x20000344                __aeabi_ldiv0
                0x20000344                __aeabi_idiv0
 .text          0x20000348       0x74 /usr/lib/gcc/arm-none-eabi/12.2.1/../../../arm-none-eabi/lib/thumb/v6-m/nofp/libc.a(lib_a-memchr-stub.o)
                0x20000348                memchr
 .text          0x200003bc       0xb0 /usr/lib/gcc/arm-none-eabi/12.2.1/../../../arm-none-eabi/lib/thumb/v6-m/nofp/libc.a(lib_a-memmove.o)
                0x200003bc                memmove
 *fill*         0x2000046c        0x4 
 .text.__stub   0x20000470       0x30 linker stubs
                0x200004a0                        . = ALIGN (0x4)
 *(.rodata*)
                0x200004a0                        . = ALIGN (0x4)
 *(.data*)
 .data.striped_spin_lock_num
                0x200004a0        0x1 CMakeFiles/mbot_calibrate_classic_v1.1.0_enc48.dir/lib/pico-sdk/src/rp2_common/hardware_sync/sync.c.obj
 *fill*         0x200004a1        0x3 
 .data          0x200004a4       0x48 CMakeFiles/mbot_calibrate_classic_v1.1.0_enc48.dir/lib/pico-sdk/src/rp2_common/hardware_irq/irq_handler_chain.S.obj
                0x200004a4                irq_handler_chain_slots
                0x200004d4                irq_handler_chain_first_slot
                0x200004de                irq_handler_chain_remove_tail
 .data.default_alarm_pool
                0x200004ec       0x18 CMakeFiles/mbot_calibrate_classic_v1.1.0_enc48.dir/lib/pico-sdk/src/common/pico_time/time.c.obj
 .data.default_alarm_pool_heap
                0x20000504       0x10 CMakeFiles/mbot_calibrate_classic_v1.1.0_enc48.dir/lib/pico-sdk/src/common/pico_time/time.c.obj
 *fill*         0x20000514        0xc 
 .data.aeabi_bits_funcs
                0x20000520       0x10 CMakeFiles/mbot_calibrate_classic_v1.1.0_enc48.dir/lib/pico-sdk/src/rp2_common/pico_bit_ops/bit_ops_aeabi.S.obj
                0x20000520                aeabi_bits_funcs
                0x20000530                aeabi_bits_funcs_end
 .data.aeabi_mem_funcs
                0x20000530       0x10 CMakeFiles/mbot_calibrate_classic_v1.1.0_enc48.dir/lib/pico-sdk/src/rp2_common/pico_mem_ops/mem_ops_aeabi.S.obj
                0x20000530                aeabi_mem_funcs
                0x20000540                aeabi_mem_funcs_end
 .data.stdio_usb
                0x20000540       0x14 CMakeFiles/mbot_calibrate_classic_v1.1.0_enc48.dir/lib/pico-sdk/src/rp2_common/pico_stdio_usb/stdio_usb.c.obj
                0x20000540                stdio_usb
 .data.ep_dir_string
                0x20000554        0x8 CMakeFiles/mbot_calibrate_classic_v1.1.0_enc48.dir/lib/pico-sdk/lib/tinyusb/src/portable/raspberrypi/rp2040/rp2040_usb.c.obj
                0x20000554                ep_dir_string
 .data._usbd_qdef
                0x2000055c       0x24 CMakeFiles/mbot_calibrate_classic_v1.1.0_enc48.dir/lib/pico-sdk/lib/tinyusb/src/device/usbd.c.obj
                0x2000055c                _usbd_qdef
 .data.i2c0_inst
                0x20000580        0x8 CMakeFiles/mbot_calibrate_classic_v1.1.0_enc48.dir/lib/pico-sdk/src/rp2_common/hardware_i2c/i2c.c.obj
                0x20000580                i2c0_inst
 .data._fifoSizes
                0x20000588       0x11 mbot/libmbotlib.a(bhy_uc_driver.c.obj)
                0x20000588                _fifoSizes
 *fill*         0x20000599        0x7 
 .data          0x200005a0      0x430 /usr/lib/gcc/arm-none-eabi/12.2.1/../../../arm-none-eabi/lib/thumb/v6-m/nofp/libc.a(lib_a-impure.o)
                0x200005a0                _impure_ptr
 .data          0x200009d0      0x410 /usr/lib/gcc/arm-none-eabi/12.2.1/../../../arm-none-eabi/lib/thumb/v6-m/nofp/libc.a(lib_a-mallocr.o)
                0x200009d0                __malloc_sbrk_base
                0x200009d4                __malloc_trim_threshold
                0x200009d8                __malloc_av_
                0x20000de0                        . = ALIGN (0x4)
 *(.after_data.*)
                0x20000de0                        . = ALIGN (0x4)
                0x20000de0                        PROVIDE (__mutex_array_start = .)
 *(SORT_BY_NAME(.mutex_array.*))
 *(.mutex_array)
 .mutex_array   0x20000de0        0x8 CMakeFiles/mbot_calibrate_classic_v1.1.0_enc48.dir/lib/pico-sdk/src/rp2_common/pico_malloc/pico_malloc.c.obj
 .mutex_array   0x20000de8        0x8 CMakeFiles/mbot_calibrate_classic_v1.1.0_enc48.dir/lib/pico-sdk/src/rp2_common/pico_stdio/stdio.c.obj
                0x20000df0                        PROVIDE (__mutex_array_end = .)
                0x20000df0                        . = ALIGN (0x4)
                0x20000df0                        PROVIDE (__preinit_array_start = .)
 *(SORT_BY_NAME(.preinit_array.*))
 .preinit_array.00001
                0x20000df0        0x4 CMakeFiles/mbot_calibrate_classic_v1.1.0_enc48.dir/lib/pico-sdk/src/rp2_common/pico_mem_ops/mem_ops_aeabi.S.obj
 .preinit_array.00010
                0x20000df4        0x4 CMakeFiles/mbot_calibrate_classic_v1.1.0_enc48.dir/lib/pico-sdk/src/rp2_common/pico_bit_ops/bit_ops_aeabi.S.obj
 .preinit_array.00020
                0x20000df8        0x4 CMakeFiles/mbot_calibrate_classic_v1.1.0_enc48.dir/lib/pico-sdk/src/rp2_common/pico_double/double_aeabi.S.obj
 .preinit_array.00020
                0x20000dfc        0x4 CMakeFiles/mbot_calibrate_classic_v1.1.0_enc48.dir/lib/pico-sdk/src/rp2_common/pico_float/float_aeabi.S.obj
 *(.preinit_array)
                0x20000e00                        PROVIDE (__preinit_array_end = .)
                0x20000e00                        . = ALIGN (0x4)
                0x20000e00                        PROVIDE (__init_array_start = .)
 *(SORT_BY_NAME(.init_array.*))
 *(.init_array)
 .init_array    0x20000e00        0x4 /usr/lib/gcc/arm-none-eabi/12.2.1/thumb/v6-m/nofp/crtbegin.o
 .init_array    0x20000e04        0x4 CMakeFiles/mbot_calibrate_classic_v1.1.0_enc48.dir/lib/pico-sdk/src/rp2_common/pico_unique_id/unique_id.c.obj
                0x20000e08                        PROVIDE (__init_array_end = .)
                0x20000e08                        . = ALIGN (0x4)
                0x20000e08                        PROVIDE (__fini_array_start = .)
 *(SORT_BY_NAME(.fini_array.*))
 *(.fini_array)
                0x20000e08                        PROVIDE (__fini_array_end = .)
 *(.jcr)
                0x20000e08                        . = ALIGN (0x4)
                0x20000e08                        __data_end__ = .

.tm_clone_table
                0x20000e08        0x0 load address 0x10013238
 .tm_clone_table
                0x20000e08        0x0 /usr/lib/gcc/arm-none-eabi/12.2.1/thumb/v6-m/nofp/crtbegin.o
 .tm_clone_table
                0x20000e08        0x0 /usr/lib/gcc/arm-none-eabi/12.2.1/thumb/v6-m/nofp/crtend.o

.igot.plt       0x20000e08        0x0 load address 0x10013238
 .igot.plt      0x20000e08        0x0 /usr/lib/gcc/arm-none-eabi/12.2.1/thumb/v6-m/nofp/crtbegin.o

.uninitialized_data
                0x20000e08        0x0 load address 0x10013238
                0x20000e08                        . = ALIGN (0x4)
 *(.uninitialized_data*)

.scratch_x      0x20040000        0x0 load address 0x10013238
                0x20040000                        __scratch_x_start__ = .
 *(.scratch_x.*)
                0x20040000                        . = ALIGN (0x4)
                0x20040000                        __scratch_x_end__ = .
                0x10013238                        __scratch_x_source__ = LOADADDR (.scratch_x)

.scratch_y      0x20041000        0x0 load address 0x10013238
                0x20041000                        __scratch_y_start__ = .
 *(.scratch_y.*)
                0x20041000                        . = ALIGN (0x4)
                0x20041000                        __scratch_y_end__ = .
                0x10013238                        __scratch_y_source__ = LOADADDR (.scratch_y)

.bss            0x20000e08     0x1e7c
                0x20000e08                        . = ALIGN (0x4)
                0x20000e08                        __bss_start__ = .
 *(SORT_BY_ALIGNMENT(SORT_BY_NAME(.bss*)))
 .bss.configured_freq
                0x20000e08       0x28 CMakeFiles/mbot_calibrate_classic_v1.1.0_enc48.dir/lib/pico-sdk/src/rp2_common/hardware_clocks/clocks.c.obj
 .bss.default_alarm_pool_entries
                0x20000e30      0x100 CMakeFiles/mbot_calibrate_classic_v1.1.0_enc48.dir/lib/pico-sdk/src/common/pico_time/time.c.obj
 .bss.last_avail_time.1
                0x20000f30        0x8 CMakeFiles/mbot_calibrate_classic_v1.1.0_enc48.dir/lib/pico-sdk/src/rp2_common/pico_stdio_usb/stdio_usb.c.obj
 .bss.sd_table  0x20000f38      0x100 CMakeFiles/mbot_calibrate_classic_v1.1.0_enc48.dir/lib/pico-sdk/src/rp2_common/pico_double/double_init_rom.c.obj
                0x20000f38                sd_table
 .bss.sf_table  0x20001038      0x100 CMakeFiles/mbot_calibrate_classic_v1.1.0_enc48.dir/lib/pico-sdk/src/rp2_common/pico_float/float_init_rom.c.obj
                0x20001038                sf_table
 .bss           0x20001138       0x1c /usr/lib/gcc/arm-none-eabi/12.2.1/thumb/v6-m/nofp/crtbegin.o
 .bss           0x20001154       0x34 /usr/lib/gcc/arm-none-eabi/12.2.1/../../../arm-none-eabi/lib/thumb/v6-m/nofp/libc.a(lib_a-mallocr.o)
                0x20001154                __malloc_top_pad
                0x20001158                __malloc_current_mallinfo
                0x20001180                __malloc_max_sbrked_mem
                0x20001184                __malloc_max_total_mem
 .bss           0x20001188        0x4 /usr/lib/gcc/arm-none-eabi/12.2.1/../../../arm-none-eabi/lib/thumb/v6-m/nofp/libc.a(lib_a-reent.o)
                0x20001188                errno
 .bss._app_driver
                0x2000118c        0x4 CMakeFiles/mbot_calibrate_classic_v1.1.0_enc48.dir/lib/pico-sdk/lib/tinyusb/src/device/usbd.c.obj
 .bss._cdcd_itf
                0x20001190     0x10b0 CMakeFiles/mbot_calibrate_classic_v1.1.0_enc48.dir/lib/pico-sdk/lib/tinyusb/src/class/cdc/cdc_device.c.obj
 .bss._ctrl_xfer
                0x20002240       0x14 CMakeFiles/mbot_calibrate_classic_v1.1.0_enc48.dir/lib/pico-sdk/lib/tinyusb/src/device/usbd_control.c.obj
 .bss._ubsd_mutexdef
                0x20002254        0x8 CMakeFiles/mbot_calibrate_classic_v1.1.0_enc48.dir/lib/pico-sdk/lib/tinyusb/src/device/usbd.c.obj
 .bss._usbd_ctrl_buf
                0x2000225c       0x40 CMakeFiles/mbot_calibrate_classic_v1.1.0_enc48.dir/lib/pico-sdk/lib/tinyusb/src/device/usbd_control.c.obj
 .bss._usbd_dev